<?xml version="1.0" encoding="ISO-8859-1" ?>
<link_info>
   <banner>TI ARM Linker PC v20.2.7.LTS</banner>
   <copyright>Copyright (c) 1996-2018 Texas Instruments Incorporated</copyright>
   <link_time>0x674e71bd</link_time>
   <link_errors>0x0</link_errors>
   <output_file>lab06_2.out</output_file>
   <entry_point>
      <name>_c_int00_noargs</name>
      <address>0x5581</address>
   </entry_point>
   <input_file_list>
      <input_file id="fl-2">
         <path>.\</path>
         <kind>object</kind>
         <file>Simple-CyBot-echo.obj</file>
         <name>Simple-CyBot-echo.obj</name>
      </input_file>
      <input_file id="fl-3">
         <path>.\</path>
         <kind>object</kind>
         <file>Timer.obj</file>
         <name>Timer.obj</name>
      </input_file>
      <input_file id="fl-4">
         <path>.\</path>
         <kind>object</kind>
         <file>adc.obj</file>
         <name>adc.obj</name>
      </input_file>
      <input_file id="fl-5">
         <path>.\</path>
         <kind>object</kind>
         <file>backup_main.obj</file>
         <name>backup_main.obj</name>
      </input_file>
      <input_file id="fl-6">
         <path>.\</path>
         <kind>object</kind>
         <file>button.obj</file>
         <name>button.obj</name>
      </input_file>
      <input_file id="fl-7">
         <path>.\</path>
         <kind>object</kind>
         <file>lcd.obj</file>
         <name>lcd.obj</name>
      </input_file>
      <input_file id="fl-8">
         <path>.\</path>
         <kind>object</kind>
         <file>main.obj</file>
         <name>main.obj</name>
      </input_file>
      <input_file id="fl-9">
         <path>.\</path>
         <kind>object</kind>
         <file>movement.obj</file>
         <name>movement.obj</name>
      </input_file>
      <input_file id="fl-a">
         <path>.\</path>
         <kind>object</kind>
         <file>newMain.obj</file>
         <name>newMain.obj</name>
      </input_file>
      <input_file id="fl-b">
         <path>.\</path>
         <kind>object</kind>
         <file>open_interface.obj</file>
         <name>open_interface.obj</name>
      </input_file>
      <input_file id="fl-c">
         <path>.\</path>
         <kind>object</kind>
         <file>ping.obj</file>
         <name>ping.obj</name>
      </input_file>
      <input_file id="fl-d">
         <path>.\</path>
         <kind>object</kind>
         <file>servo.obj</file>
         <name>servo.obj</name>
      </input_file>
      <input_file id="fl-e">
         <path>.\</path>
         <kind>object</kind>
         <file>tm4c123gh6pm_startup_ccs.obj</file>
         <name>tm4c123gh6pm_startup_ccs.obj</name>
      </input_file>
      <input_file id="fl-f">
         <path>.\</path>
         <kind>object</kind>
         <file>uart.obj</file>
         <name>uart.obj</name>
      </input_file>
      <input_file id="fl-15">
         <kind>object</kind>
         <file>&lt;internal&gt;</file>
         <name>&lt;internal&gt;</name>
      </input_file>
      <input_file id="fl-cb">
         <path>C:\ti\ccs1271\ccs\tools\compiler\ti-cgt-arm_20.2.7.LTS\lib\</path>
         <kind>archive</kind>
         <file>rtsv7M4_T_le_v4SPD16_eabi.lib</file>
         <name>printf.c.obj</name>
      </input_file>
      <input_file id="fl-cc">
         <path>C:\ti\ccs1271\ccs\tools\compiler\ti-cgt-arm_20.2.7.LTS\lib\</path>
         <kind>archive</kind>
         <file>rtsv7M4_T_le_v4SPD16_eabi.lib</file>
         <name>_printfi.c.obj</name>
      </input_file>
      <input_file id="fl-cd">
         <path>C:\ti\ccs1271\ccs\tools\compiler\ti-cgt-arm_20.2.7.LTS\lib\</path>
         <kind>archive</kind>
         <file>rtsv7M4_T_le_v4SPD16_eabi.lib</file>
         <name>sprintf.c.obj</name>
      </input_file>
      <input_file id="fl-ce">
         <path>C:\ti\ccs1271\ccs\tools\compiler\ti-cgt-arm_20.2.7.LTS\lib\</path>
         <kind>archive</kind>
         <file>rtsv7M4_T_le_v4SPD16_eabi.lib</file>
         <name>vsnprintf.c.obj</name>
      </input_file>
      <input_file id="fl-cf">
         <path>C:\ti\ccs1271\ccs\tools\compiler\ti-cgt-arm_20.2.7.LTS\lib\</path>
         <kind>archive</kind>
         <file>rtsv7M4_T_le_v4SPD16_eabi.lib</file>
         <name>fputc.c.obj</name>
      </input_file>
      <input_file id="fl-d0">
         <path>C:\ti\ccs1271\ccs\tools\compiler\ti-cgt-arm_20.2.7.LTS\lib\</path>
         <kind>archive</kind>
         <file>rtsv7M4_T_le_v4SPD16_eabi.lib</file>
         <name>fputs.c.obj</name>
      </input_file>
      <input_file id="fl-d1">
         <path>C:\ti\ccs1271\ccs\tools\compiler\ti-cgt-arm_20.2.7.LTS\lib\</path>
         <kind>archive</kind>
         <file>rtsv7M4_T_le_v4SPD16_eabi.lib</file>
         <name>_io_perm.c.obj</name>
      </input_file>
      <input_file id="fl-d2">
         <path>C:\ti\ccs1271\ccs\tools\compiler\ti-cgt-arm_20.2.7.LTS\lib\</path>
         <kind>archive</kind>
         <file>rtsv7M4_T_le_v4SPD16_eabi.lib</file>
         <name>setvbuf.c.obj</name>
      </input_file>
      <input_file id="fl-d3">
         <path>C:\ti\ccs1271\ccs\tools\compiler\ti-cgt-arm_20.2.7.LTS\lib\</path>
         <kind>archive</kind>
         <file>rtsv7M4_T_le_v4SPD16_eabi.lib</file>
         <name>fd_add_t2.asm.obj</name>
      </input_file>
      <input_file id="fl-d4">
         <path>C:\ti\ccs1271\ccs\tools\compiler\ti-cgt-arm_20.2.7.LTS\lib\</path>
         <kind>archive</kind>
         <file>rtsv7M4_T_le_v4SPD16_eabi.lib</file>
         <name>fd_cmp_t2.asm.obj</name>
      </input_file>
      <input_file id="fl-d5">
         <path>C:\ti\ccs1271\ccs\tools\compiler\ti-cgt-arm_20.2.7.LTS\lib\</path>
         <kind>archive</kind>
         <file>rtsv7M4_T_le_v4SPD16_eabi.lib</file>
         <name>fd_div_t2.asm.obj</name>
      </input_file>
      <input_file id="fl-d6">
         <path>C:\ti\ccs1271\ccs\tools\compiler\ti-cgt-arm_20.2.7.LTS\lib\</path>
         <kind>archive</kind>
         <file>rtsv7M4_T_le_v4SPD16_eabi.lib</file>
         <name>fd_mul_t2.asm.obj</name>
      </input_file>
      <input_file id="fl-d7">
         <path>C:\ti\ccs1271\ccs\tools\compiler\ti-cgt-arm_20.2.7.LTS\lib\</path>
         <kind>archive</kind>
         <file>rtsv7M4_T_le_v4SPD16_eabi.lib</file>
         <name>fd_toi_t2.asm.obj</name>
      </input_file>
      <input_file id="fl-d8">
         <path>C:\ti\ccs1271\ccs\tools\compiler\ti-cgt-arm_20.2.7.LTS\lib\</path>
         <kind>archive</kind>
         <file>rtsv7M4_T_le_v4SPD16_eabi.lib</file>
         <name>fd_tos_t2.asm.obj</name>
      </input_file>
      <input_file id="fl-d9">
         <path>C:\ti\ccs1271\ccs\tools\compiler\ti-cgt-arm_20.2.7.LTS\lib\</path>
         <kind>archive</kind>
         <file>rtsv7M4_T_le_v4SPD16_eabi.lib</file>
         <name>fd_tou_t2.asm.obj</name>
      </input_file>
      <input_file id="fl-da">
         <path>C:\ti\ccs1271\ccs\tools\compiler\ti-cgt-arm_20.2.7.LTS\lib\</path>
         <kind>archive</kind>
         <file>rtsv7M4_T_le_v4SPD16_eabi.lib</file>
         <name>fs_tod_t2.asm.obj</name>
      </input_file>
      <input_file id="fl-db">
         <path>C:\ti\ccs1271\ccs\tools\compiler\ti-cgt-arm_20.2.7.LTS\lib\</path>
         <kind>archive</kind>
         <file>rtsv7M4_T_le_v4SPD16_eabi.lib</file>
         <name>i_tofd_t2.asm.obj</name>
      </input_file>
      <input_file id="fl-dc">
         <path>C:\ti\ccs1271\ccs\tools\compiler\ti-cgt-arm_20.2.7.LTS\lib\</path>
         <kind>archive</kind>
         <file>rtsv7M4_T_le_v4SPD16_eabi.lib</file>
         <name>memcpy_t2.asm.obj</name>
      </input_file>
      <input_file id="fl-dd">
         <path>C:\ti\ccs1271\ccs\tools\compiler\ti-cgt-arm_20.2.7.LTS\lib\</path>
         <kind>archive</kind>
         <file>rtsv7M4_T_le_v4SPD16_eabi.lib</file>
         <name>u_tofd_t2.asm.obj</name>
      </input_file>
      <input_file id="fl-de">
         <path>C:\ti\ccs1271\ccs\tools\compiler\ti-cgt-arm_20.2.7.LTS\lib\</path>
         <kind>archive</kind>
         <file>rtsv7M4_T_le_v4SPD16_eabi.lib</file>
         <name>memset_t2.asm.obj</name>
      </input_file>
      <input_file id="fl-df">
         <path>C:\ti\ccs1271\ccs\tools\compiler\ti-cgt-arm_20.2.7.LTS\lib\</path>
         <kind>archive</kind>
         <file>rtsv7M4_T_le_v4SPD16_eabi.lib</file>
         <name>ull_div_t2.asm.obj</name>
      </input_file>
      <input_file id="fl-e0">
         <path>C:\ti\ccs1271\ccs\tools\compiler\ti-cgt-arm_20.2.7.LTS\lib\</path>
         <kind>archive</kind>
         <file>rtsv7M4_T_le_v4SPD16_eabi.lib</file>
         <name>copy_zero_init.c.obj</name>
      </input_file>
      <input_file id="fl-e1">
         <path>C:\ti\ccs1271\ccs\tools\compiler\ti-cgt-arm_20.2.7.LTS\lib\</path>
         <kind>archive</kind>
         <file>rtsv7M4_T_le_v4SPD16_eabi.lib</file>
         <name>copy_decompress_none.c.obj</name>
      </input_file>
      <input_file id="fl-e2">
         <path>C:\ti\ccs1271\ccs\tools\compiler\ti-cgt-arm_20.2.7.LTS\lib\</path>
         <kind>archive</kind>
         <file>rtsv7M4_T_le_v4SPD16_eabi.lib</file>
         <name>copy_decompress_lzss.c.obj</name>
      </input_file>
      <input_file id="fl-e3">
         <path>C:\ti\ccs1271\ccs\tools\compiler\ti-cgt-arm_20.2.7.LTS\lib\</path>
         <kind>archive</kind>
         <file>rtsv7M4_T_le_v4SPD16_eabi.lib</file>
         <name>exit.c.obj</name>
      </input_file>
      <input_file id="fl-e4">
         <path>C:\ti\ccs1271\ccs\tools\compiler\ti-cgt-arm_20.2.7.LTS\lib\</path>
         <kind>archive</kind>
         <file>rtsv7M4_T_le_v4SPD16_eabi.lib</file>
         <name>_lock.c.obj</name>
      </input_file>
      <input_file id="fl-e5">
         <path>C:\ti\ccs1271\ccs\tools\compiler\ti-cgt-arm_20.2.7.LTS\lib\</path>
         <kind>archive</kind>
         <file>rtsv7M4_T_le_v4SPD16_eabi.lib</file>
         <name>_ltoa.c.obj</name>
      </input_file>
      <input_file id="fl-e6">
         <path>C:\ti\ccs1271\ccs\tools\compiler\ti-cgt-arm_20.2.7.LTS\lib\</path>
         <kind>archive</kind>
         <file>rtsv7M4_T_le_v4SPD16_eabi.lib</file>
         <name>atoi.c.obj</name>
      </input_file>
      <input_file id="fl-e7">
         <path>C:\ti\ccs1271\ccs\tools\compiler\ti-cgt-arm_20.2.7.LTS\lib\</path>
         <kind>archive</kind>
         <file>rtsv7M4_T_le_v4SPD16_eabi.lib</file>
         <name>ctype.c.obj</name>
      </input_file>
      <input_file id="fl-e8">
         <path>C:\ti\ccs1271\ccs\tools\compiler\ti-cgt-arm_20.2.7.LTS\lib\</path>
         <kind>archive</kind>
         <file>rtsv7M4_T_le_v4SPD16_eabi.lib</file>
         <name>defs.c.obj</name>
      </input_file>
      <input_file id="fl-e9">
         <path>C:\ti\ccs1271\ccs\tools\compiler\ti-cgt-arm_20.2.7.LTS\lib\</path>
         <kind>archive</kind>
         <file>rtsv7M4_T_le_v4SPD16_eabi.lib</file>
         <name>memccpy.c.obj</name>
      </input_file>
      <input_file id="fl-ea">
         <path>C:\ti\ccs1271\ccs\tools\compiler\ti-cgt-arm_20.2.7.LTS\lib\</path>
         <kind>archive</kind>
         <file>rtsv7M4_T_le_v4SPD16_eabi.lib</file>
         <name>memchr.c.obj</name>
      </input_file>
      <input_file id="fl-eb">
         <path>C:\ti\ccs1271\ccs\tools\compiler\ti-cgt-arm_20.2.7.LTS\lib\</path>
         <kind>archive</kind>
         <file>rtsv7M4_T_le_v4SPD16_eabi.lib</file>
         <name>memory.c.obj</name>
      </input_file>
      <input_file id="fl-ec">
         <path>C:\ti\ccs1271\ccs\tools\compiler\ti-cgt-arm_20.2.7.LTS\lib\</path>
         <kind>archive</kind>
         <file>rtsv7M4_T_le_v4SPD16_eabi.lib</file>
         <name>strchr.c.obj</name>
      </input_file>
      <input_file id="fl-ed">
         <path>C:\ti\ccs1271\ccs\tools\compiler\ti-cgt-arm_20.2.7.LTS\lib\</path>
         <kind>archive</kind>
         <file>rtsv7M4_T_le_v4SPD16_eabi.lib</file>
         <name>strcmp.c.obj</name>
      </input_file>
      <input_file id="fl-ee">
         <path>C:\ti\ccs1271\ccs\tools\compiler\ti-cgt-arm_20.2.7.LTS\lib\</path>
         <kind>archive</kind>
         <file>rtsv7M4_T_le_v4SPD16_eabi.lib</file>
         <name>strcpy.c.obj</name>
      </input_file>
      <input_file id="fl-ef">
         <path>C:\ti\ccs1271\ccs\tools\compiler\ti-cgt-arm_20.2.7.LTS\lib\</path>
         <kind>archive</kind>
         <file>rtsv7M4_T_le_v4SPD16_eabi.lib</file>
         <name>strlen.c.obj</name>
      </input_file>
      <input_file id="fl-f0">
         <path>C:\ti\ccs1271\ccs\tools\compiler\ti-cgt-arm_20.2.7.LTS\lib\</path>
         <kind>archive</kind>
         <file>rtsv7M4_T_le_v4SPD16_eabi.lib</file>
         <name>boot_cortex_m.c.obj</name>
      </input_file>
      <input_file id="fl-f1">
         <path>C:\ti\ccs1271\ccs\tools\compiler\ti-cgt-arm_20.2.7.LTS\lib\</path>
         <kind>archive</kind>
         <file>rtsv7M4_T_le_v4SPD16_eabi.lib</file>
         <name>write.c.obj</name>
      </input_file>
      <input_file id="fl-f2">
         <path>C:\ti\ccs1271\ccs\tools\compiler\ti-cgt-arm_20.2.7.LTS\lib\</path>
         <kind>archive</kind>
         <file>rtsv7M4_T_le_v4SPD16_eabi.lib</file>
         <name>host_device.c.obj</name>
      </input_file>
      <input_file id="fl-f3">
         <path>C:\ti\ccs1271\ccs\tools\compiler\ti-cgt-arm_20.2.7.LTS\lib\</path>
         <kind>archive</kind>
         <file>rtsv7M4_T_le_v4SPD16_eabi.lib</file>
         <name>errno.c.obj</name>
      </input_file>
      <input_file id="fl-f4">
         <path>C:\ti\ccs1271\ccs\tools\compiler\ti-cgt-arm_20.2.7.LTS\lib\</path>
         <kind>archive</kind>
         <file>rtsv7M4_T_le_v4SPD16_eabi.lib</file>
         <name>wcslen.c.obj</name>
      </input_file>
      <input_file id="fl-f5">
         <path>C:\ti\ccs1271\ccs\tools\compiler\ti-cgt-arm_20.2.7.LTS\lib\</path>
         <kind>archive</kind>
         <file>rtsv7M4_T_le_v4SPD16_eabi.lib</file>
         <name>s_frexp.c.obj</name>
      </input_file>
      <input_file id="fl-f6">
         <path>C:\ti\ccs1271\ccs\tools\compiler\ti-cgt-arm_20.2.7.LTS\lib\</path>
         <kind>archive</kind>
         <file>rtsv7M4_T_le_v4SPD16_eabi.lib</file>
         <name>s_scalbn.c.obj</name>
      </input_file>
      <input_file id="fl-f7">
         <path>C:\ti\ccs1271\ccs\tools\compiler\ti-cgt-arm_20.2.7.LTS\lib\</path>
         <kind>archive</kind>
         <file>rtsv7M4_T_le_v4SPD16_eabi.lib</file>
         <name>fflush.c.obj</name>
      </input_file>
      <input_file id="fl-f8">
         <path>C:\ti\ccs1271\ccs\tools\compiler\ti-cgt-arm_20.2.7.LTS\lib\</path>
         <kind>archive</kind>
         <file>rtsv7M4_T_le_v4SPD16_eabi.lib</file>
         <name>fopen.c.obj</name>
      </input_file>
      <input_file id="fl-f9">
         <path>C:\ti\ccs1271\ccs\tools\compiler\ti-cgt-arm_20.2.7.LTS\lib\</path>
         <kind>archive</kind>
         <file>rtsv7M4_T_le_v4SPD16_eabi.lib</file>
         <name>fseek.c.obj</name>
      </input_file>
      <input_file id="fl-fa">
         <path>C:\ti\ccs1271\ccs\tools\compiler\ti-cgt-arm_20.2.7.LTS\lib\</path>
         <kind>archive</kind>
         <file>rtsv7M4_T_le_v4SPD16_eabi.lib</file>
         <name>div0.asm.obj</name>
      </input_file>
      <input_file id="fl-fb">
         <path>C:\ti\ccs1271\ccs\tools\compiler\ti-cgt-arm_20.2.7.LTS\lib\</path>
         <kind>archive</kind>
         <file>rtsv7M4_T_le_v4SPD16_eabi.lib</file>
         <name>autoinit.c.obj</name>
      </input_file>
      <input_file id="fl-fc">
         <path>C:\ti\ccs1271\ccs\tools\compiler\ti-cgt-arm_20.2.7.LTS\lib\</path>
         <kind>archive</kind>
         <file>rtsv7M4_T_le_v4SPD16_eabi.lib</file>
         <name>pre_init.c.obj</name>
      </input_file>
      <input_file id="fl-fd">
         <path>C:\ti\ccs1271\ccs\tools\compiler\ti-cgt-arm_20.2.7.LTS\lib\</path>
         <kind>archive</kind>
         <file>rtsv7M4_T_le_v4SPD16_eabi.lib</file>
         <name>cpy_tbl.c.obj</name>
      </input_file>
      <input_file id="fl-fe">
         <path>C:\ti\ccs1271\ccs\tools\compiler\ti-cgt-arm_20.2.7.LTS\lib\</path>
         <kind>archive</kind>
         <file>rtsv7M4_T_le_v4SPD16_eabi.lib</file>
         <name>args_main.c.obj</name>
      </input_file>
      <input_file id="fl-ff">
         <path>C:\ti\ccs1271\ccs\tools\compiler\ti-cgt-arm_20.2.7.LTS\lib\</path>
         <kind>archive</kind>
         <file>rtsv7M4_T_le_v4SPD16_eabi.lib</file>
         <name>hostclose.c.obj</name>
      </input_file>
      <input_file id="fl-100">
         <path>C:\ti\ccs1271\ccs\tools\compiler\ti-cgt-arm_20.2.7.LTS\lib\</path>
         <kind>archive</kind>
         <file>rtsv7M4_T_le_v4SPD16_eabi.lib</file>
         <name>hostlseek.c.obj</name>
      </input_file>
      <input_file id="fl-101">
         <path>C:\ti\ccs1271\ccs\tools\compiler\ti-cgt-arm_20.2.7.LTS\lib\</path>
         <kind>archive</kind>
         <file>rtsv7M4_T_le_v4SPD16_eabi.lib</file>
         <name>hostopen.c.obj</name>
      </input_file>
      <input_file id="fl-102">
         <path>C:\ti\ccs1271\ccs\tools\compiler\ti-cgt-arm_20.2.7.LTS\lib\</path>
         <kind>archive</kind>
         <file>rtsv7M4_T_le_v4SPD16_eabi.lib</file>
         <name>hostread.c.obj</name>
      </input_file>
      <input_file id="fl-103">
         <path>C:\ti\ccs1271\ccs\tools\compiler\ti-cgt-arm_20.2.7.LTS\lib\</path>
         <kind>archive</kind>
         <file>rtsv7M4_T_le_v4SPD16_eabi.lib</file>
         <name>hostrename.c.obj</name>
      </input_file>
      <input_file id="fl-104">
         <path>C:\ti\ccs1271\ccs\tools\compiler\ti-cgt-arm_20.2.7.LTS\lib\</path>
         <kind>archive</kind>
         <file>rtsv7M4_T_le_v4SPD16_eabi.lib</file>
         <name>hostunlink.c.obj</name>
      </input_file>
      <input_file id="fl-105">
         <path>C:\ti\ccs1271\ccs\tools\compiler\ti-cgt-arm_20.2.7.LTS\lib\</path>
         <kind>archive</kind>
         <file>rtsv7M4_T_le_v4SPD16_eabi.lib</file>
         <name>hostwrite.c.obj</name>
      </input_file>
      <input_file id="fl-106">
         <path>C:\ti\ccs1271\ccs\tools\compiler\ti-cgt-arm_20.2.7.LTS\lib\</path>
         <kind>archive</kind>
         <file>rtsv7M4_T_le_v4SPD16_eabi.lib</file>
         <name>trgmsg.c.obj</name>
      </input_file>
      <input_file id="fl-107">
         <path>C:\ti\ccs1271\ccs\tools\compiler\ti-cgt-arm_20.2.7.LTS\lib\</path>
         <kind>archive</kind>
         <file>rtsv7M4_T_le_v4SPD16_eabi.lib</file>
         <name>open.c.obj</name>
      </input_file>
      <input_file id="fl-108">
         <path>C:\ti\ccs1271\ccs\tools\compiler\ti-cgt-arm_20.2.7.LTS\lib\</path>
         <kind>archive</kind>
         <file>rtsv7M4_T_le_v4SPD16_eabi.lib</file>
         <name>lseek.c.obj</name>
      </input_file>
      <input_file id="fl-109">
         <path>C:\ti\ccs1271\ccs\tools\compiler\ti-cgt-arm_20.2.7.LTS\lib\</path>
         <kind>archive</kind>
         <file>rtsv7M4_T_le_v4SPD16_eabi.lib</file>
         <name>s_copysign.c.obj</name>
      </input_file>
      <input_file id="fl-10a">
         <path>C:\ti\ccs1271\ccs\tools\compiler\ti-cgt-arm_20.2.7.LTS\lib\</path>
         <kind>archive</kind>
         <file>rtsv7M4_T_le_v4SPD16_eabi.lib</file>
         <name>fclose.c.obj</name>
      </input_file>
      <input_file id="fl-10b">
         <path>C:\ti\ccs1271\ccs\tools\compiler\ti-cgt-arm_20.2.7.LTS\lib\</path>
         <kind>archive</kind>
         <file>rtsv7M4_T_le_v4SPD16_eabi.lib</file>
         <name>getdevice.c.obj</name>
      </input_file>
      <input_file id="fl-10c">
         <path>C:\ti\ccs1271\ccs\tools\compiler\ti-cgt-arm_20.2.7.LTS\lib\</path>
         <kind>archive</kind>
         <file>rtsv7M4_T_le_v4SPD16_eabi.lib</file>
         <name>strncpy.c.obj</name>
      </input_file>
      <input_file id="fl-10d">
         <path>C:\ti\ccs1271\ccs\tools\compiler\ti-cgt-arm_20.2.7.LTS\lib\</path>
         <kind>archive</kind>
         <file>rtsv7M4_T_le_v4SPD16_eabi.lib</file>
         <name>remove.c.obj</name>
      </input_file>
      <input_file id="fl-10e">
         <path>C:\ti\ccs1271\ccs\tools\compiler\ti-cgt-arm_20.2.7.LTS\lib\</path>
         <kind>archive</kind>
         <file>rtsv7M4_T_le_v4SPD16_eabi.lib</file>
         <name>close.c.obj</name>
      </input_file>
      <input_file id="fl-10f">
         <path>C:\ti\ccs1271\ccs\tools\compiler\ti-cgt-arm_20.2.7.LTS\lib\</path>
         <kind>archive</kind>
         <file>rtsv7M4_T_le_v4SPD16_eabi.lib</file>
         <name>unlink.c.obj</name>
      </input_file>
      <input_file id="fl-110">
         <path>C:\ti\TivaWare_C_Series-2.2.0.295\driverlib\ccs\Debug\</path>
         <kind>archive</kind>
         <file>driverlib.lib</file>
         <name>interrupt.obj</name>
      </input_file>
      <input_file id="fl-111">
         <path>C:\ti\TivaWare_C_Series-2.2.0.295\driverlib\ccs\Debug\</path>
         <kind>archive</kind>
         <file>driverlib.lib</file>
         <name>cpu.obj</name>
      </input_file>
   </input_file_list>
   <object_component_list>
      <object_component id="oc-12">
         <name>.intvecs</name>
         <load_address>0x0</load_address>
         <run_address>0x0</run_address>
         <size>0x26c</size>
         <input_file_ref idref="fl-e"/>
      </object_component>
      <object_component id="oc-100">
         <name>.text</name>
         <load_address>0x26c</load_address>
         <run_address>0x26c</run_address>
         <size>0xc20</size>
         <input_file_ref idref="fl-b"/>
      </object_component>
      <object_component id="oc-256">
         <name>.text:__TI_printfi</name>
         <load_address>0xe8c</load_address>
         <run_address>0xe8c</run_address>
         <size>0xa4e</size>
         <input_file_ref idref="fl-cc"/>
      </object_component>
      <object_component id="oc-2fc">
         <name>.text:_nop</name>
         <load_address>0x18da</load_address>
         <run_address>0x18da</run_address>
         <size>0x2</size>
         <input_file_ref idref="fl-e4"/>
      </object_component>
      <object_component id="oc-a2">
         <name>.text</name>
         <load_address>0x18dc</load_address>
         <run_address>0x18dc</run_address>
         <size>0x73c</size>
         <input_file_ref idref="fl-a"/>
      </object_component>
      <object_component id="oc-e2">
         <name>.text</name>
         <load_address>0x2018</load_address>
         <run_address>0x2018</run_address>
         <size>0x614</size>
         <input_file_ref idref="fl-4"/>
      </object_component>
      <object_component id="oc-f4">
         <name>.text</name>
         <load_address>0x262c</load_address>
         <run_address>0x262c</run_address>
         <size>0x328</size>
         <input_file_ref idref="fl-7"/>
      </object_component>
      <object_component id="oc-106">
         <name>.text</name>
         <load_address>0x2954</load_address>
         <run_address>0x2954</run_address>
         <size>0x2f4</size>
         <input_file_ref idref="fl-9"/>
      </object_component>
      <object_component id="oc-fa">
         <name>.text</name>
         <load_address>0x2c48</load_address>
         <run_address>0x2c48</run_address>
         <size>0x288</size>
         <input_file_ref idref="fl-d"/>
      </object_component>
      <object_component id="oc-ee">
         <name>.text</name>
         <load_address>0x2ed0</load_address>
         <run_address>0x2ed0</run_address>
         <size>0x274</size>
         <input_file_ref idref="fl-c"/>
      </object_component>
      <object_component id="oc-32a">
         <name>.text:_pconv_a</name>
         <load_address>0x3144</load_address>
         <run_address>0x3144</run_address>
         <size>0x270</size>
         <input_file_ref idref="fl-cc"/>
      </object_component>
      <object_component id="oc-d6">
         <name>.text</name>
         <load_address>0x33b4</load_address>
         <run_address>0x33b4</run_address>
         <size>0x248</size>
         <input_file_ref idref="fl-3"/>
      </object_component>
      <object_component id="oc-318">
         <name>.text:_pconv_g</name>
         <load_address>0x35fc</load_address>
         <run_address>0x35fc</run_address>
         <size>0x1d0</size>
         <input_file_ref idref="fl-cc"/>
      </object_component>
      <object_component id="oc-200">
         <name>.text</name>
         <load_address>0x37cc</load_address>
         <run_address>0x37cc</run_address>
         <size>0x1b6</size>
         <input_file_ref idref="fl-d3"/>
      </object_component>
      <object_component id="oc-434">
         <name>.text</name>
         <load_address>0x3982</load_address>
         <run_address>0x3982</run_address>
         <size>0x2</size>
         <input_file_ref idref="fl-fa"/>
      </object_component>
      <object_component id="oc-dc">
         <name>.text</name>
         <load_address>0x3984</load_address>
         <run_address>0x3984</run_address>
         <size>0x184</size>
         <input_file_ref idref="fl-f"/>
      </object_component>
      <object_component id="oc-e8">
         <name>.text</name>
         <load_address>0x3b08</load_address>
         <run_address>0x3b08</run_address>
         <size>0x158</size>
         <input_file_ref idref="fl-6"/>
      </object_component>
      <object_component id="oc-324">
         <name>.text:_pconv_e</name>
         <load_address>0x3c60</load_address>
         <run_address>0x3c60</run_address>
         <size>0x13c</size>
         <input_file_ref idref="fl-cc"/>
      </object_component>
      <object_component id="oc-1f6">
         <name>.text</name>
         <load_address>0x3d9c</load_address>
         <run_address>0x3d9c</run_address>
         <size>0x136</size>
         <input_file_ref idref="fl-d5"/>
      </object_component>
      <object_component id="oc-3c7">
         <name>.text:fcvt</name>
         <load_address>0x3ed4</load_address>
         <run_address>0x3ed4</run_address>
         <size>0x124</size>
         <input_file_ref idref="fl-cc"/>
      </object_component>
      <object_component id="oc-352">
         <name>.text:fputs</name>
         <load_address>0x3ff8</load_address>
         <run_address>0x3ff8</run_address>
         <size>0x114</size>
         <input_file_ref idref="fl-d0"/>
      </object_component>
      <object_component id="oc-3db">
         <name>.text:scalbn</name>
         <load_address>0x410c</load_address>
         <run_address>0x410c</run_address>
         <size>0x110</size>
         <input_file_ref idref="fl-f6"/>
      </object_component>
      <object_component id="oc-2f0">
         <name>.text:aligned_alloc</name>
         <load_address>0x421c</load_address>
         <run_address>0x421c</run_address>
         <size>0x100</size>
         <input_file_ref idref="fl-eb"/>
      </object_component>
      <object_component id="oc-1f1">
         <name>.text</name>
         <load_address>0x431c</load_address>
         <run_address>0x431c</run_address>
         <size>0xfc</size>
         <input_file_ref idref="fl-d6"/>
      </object_component>
      <object_component id="oc-126">
         <name>.text:free</name>
         <load_address>0x4418</load_address>
         <run_address>0x4418</run_address>
         <size>0xe4</size>
         <input_file_ref idref="fl-eb"/>
      </object_component>
      <object_component id="oc-469">
         <name>.text:setvbuf</name>
         <load_address>0x44fc</load_address>
         <run_address>0x44fc</run_address>
         <size>0xdc</size>
         <input_file_ref idref="fl-d2"/>
      </object_component>
      <object_component id="oc-312">
         <name>.text:_ltostr</name>
         <load_address>0x45d8</load_address>
         <run_address>0x45d8</run_address>
         <size>0xb1</size>
         <input_file_ref idref="fl-cc"/>
      </object_component>
      <object_component id="oc-3e">
         <name>.text</name>
         <load_address>0x468a</load_address>
         <run_address>0x468a</run_address>
         <size>0x9c</size>
         <input_file_ref idref="fl-dc"/>
      </object_component>
      <object_component id="oc-3ae">
         <name>.text</name>
         <load_address>0x4726</load_address>
         <run_address>0x4726</run_address>
         <size>0x96</size>
         <input_file_ref idref="fl-df"/>
      </object_component>
      <object_component id="oc-359">
         <name>.text:fputc</name>
         <load_address>0x47bc</load_address>
         <run_address>0x47bc</run_address>
         <size>0x8c</size>
         <input_file_ref idref="fl-cf"/>
      </object_component>
      <object_component id="oc-210">
         <name>.text:__aeabi_cdcmple</name>
         <load_address>0x4848</load_address>
         <run_address>0x4848</run_address>
         <size>0x86</size>
         <input_file_ref idref="fl-d4"/>
      </object_component>
      <object_component id="oc-135">
         <name>.text:__aeabi_cdrcmple</name>
         <load_address>0x48ce</load_address>
         <run_address>0x48ce</run_address>
         <size>0x86</size>
         <input_file_ref idref="fl-d4"/>
      </object_component>
      <object_component id="oc-96">
         <name>.text</name>
         <load_address>0x4954</load_address>
         <run_address>0x4954</run_address>
         <size>0x7a</size>
         <input_file_ref idref="fl-de"/>
      </object_component>
      <object_component id="oc-4c0">
         <name>.text:__TI_closefile</name>
         <load_address>0x49d0</load_address>
         <run_address>0x49d0</run_address>
         <size>0x74</size>
         <input_file_ref idref="fl-10a"/>
      </object_component>
      <object_component id="oc-39b">
         <name>.text:split</name>
         <load_address>0x4a44</load_address>
         <run_address>0x4a44</run_address>
         <size>0x70</size>
         <input_file_ref idref="fl-eb"/>
      </object_component>
      <object_component id="oc-3c0">
         <name>.text:_mcpy</name>
         <load_address>0x4ab4</load_address>
         <run_address>0x4ab4</run_address>
         <size>0x6e</size>
         <input_file_ref idref="fl-cc"/>
      </object_component>
      <object_component id="oc-11b">
         <name>.text</name>
         <load_address>0x4b22</load_address>
         <run_address>0x4b22</run_address>
         <size>0x6e</size>
         <input_file_ref idref="fl-d8"/>
      </object_component>
      <object_component id="oc-4f0">
         <name>.text:HOSTrename</name>
         <load_address>0x4b90</load_address>
         <run_address>0x4b90</run_address>
         <size>0x6c</size>
         <input_file_ref idref="fl-103"/>
      </object_component>
      <object_component id="oc-4e4">
         <name>.text:HOSTlseek</name>
         <load_address>0x4bfc</load_address>
         <run_address>0x4bfc</run_address>
         <size>0x68</size>
         <input_file_ref idref="fl-100"/>
      </object_component>
      <object_component id="oc-15">
         <name>.text:decompress:lzss:__TI_decompress_lzss</name>
         <load_address>0x4c64</load_address>
         <run_address>0x4c64</run_address>
         <size>0x68</size>
         <input_file_ref idref="fl-e2"/>
      </object_component>
      <object_component id="oc-140">
         <name>.text:printf</name>
         <load_address>0x4ccc</load_address>
         <run_address>0x4ccc</run_address>
         <size>0x68</size>
         <input_file_ref idref="fl-cb"/>
      </object_component>
      <object_component id="oc-3d5">
         <name>.text:frexp</name>
         <load_address>0x4d34</load_address>
         <run_address>0x4d34</run_address>
         <size>0x64</size>
         <input_file_ref idref="fl-f5"/>
      </object_component>
      <object_component id="oc-463">
         <name>.text:fseek</name>
         <load_address>0x4d98</load_address>
         <run_address>0x4d98</run_address>
         <size>0x64</size>
         <input_file_ref idref="fl-f9"/>
      </object_component>
      <object_component id="oc-404">
         <name>.text:__TI_wrt_ok</name>
         <load_address>0x4dfc</load_address>
         <run_address>0x4dfc</run_address>
         <size>0x62</size>
         <input_file_ref idref="fl-d1"/>
      </object_component>
      <object_component id="oc-4cc">
         <name>.text:HOSTopen</name>
         <load_address>0x4e60</load_address>
         <run_address>0x4e60</run_address>
         <size>0x60</size>
         <input_file_ref idref="fl-101"/>
      </object_component>
      <object_component id="oc-4fc">
         <name>.text:close</name>
         <load_address>0x4ec0</load_address>
         <run_address>0x4ec0</run_address>
         <size>0x5c</size>
         <input_file_ref idref="fl-10e"/>
      </object_component>
      <object_component id="oc-4d8">
         <name>.text:HOSTread</name>
         <load_address>0x4f1c</load_address>
         <run_address>0x4f1c</run_address>
         <size>0x58</size>
         <input_file_ref idref="fl-102"/>
      </object_component>
      <object_component id="oc-4de">
         <name>.text:HOSTwrite</name>
         <load_address>0x4f74</load_address>
         <run_address>0x4f74</run_address>
         <size>0x58</size>
         <input_file_ref idref="fl-105"/>
      </object_component>
      <object_component id="oc-31e">
         <name>.text:_pconv_f</name>
         <load_address>0x4fcc</load_address>
         <run_address>0x4fcc</run_address>
         <size>0x56</size>
         <input_file_ref idref="fl-cc"/>
      </object_component>
      <object_component id="oc-3b4">
         <name>.text:__TI_ltoa</name>
         <load_address>0x5022</load_address>
         <run_address>0x5022</run_address>
         <size>0x54</size>
         <input_file_ref idref="fl-e5"/>
      </object_component>
      <object_component id="oc-3ba">
         <name>.text:_ecpy</name>
         <load_address>0x5076</load_address>
         <run_address>0x5076</run_address>
         <size>0x52</size>
         <input_file_ref idref="fl-cc"/>
      </object_component>
      <object_component id="oc-410">
         <name>.text:__TI_doflush</name>
         <load_address>0x50c8</load_address>
         <run_address>0x50c8</run_address>
         <size>0x4c</size>
         <input_file_ref idref="fl-f7"/>
      </object_component>
      <object_component id="oc-30c">
         <name>.text:atoi</name>
         <load_address>0x5114</load_address>
         <run_address>0x5114</run_address>
         <size>0x4c</size>
         <input_file_ref idref="fl-e6"/>
      </object_component>
      <object_component id="oc-14d">
         <name>.text:exit</name>
         <load_address>0x5160</load_address>
         <run_address>0x5160</run_address>
         <size>0x48</size>
         <input_file_ref idref="fl-e3"/>
      </object_component>
      <object_component id="oc-20b">
         <name>.text</name>
         <load_address>0x51a8</load_address>
         <run_address>0x51a8</run_address>
         <size>0x48</size>
         <input_file_ref idref="fl-d7"/>
      </object_component>
      <object_component id="oc-4d2">
         <name>.text:HOSTclose</name>
         <load_address>0x51f0</load_address>
         <run_address>0x51f0</run_address>
         <size>0x44</size>
         <input_file_ref idref="fl-ff"/>
      </object_component>
      <object_component id="oc-4ea">
         <name>.text:HOSTunlink</name>
         <load_address>0x5234</load_address>
         <run_address>0x5234</run_address>
         <size>0x44</size>
         <input_file_ref idref="fl-104"/>
      </object_component>
      <object_component id="oc-153">
         <name>.text:__TI_auto_init_nobinit_nopinit:__TI_auto_init_nobinit_nopinit</name>
         <load_address>0x5278</load_address>
         <run_address>0x5278</run_address>
         <size>0x44</size>
         <input_file_ref idref="fl-fb"/>
      </object_component>
      <object_component id="oc-52b">
         <name>.text:getdevice</name>
         <load_address>0x52bc</load_address>
         <run_address>0x52bc</run_address>
         <size>0x44</size>
         <input_file_ref idref="fl-10b"/>
      </object_component>
      <object_component id="oc-21a">
         <name>.text</name>
         <load_address>0x5300</load_address>
         <run_address>0x5300</run_address>
         <size>0x44</size>
         <input_file_ref idref="fl-d9"/>
      </object_component>
      <object_component id="oc-1da">
         <name>.text:sprintf</name>
         <load_address>0x5344</load_address>
         <run_address>0x5344</run_address>
         <size>0x40</size>
         <input_file_ref idref="fl-cd"/>
      </object_component>
      <object_component id="oc-1be">
         <name>.text:vsnprintf</name>
         <load_address>0x5384</load_address>
         <run_address>0x5384</run_address>
         <size>0x40</size>
         <input_file_ref idref="fl-ce"/>
      </object_component>
      <object_component id="oc-3cd">
         <name>.text:_fcpy</name>
         <load_address>0x53c4</load_address>
         <run_address>0x53c4</run_address>
         <size>0x3e</size>
         <input_file_ref idref="fl-cc"/>
      </object_component>
      <object_component id="oc-50d">
         <name>.text:__TI_writemsg</name>
         <load_address>0x5404</load_address>
         <run_address>0x5404</run_address>
         <size>0x38</size>
         <input_file_ref idref="fl-106"/>
      </object_component>
      <object_component id="oc-120">
         <name>.text:calloc</name>
         <load_address>0x543c</load_address>
         <run_address>0x543c</run_address>
         <size>0x38</size>
         <input_file_ref idref="fl-eb"/>
      </object_component>
      <object_component id="oc-116">
         <name>.text</name>
         <load_address>0x5474</load_address>
         <run_address>0x5474</run_address>
         <size>0x38</size>
         <input_file_ref idref="fl-da"/>
      </object_component>
      <object_component id="oc-54b">
         <name>.text:strncpy</name>
         <load_address>0x54ac</load_address>
         <run_address>0x54ac</run_address>
         <size>0x36</size>
         <input_file_ref idref="fl-10c"/>
      </object_component>
      <object_component id="oc-18c">
         <name>.text:IntRegister</name>
         <load_address>0x54e4</load_address>
         <run_address>0x54e4</run_address>
         <size>0x34</size>
         <input_file_ref idref="fl-110"/>
      </object_component>
      <object_component id="oc-497">
         <name>.text:__TI_cleanup</name>
         <load_address>0x5518</load_address>
         <run_address>0x5518</run_address>
         <size>0x34</size>
         <input_file_ref idref="fl-f8"/>
      </object_component>
      <object_component id="oc-513">
         <name>.text:__TI_readmsg</name>
         <load_address>0x554c</load_address>
         <run_address>0x554c</run_address>
         <size>0x34</size>
         <input_file_ref idref="fl-106"/>
      </object_component>
      <object_component id="oc-5c">
         <name>.text:_c_int00_noargs:_c_int00_noargs</name>
         <load_address>0x5580</load_address>
         <run_address>0x5580</run_address>
         <size>0x34</size>
         <input_file_ref idref="fl-f0"/>
      </object_component>
      <object_component id="oc-2b0">
         <name>.text:_outs</name>
         <load_address>0x55b4</load_address>
         <run_address>0x55b4</run_address>
         <size>0x30</size>
         <input_file_ref idref="fl-ce"/>
      </object_component>
      <object_component id="oc-551">
         <name>.text:finddevice</name>
         <load_address>0x55e4</load_address>
         <run_address>0x55e4</run_address>
         <size>0x30</size>
         <input_file_ref idref="fl-10b"/>
      </object_component>
      <object_component id="oc-1fb">
         <name>.text</name>
         <load_address>0x5614</load_address>
         <run_address>0x5614</run_address>
         <size>0x2e</size>
         <input_file_ref idref="fl-db"/>
      </object_component>
      <object_component id="oc-502">
         <name>.text:unlink</name>
         <load_address>0x5644</load_address>
         <run_address>0x5644</run_address>
         <size>0x2c</size>
         <input_file_ref idref="fl-10f"/>
      </object_component>
      <object_component id="oc-232">
         <name>.text:free_list_insert</name>
         <load_address>0x5670</load_address>
         <run_address>0x5670</run_address>
         <size>0x28</size>
         <input_file_ref idref="fl-eb"/>
      </object_component>
      <object_component id="oc-48f">
         <name>.text:lseek</name>
         <load_address>0x5698</load_address>
         <run_address>0x5698</run_address>
         <size>0x28</size>
         <input_file_ref idref="fl-108"/>
      </object_component>
      <object_component id="oc-416">
         <name>.text:write</name>
         <load_address>0x56c0</load_address>
         <run_address>0x56c0</run_address>
         <size>0x28</size>
         <input_file_ref idref="fl-f1"/>
      </object_component>
      <object_component id="oc-40a">
         <name>.text:memchr</name>
         <load_address>0x56e8</load_address>
         <run_address>0x56e8</run_address>
         <size>0x20</size>
         <input_file_ref idref="fl-ea"/>
      </object_component>
      <object_component id="oc-215">
         <name>.text</name>
         <load_address>0x5708</load_address>
         <run_address>0x5708</run_address>
         <size>0x20</size>
         <input_file_ref idref="fl-dd"/>
      </object_component>
      <object_component id="oc-22c">
         <name>.text:free_list_remove</name>
         <load_address>0x5728</load_address>
         <run_address>0x5728</run_address>
         <size>0x1c</size>
         <input_file_ref idref="fl-eb"/>
      </object_component>
      <object_component id="oc-330">
         <name>.text:memccpy</name>
         <load_address>0x5744</load_address>
         <run_address>0x5744</run_address>
         <size>0x1c</size>
         <input_file_ref idref="fl-e9"/>
      </object_component>
      <object_component id="oc-447">
         <name>.text:copysign</name>
         <load_address>0x5760</load_address>
         <run_address>0x5760</run_address>
         <size>0x1a</size>
         <input_file_ref idref="fl-109"/>
      </object_component>
      <object_component id="oc-2b6">
         <name>.text:_outc</name>
         <load_address>0x577a</load_address>
         <run_address>0x577a</run_address>
         <size>0x18</size>
         <input_file_ref idref="fl-ce"/>
      </object_component>
      <object_component id="oc-2ce">
         <name>.text:_outs</name>
         <load_address>0x5792</load_address>
         <run_address>0x5792</run_address>
         <size>0x18</size>
         <input_file_ref idref="fl-cd"/>
      </object_component>
      <object_component id="oc-1e7">
         <name>.text:oi_parseInt</name>
         <load_address>0x57aa</load_address>
         <run_address>0x57aa</run_address>
         <size>0x18</size>
         <input_file_ref idref="fl-b"/>
      </object_component>
      <object_component id="oc-1c4">
         <name>.text:strcmp</name>
         <load_address>0x57c2</load_address>
         <run_address>0x57c2</run_address>
         <size>0x18</size>
         <input_file_ref idref="fl-ed"/>
      </object_component>
      <object_component id="oc-3e1">
         <name>.text:strchr</name>
         <load_address>0x57da</load_address>
         <run_address>0x57da</run_address>
         <size>0x16</size>
         <input_file_ref idref="fl-ec"/>
      </object_component>
      <object_component id="oc-1ca">
         <name>.text:strcpy</name>
         <load_address>0x57f0</load_address>
         <run_address>0x57f0</run_address>
         <size>0x14</size>
         <input_file_ref idref="fl-ee"/>
      </object_component>
      <object_component id="oc-306">
         <name>.text:strlen</name>
         <load_address>0x5804</load_address>
         <run_address>0x5804</run_address>
         <size>0x14</size>
         <input_file_ref idref="fl-ef"/>
      </object_component>
      <object_component id="oc-336">
         <name>.text:wcslen</name>
         <load_address>0x5818</load_address>
         <run_address>0x5818</run_address>
         <size>0x12</size>
         <input_file_ref idref="fl-f4"/>
      </object_component>
      <object_component id="oc-1a9">
         <name>.text:IntMasterEnable</name>
         <load_address>0x582a</load_address>
         <run_address>0x582a</run_address>
         <size>0x10</size>
         <input_file_ref idref="fl-110"/>
      </object_component>
      <object_component id="oc-10c">
         <name>.text:lcd_clear</name>
         <load_address>0x583a</load_address>
         <run_address>0x583a</run_address>
         <size>0x10</size>
         <input_file_ref idref="fl-7"/>
      </object_component>
      <object_component id="oc-1b">
         <name>.text:decompress:none:__TI_decompress_none</name>
         <load_address>0x584a</load_address>
         <run_address>0x584a</run_address>
         <size>0xe</size>
         <input_file_ref idref="fl-e1"/>
      </object_component>
      <object_component id="oc-2a1">
         <name>.text:CPUcpsie</name>
         <load_address>0x5858</load_address>
         <run_address>0x5858</run_address>
         <size>0xc</size>
         <input_file_ref idref="fl-111"/>
      </object_component>
      <object_component id="oc-50">
         <name>.text:decompress:ZI:__TI_zero_init</name>
         <load_address>0x5864</load_address>
         <run_address>0x5864</run_address>
         <size>0xc</size>
         <input_file_ref idref="fl-e0"/>
      </object_component>
      <object_component id="oc-2a">
         <name>.text</name>
         <load_address>0x5870</load_address>
         <run_address>0x5870</run_address>
         <size>0xc</size>
         <input_file_ref idref="fl-e"/>
      </object_component>
      <object_component id="oc-2d4">
         <name>.text:_outc</name>
         <load_address>0x587c</load_address>
         <run_address>0x587c</run_address>
         <size>0xa</size>
         <input_file_ref idref="fl-cd"/>
      </object_component>
      <object_component id="oc-33c">
         <name>.text:__aeabi_errno_addr</name>
         <load_address>0x5888</load_address>
         <run_address>0x5888</run_address>
         <size>0x8</size>
         <input_file_ref idref="fl-f3"/>
      </object_component>
      <object_component id="oc-225">
         <name>.text:malloc</name>
         <load_address>0x5890</load_address>
         <run_address>0x5890</run_address>
         <size>0x8</size>
         <input_file_ref idref="fl-eb"/>
      </object_component>
      <object_component id="oc-265">
         <name>.text:_outc</name>
         <load_address>0x5898</load_address>
         <run_address>0x5898</run_address>
         <size>0x4</size>
         <input_file_ref idref="fl-cb"/>
      </object_component>
      <object_component id="oc-25f">
         <name>.text:_outs</name>
         <load_address>0x589c</load_address>
         <run_address>0x589c</run_address>
         <size>0x4</size>
         <input_file_ref idref="fl-cb"/>
      </object_component>
      <object_component id="oc-9c">
         <name>.text:_system_pre_init</name>
         <load_address>0x58a0</load_address>
         <run_address>0x58a0</run_address>
         <size>0x4</size>
         <input_file_ref idref="fl-fc"/>
      </object_component>
      <object_component id="oc-147">
         <name>.text:abort:abort</name>
         <load_address>0x58a4</load_address>
         <run_address>0x58a4</run_address>
         <size>0x4</size>
         <input_file_ref idref="fl-e3"/>
      </object_component>
      <object_component id="oc-12f">
         <name>.const:$P$T0$1</name>
         <load_address>0x58a8</load_address>
         <run_address>0x58a8</run_address>
         <size>0x16c</size>
         <input_file_ref idref="fl-a"/>
      </object_component>
      <object_component id="oc-132">
         <name>.const:$P$T1$2</name>
         <load_address>0x5a14</load_address>
         <run_address>0x5a14</run_address>
         <size>0x16c</size>
         <input_file_ref idref="fl-a"/>
      </object_component>
      <object_component id="oc-3a9">
         <name>.const:.string:_ctypes_</name>
         <load_address>0x5b80</load_address>
         <run_address>0x5b80</run_address>
         <size>0x101</size>
         <input_file_ref idref="fl-e7"/>
      </object_component>
      <object_component id="oc-205">
         <name>.const:.string:$P$T0$3</name>
         <load_address>0x5c81</load_address>
         <run_address>0x5c81</run_address>
         <size>0xf</size>
         <input_file_ref idref="fl-b"/>
      </object_component>
      <object_component id="oc-1d0">
         <name>.const:.string:lineAddress$1</name>
         <load_address>0x5c90</load_address>
         <run_address>0x5c90</run_address>
         <size>0x4</size>
         <input_file_ref idref="fl-7"/>
      </object_component>
      <object_component id="oc-1d1">
         <name>.const:.string:lineAddresses$2</name>
         <load_address>0x5c94</load_address>
         <run_address>0x5c94</run_address>
         <size>0x4</size>
         <input_file_ref idref="fl-7"/>
      </object_component>
      <object_component id="oc-597">
         <name>.cinit..data.load</name>
         <load_address>0x5c98</load_address>
         <run_address>0x5c98</run_address>
         <size>0x391</size>
      </object_component>
      <object_component id="oc-594">
         <name>__TI_handler_table</name>
         <load_address>0x602c</load_address>
         <run_address>0x602c</run_address>
         <size>0xc</size>
      </object_component>
      <object_component id="oc-598">
         <name>.cinit..bss.load</name>
         <load_address>0x6038</load_address>
         <run_address>0x6038</run_address>
         <size>0x8</size>
      </object_component>
      <object_component id="oc-596">
         <name>.cinit..vtable.load</name>
         <load_address>0x6040</load_address>
         <run_address>0x6040</run_address>
         <size>0x8</size>
      </object_component>
      <object_component id="oc-595">
         <name>__TI_cinit_table</name>
         <load_address>0x6048</load_address>
         <run_address>0x6048</run_address>
         <size>0x18</size>
      </object_component>
      <object_component id="oc-28a">
         <name>.vtable</name>
         <uninitialized>true</uninitialized>
         <run_address>0x20000000</run_address>
         <size>0x26c</size>
         <input_file_ref idref="fl-110"/>
      </object_component>
      <object_component id="oc-192">
         <name>.data</name>
         <load_address>0x20001fc8</load_address>
         <run_address>0x20001fc8</run_address>
         <size>0x1</size>
         <input_file_ref idref="fl-3"/>
      </object_component>
      <object_component id="oc-19c">
         <name>.data:raw</name>
         <load_address>0x20001f34</load_address>
         <run_address>0x20001f34</run_address>
         <size>0x34</size>
         <input_file_ref idref="fl-4"/>
      </object_component>
      <object_component id="oc-19f">
         <name>.data:ping</name>
         <load_address>0x20001f00</load_address>
         <run_address>0x20001f00</run_address>
         <size>0x34</size>
         <input_file_ref idref="fl-4"/>
      </object_component>
      <object_component id="oc-1a3">
         <name>.data</name>
         <load_address>0x20001fc9</load_address>
         <run_address>0x20001fc9</run_address>
         <size>0x1</size>
         <input_file_ref idref="fl-6"/>
      </object_component>
      <object_component id="oc-113">
         <name>.data</name>
         <load_address>0x20001fbc</load_address>
         <run_address>0x20001fbc</run_address>
         <size>0x4</size>
         <input_file_ref idref="fl-9"/>
      </object_component>
      <object_component id="oc-13a">
         <name>.data:scan_ir</name>
         <load_address>0x20001a70</load_address>
         <run_address>0x20001a70</run_address>
         <size>0x16c</size>
         <input_file_ref idref="fl-a"/>
      </object_component>
      <object_component id="oc-13d">
         <name>.data:scan_ping</name>
         <load_address>0x20001bdc</load_address>
         <run_address>0x20001bdc</run_address>
         <size>0x16c</size>
         <input_file_ref idref="fl-a"/>
      </object_component>
      <object_component id="oc-1ee">
         <name>.data</name>
         <load_address>0x20001f68</load_address>
         <run_address>0x20001f68</run_address>
         <size>0x20</size>
         <input_file_ref idref="fl-b"/>
      </object_component>
      <object_component id="oc-1b5">
         <name>.data</name>
         <load_address>0x20001fc0</load_address>
         <run_address>0x20001fc0</run_address>
         <size>0x4</size>
         <input_file_ref idref="fl-c"/>
      </object_component>
      <object_component id="oc-1e0">
         <name>.data</name>
         <load_address>0x20001fb4</load_address>
         <run_address>0x20001fb4</run_address>
         <size>0x8</size>
         <input_file_ref idref="fl-d"/>
      </object_component>
      <object_component id="oc-26e">
         <name>.data:$O1$$</name>
         <load_address>0x20001f98</load_address>
         <run_address>0x20001f98</run_address>
         <size>0xc</size>
         <input_file_ref idref="fl-e3"/>
      </object_component>
      <object_component id="oc-238">
         <name>.data:$O1$$</name>
         <load_address>0x20001fa4</load_address>
         <run_address>0x20001fa4</run_address>
         <size>0x8</size>
         <input_file_ref idref="fl-e4"/>
      </object_component>
      <object_component id="oc-25c">
         <name>.data:_ftable</name>
         <load_address>0x20001d48</load_address>
         <run_address>0x20001d48</run_address>
         <size>0xf0</size>
         <input_file_ref idref="fl-e8"/>
      </object_component>
      <object_component id="oc-4c6">
         <name>.data</name>
         <load_address>0x20001f88</load_address>
         <run_address>0x20001f88</run_address>
         <size>0x10</size>
         <input_file_ref idref="fl-e8"/>
      </object_component>
      <object_component id="oc-2f7">
         <name>.data:$O1$$</name>
         <load_address>0x20001fac</load_address>
         <run_address>0x20001fac</run_address>
         <size>0x8</size>
         <input_file_ref idref="fl-eb"/>
      </object_component>
      <object_component id="oc-4aa">
         <name>.data:_device</name>
         <load_address>0x20001e38</load_address>
         <run_address>0x20001e38</run_address>
         <size>0x78</size>
         <input_file_ref idref="fl-f2"/>
      </object_component>
      <object_component id="oc-475">
         <name>.data:_stream</name>
         <load_address>0x20001eb0</load_address>
         <run_address>0x20001eb0</run_address>
         <size>0x50</size>
         <input_file_ref idref="fl-f2"/>
      </object_component>
      <object_component id="oc-3f1">
         <name>.data</name>
         <load_address>0x20001fc4</load_address>
         <run_address>0x20001fc4</run_address>
         <size>0x4</size>
         <input_file_ref idref="fl-f3"/>
      </object_component>
      <object_component id="oc-1d2">
         <name>.bss:lastbuffer$3</name>
         <uninitialized>true</uninitialized>
         <run_address>0x2000218c</run_address>
         <size>0x54</size>
         <input_file_ref idref="fl-7"/>
      </object_component>
      <object_component id="oc-208">
         <name>.bss:firmware$2</name>
         <uninitialized>true</uninitialized>
         <run_address>0x200021e0</run_address>
         <size>0x18</size>
         <input_file_ref idref="fl-b"/>
      </object_component>
      <object_component id="oc-535">
         <name>.bss:_CIOBUF_</name>
         <uninitialized>true</uninitialized>
         <run_address>0x20001fcc</run_address>
         <size>0x120</size>
         <input_file_ref idref="fl-106"/>
      </object_component>
      <object_component id="oc-195">
         <name>.common:_timeout_ticks</name>
         <uninitialized>true</uninitialized>
         <run_address>0x20002200</run_address>
         <size>0x4</size>
      </object_component>
      <object_component id="oc-1a4">
         <name>.common:button_event</name>
         <uninitialized>true</uninitialized>
         <run_address>0x20002204</run_address>
         <size>0x4</size>
      </object_component>
      <object_component id="oc-1a7">
         <name>.common:button_num</name>
         <uninitialized>true</uninitialized>
         <run_address>0x20002208</run_address>
         <size>0x4</size>
      </object_component>
      <object_component id="oc-12c">
         <name>.common:flag</name>
         <uninitialized>true</uninitialized>
         <run_address>0x2000221c</run_address>
         <size>0x1</size>
      </object_component>
      <object_component id="oc-199">
         <name>.common:uart_data</name>
         <uninitialized>true</uninitialized>
         <run_address>0x2000221e</run_address>
         <size>0x1</size>
      </object_component>
      <object_component id="oc-1af">
         <name>.common:state</name>
         <uninitialized>true</uninitialized>
         <run_address>0x2000221d</run_address>
         <size>0x1</size>
      </object_component>
      <object_component id="oc-1b2">
         <name>.common:rise_time</name>
         <uninitialized>true</uninitialized>
         <run_address>0x20002218</run_address>
         <size>0x4</size>
      </object_component>
      <object_component id="oc-1b3">
         <name>.common:fall_time</name>
         <uninitialized>true</uninitialized>
         <run_address>0x20002210</run_address>
         <size>0x4</size>
      </object_component>
      <object_component id="oc-1b4">
         <name>.common:dif_time</name>
         <uninitialized>true</uninitialized>
         <run_address>0x2000220c</run_address>
         <size>0x4</size>
      </object_component>
      <object_component id="oc-1e3">
         <name>.common:match_value</name>
         <uninitialized>true</uninitialized>
         <run_address>0x20002214</run_address>
         <size>0x4</size>
      </object_component>
      <object_component id="oc-508">
         <name>.common:__TI_tmpnams</name>
         <uninitialized>true</uninitialized>
         <run_address>0x200020ec</run_address>
         <size>0xa0</size>
      </object_component>
      <object_component id="oc-519">
         <name>.common:parmbuf</name>
         <uninitialized>true</uninitialized>
         <run_address>0x200021f8</run_address>
         <size>0x8</size>
      </object_component>
      <object_component id="oc-24">
         <name>.sysmem</name>
         <uninitialized>true</uninitialized>
         <run_address>0x20001270</run_address>
         <size>0x10</size>
         <input_file_ref idref="fl-eb"/>
      </object_component>
      <object_component id="oc-59b">
         <name>.sysmem</name>
         <uninitialized>true</uninitialized>
         <run_address>0x20001270</run_address>
         <size>0x0</size>
      </object_component>
      <object_component id="oc-27">
         <name>.stack</name>
         <uninitialized>true</uninitialized>
         <run_address>0x20000270</run_address>
         <size>0x4</size>
         <input_file_ref idref="fl-f0"/>
      </object_component>
      <object_component id="oc-59a">
         <name>.stack</name>
         <uninitialized>true</uninitialized>
         <run_address>0x20000270</run_address>
         <size>0x0</size>
      </object_component>
      <object_component id="oc-c5">
         <name>.debug_info</name>
         <load_address>0x0</load_address>
         <run_address>0x0</run_address>
         <size>0x344</size>
         <input_file_ref idref="fl-2"/>
      </object_component>
      <object_component id="oc-77">
         <name>.debug_info</name>
         <load_address>0x344</load_address>
         <run_address>0x344</run_address>
         <size>0x26b</size>
         <input_file_ref idref="fl-2"/>
      </object_component>
      <object_component id="oc-39">
         <name>.debug_info</name>
         <load_address>0x5af</load_address>
         <run_address>0x5af</run_address>
         <size>0x84</size>
         <input_file_ref idref="fl-2"/>
      </object_component>
      <object_component id="oc-c0">
         <name>.debug_info</name>
         <load_address>0x633</load_address>
         <run_address>0x633</run_address>
         <size>0x2a4</size>
         <input_file_ref idref="fl-2"/>
      </object_component>
      <object_component id="oc-7c">
         <name>.debug_info</name>
         <load_address>0x8d7</load_address>
         <run_address>0x8d7</run_address>
         <size>0xbb</size>
         <input_file_ref idref="fl-2"/>
      </object_component>
      <object_component id="oc-248">
         <name>.debug_info</name>
         <load_address>0x992</load_address>
         <run_address>0x992</run_address>
         <size>0xcc</size>
         <input_file_ref idref="fl-2"/>
      </object_component>
      <object_component id="oc-1d5">
         <name>.debug_info</name>
         <load_address>0xa5e</load_address>
         <run_address>0xa5e</run_address>
         <size>0x2c</size>
         <input_file_ref idref="fl-2"/>
      </object_component>
      <object_component id="oc-187">
         <name>.debug_info</name>
         <load_address>0xa8a</load_address>
         <run_address>0xa8a</run_address>
         <size>0x35</size>
         <input_file_ref idref="fl-2"/>
      </object_component>
      <object_component id="oc-196">
         <name>.debug_info</name>
         <load_address>0xabf</load_address>
         <run_address>0xabf</run_address>
         <size>0x2b5</size>
         <input_file_ref idref="fl-3"/>
      </object_component>
      <object_component id="oc-193">
         <name>.debug_info</name>
         <load_address>0xd74</load_address>
         <run_address>0xd74</run_address>
         <size>0xc3</size>
         <input_file_ref idref="fl-3"/>
      </object_component>
      <object_component id="oc-d7">
         <name>.debug_info</name>
         <load_address>0xe37</load_address>
         <run_address>0xe37</run_address>
         <size>0x50b</size>
         <input_file_ref idref="fl-3"/>
      </object_component>
      <object_component id="oc-29c">
         <name>.debug_info</name>
         <load_address>0x1342</load_address>
         <run_address>0x1342</run_address>
         <size>0x29a</size>
         <input_file_ref idref="fl-4"/>
      </object_component>
      <object_component id="oc-19d">
         <name>.debug_info</name>
         <load_address>0x15dc</load_address>
         <run_address>0x15dc</run_address>
         <size>0xb6</size>
         <input_file_ref idref="fl-4"/>
      </object_component>
      <object_component id="oc-1a0">
         <name>.debug_info</name>
         <load_address>0x1692</load_address>
         <run_address>0x1692</run_address>
         <size>0xb8</size>
         <input_file_ref idref="fl-4"/>
      </object_component>
      <object_component id="oc-e6">
         <name>.debug_info</name>
         <load_address>0x174a</load_address>
         <run_address>0x174a</run_address>
         <size>0x1fc</size>
         <input_file_ref idref="fl-4"/>
      </object_component>
      <object_component id="oc-1a5">
         <name>.debug_info</name>
         <load_address>0x1946</load_address>
         <run_address>0x1946</run_address>
         <size>0x2dc</size>
         <input_file_ref idref="fl-6"/>
      </object_component>
      <object_component id="oc-eb">
         <name>.debug_info</name>
         <load_address>0x1c22</load_address>
         <run_address>0x1c22</run_address>
         <size>0x346</size>
         <input_file_ref idref="fl-6"/>
      </object_component>
      <object_component id="oc-1d4">
         <name>.debug_info</name>
         <load_address>0x1f68</load_address>
         <run_address>0x1f68</run_address>
         <size>0x383</size>
         <input_file_ref idref="fl-7"/>
      </object_component>
      <object_component id="oc-10e">
         <name>.debug_info</name>
         <load_address>0x22eb</load_address>
         <run_address>0x22eb</run_address>
         <size>0x118</size>
         <input_file_ref idref="fl-7"/>
      </object_component>
      <object_component id="oc-f6">
         <name>.debug_info</name>
         <load_address>0x2403</load_address>
         <run_address>0x2403</run_address>
         <size>0x8a4</size>
         <input_file_ref idref="fl-7"/>
      </object_component>
      <object_component id="oc-220">
         <name>.debug_info</name>
         <load_address>0x2ca7</load_address>
         <run_address>0x2ca7</run_address>
         <size>0x2ea</size>
         <input_file_ref idref="fl-9"/>
      </object_component>
      <object_component id="oc-114">
         <name>.debug_info</name>
         <load_address>0x2f91</load_address>
         <run_address>0x2f91</run_address>
         <size>0xcc</size>
         <input_file_ref idref="fl-9"/>
      </object_component>
      <object_component id="oc-107">
         <name>.debug_info</name>
         <load_address>0x305d</load_address>
         <run_address>0x305d</run_address>
         <size>0x7d2</size>
         <input_file_ref idref="fl-9"/>
      </object_component>
      <object_component id="oc-23e">
         <name>.debug_info</name>
         <load_address>0x382f</load_address>
         <run_address>0x382f</run_address>
         <size>0x5aa</size>
         <input_file_ref idref="fl-9"/>
      </object_component>
      <object_component id="oc-12d">
         <name>.debug_info</name>
         <load_address>0x3dd9</load_address>
         <run_address>0x3dd9</run_address>
         <size>0x697</size>
         <input_file_ref idref="fl-a"/>
      </object_component>
      <object_component id="oc-13b">
         <name>.debug_info</name>
         <load_address>0x4470</load_address>
         <run_address>0x4470</run_address>
         <size>0xc3</size>
         <input_file_ref idref="fl-a"/>
      </object_component>
      <object_component id="oc-13e">
         <name>.debug_info</name>
         <load_address>0x4533</load_address>
         <run_address>0x4533</run_address>
         <size>0xc7</size>
         <input_file_ref idref="fl-a"/>
      </object_component>
      <object_component id="oc-130">
         <name>.debug_info</name>
         <load_address>0x45fa</load_address>
         <run_address>0x45fa</run_address>
         <size>0xc2</size>
         <input_file_ref idref="fl-a"/>
      </object_component>
      <object_component id="oc-133">
         <name>.debug_info</name>
         <load_address>0x46bc</load_address>
         <run_address>0x46bc</run_address>
         <size>0xc2</size>
         <input_file_ref idref="fl-a"/>
      </object_component>
      <object_component id="oc-a4">
         <name>.debug_info</name>
         <load_address>0x477e</load_address>
         <run_address>0x477e</run_address>
         <size>0xe99</size>
         <input_file_ref idref="fl-a"/>
      </object_component>
      <object_component id="oc-243">
         <name>.debug_info</name>
         <load_address>0x5617</load_address>
         <run_address>0x5617</run_address>
         <size>0x76</size>
         <input_file_ref idref="fl-a"/>
      </object_component>
      <object_component id="oc-20a">
         <name>.debug_info</name>
         <load_address>0x568d</load_address>
         <run_address>0x568d</run_address>
         <size>0x400</size>
         <input_file_ref idref="fl-b"/>
      </object_component>
      <object_component id="oc-1ef">
         <name>.debug_info</name>
         <load_address>0x5a8d</load_address>
         <run_address>0x5a8d</run_address>
         <size>0x115</size>
         <input_file_ref idref="fl-b"/>
      </object_component>
      <object_component id="oc-206">
         <name>.debug_info</name>
         <load_address>0x5ba2</load_address>
         <run_address>0x5ba2</run_address>
         <size>0xca</size>
         <input_file_ref idref="fl-b"/>
      </object_component>
      <object_component id="oc-1e8">
         <name>.debug_info</name>
         <load_address>0x5c6c</load_address>
         <run_address>0x5c6c</run_address>
         <size>0x142</size>
         <input_file_ref idref="fl-b"/>
      </object_component>
      <object_component id="oc-101">
         <name>.debug_info</name>
         <load_address>0x5dae</load_address>
         <run_address>0x5dae</run_address>
         <size>0x198c</size>
         <input_file_ref idref="fl-b"/>
      </object_component>
      <object_component id="oc-1b9">
         <name>.debug_info</name>
         <load_address>0x773a</load_address>
         <run_address>0x773a</run_address>
         <size>0x8b</size>
         <input_file_ref idref="fl-b"/>
      </object_component>
      <object_component id="oc-1b0">
         <name>.debug_info</name>
         <load_address>0x77c5</load_address>
         <run_address>0x77c5</run_address>
         <size>0x3ce</size>
         <input_file_ref idref="fl-c"/>
      </object_component>
      <object_component id="oc-1b6">
         <name>.debug_info</name>
         <load_address>0x7b93</load_address>
         <run_address>0x7b93</run_address>
         <size>0xc2</size>
         <input_file_ref idref="fl-c"/>
      </object_component>
      <object_component id="oc-ef">
         <name>.debug_info</name>
         <load_address>0x7c55</load_address>
         <run_address>0x7c55</run_address>
         <size>0x287</size>
         <input_file_ref idref="fl-c"/>
      </object_component>
      <object_component id="oc-2aa">
         <name>.debug_info</name>
         <load_address>0x7edc</load_address>
         <run_address>0x7edc</run_address>
         <size>0x44</size>
         <input_file_ref idref="fl-c"/>
      </object_component>
      <object_component id="oc-1e4">
         <name>.debug_info</name>
         <load_address>0x7f20</load_address>
         <run_address>0x7f20</run_address>
         <size>0x359</size>
         <input_file_ref idref="fl-d"/>
      </object_component>
      <object_component id="oc-1e1">
         <name>.debug_info</name>
         <load_address>0x8279</load_address>
         <run_address>0x8279</run_address>
         <size>0xee</size>
         <input_file_ref idref="fl-d"/>
      </object_component>
      <object_component id="oc-fd">
         <name>.debug_info</name>
         <load_address>0x8367</load_address>
         <run_address>0x8367</run_address>
         <size>0x313</size>
         <input_file_ref idref="fl-d"/>
      </object_component>
      <object_component id="oc-32">
         <name>.debug_info</name>
         <load_address>0x867a</load_address>
         <run_address>0x867a</run_address>
         <size>0x29f</size>
         <input_file_ref idref="fl-e"/>
      </object_component>
      <object_component id="oc-13">
         <name>.debug_info</name>
         <load_address>0x8919</load_address>
         <run_address>0x8919</run_address>
         <size>0xde</size>
         <input_file_ref idref="fl-e"/>
      </object_component>
      <object_component id="oc-2c">
         <name>.debug_info</name>
         <load_address>0x89f7</load_address>
         <run_address>0x89f7</run_address>
         <size>0x25a</size>
         <input_file_ref idref="fl-e"/>
      </object_component>
      <object_component id="oc-19b">
         <name>.debug_info</name>
         <load_address>0x8c51</load_address>
         <run_address>0x8c51</run_address>
         <size>0x2dc</size>
         <input_file_ref idref="fl-f"/>
      </object_component>
      <object_component id="oc-de">
         <name>.debug_info</name>
         <load_address>0x8f2d</load_address>
         <run_address>0x8f2d</run_address>
         <size>0x324</size>
         <input_file_ref idref="fl-f"/>
      </object_component>
      <object_component id="oc-26c">
         <name>.debug_info</name>
         <load_address>0x9251</load_address>
         <run_address>0x9251</run_address>
         <size>0x3e5</size>
         <input_file_ref idref="fl-cb"/>
      </object_component>
      <object_component id="oc-268">
         <name>.debug_info</name>
         <load_address>0x9636</load_address>
         <run_address>0x9636</run_address>
         <size>0x157</size>
         <input_file_ref idref="fl-cb"/>
      </object_component>
      <object_component id="oc-261">
         <name>.debug_info</name>
         <load_address>0x978d</load_address>
         <run_address>0x978d</run_address>
         <size>0x166</size>
         <input_file_ref idref="fl-cb"/>
      </object_component>
      <object_component id="oc-141">
         <name>.debug_info</name>
         <load_address>0x98f3</load_address>
         <run_address>0x98f3</run_address>
         <size>0x1ac</size>
         <input_file_ref idref="fl-cb"/>
      </object_component>
      <object_component id="oc-362">
         <name>.debug_info</name>
         <load_address>0x9a9f</load_address>
         <run_address>0x9a9f</run_address>
         <size>0xb2</size>
         <input_file_ref idref="fl-cb"/>
      </object_component>
      <object_component id="oc-343">
         <name>.debug_info</name>
         <load_address>0x9b51</load_address>
         <run_address>0x9b51</run_address>
         <size>0x590</size>
         <input_file_ref idref="fl-cc"/>
      </object_component>
      <object_component id="oc-315">
         <name>.debug_info</name>
         <load_address>0xa0e1</load_address>
         <run_address>0xa0e1</run_address>
         <size>0x21e</size>
         <input_file_ref idref="fl-cc"/>
      </object_component>
      <object_component id="oc-3bd">
         <name>.debug_info</name>
         <load_address>0xa2ff</load_address>
         <run_address>0xa2ff</run_address>
         <size>0x1b3</size>
         <input_file_ref idref="fl-cc"/>
      </object_component>
      <object_component id="oc-3c3">
         <name>.debug_info</name>
         <load_address>0xa4b2</load_address>
         <run_address>0xa4b2</run_address>
         <size>0x21b</size>
         <input_file_ref idref="fl-cc"/>
      </object_component>
      <object_component id="oc-31c">
         <name>.debug_info</name>
         <load_address>0xa6cd</load_address>
         <run_address>0xa6cd</run_address>
         <size>0x3c0</size>
         <input_file_ref idref="fl-cc"/>
      </object_component>
      <object_component id="oc-3cb">
         <name>.debug_info</name>
         <load_address>0xaa8d</load_address>
         <run_address>0xaa8d</run_address>
         <size>0x30a</size>
         <input_file_ref idref="fl-cc"/>
      </object_component>
      <object_component id="oc-3d1">
         <name>.debug_info</name>
         <load_address>0xad97</load_address>
         <run_address>0xad97</run_address>
         <size>0x215</size>
         <input_file_ref idref="fl-cc"/>
      </object_component>
      <object_component id="oc-322">
         <name>.debug_info</name>
         <load_address>0xafac</load_address>
         <run_address>0xafac</run_address>
         <size>0x215</size>
         <input_file_ref idref="fl-cc"/>
      </object_component>
      <object_component id="oc-328">
         <name>.debug_info</name>
         <load_address>0xb1c1</load_address>
         <run_address>0xb1c1</run_address>
         <size>0x304</size>
         <input_file_ref idref="fl-cc"/>
      </object_component>
      <object_component id="oc-32d">
         <name>.debug_info</name>
         <load_address>0xb4c5</load_address>
         <run_address>0xb4c5</run_address>
         <size>0x4b5</size>
         <input_file_ref idref="fl-cc"/>
      </object_component>
      <object_component id="oc-25a">
         <name>.debug_info</name>
         <load_address>0xb97a</load_address>
         <run_address>0xb97a</run_address>
         <size>0x5f4</size>
         <input_file_ref idref="fl-cc"/>
      </object_component>
      <object_component id="oc-344">
         <name>.debug_info</name>
         <load_address>0xbf6e</load_address>
         <run_address>0xbf6e</run_address>
         <size>0x86</size>
         <input_file_ref idref="fl-cc"/>
      </object_component>
      <object_component id="oc-3f8">
         <name>.debug_info</name>
         <load_address>0xbff4</load_address>
         <run_address>0xbff4</run_address>
         <size>0x39</size>
         <input_file_ref idref="fl-cc"/>
      </object_component>
      <object_component id="oc-45e">
         <name>.debug_info</name>
         <load_address>0xc02d</load_address>
         <run_address>0xc02d</run_address>
         <size>0xb6</size>
         <input_file_ref idref="fl-cc"/>
      </object_component>
      <object_component id="oc-3fd">
         <name>.debug_info</name>
         <load_address>0xc0e3</load_address>
         <run_address>0xc0e3</run_address>
         <size>0x46</size>
         <input_file_ref idref="fl-cc"/>
      </object_component>
      <object_component id="oc-349">
         <name>.debug_info</name>
         <load_address>0xc129</load_address>
         <run_address>0xc129</run_address>
         <size>0x46</size>
         <input_file_ref idref="fl-cc"/>
      </object_component>
      <object_component id="oc-2be">
         <name>.debug_info</name>
         <load_address>0xc16f</load_address>
         <run_address>0xc16f</run_address>
         <size>0x2c</size>
         <input_file_ref idref="fl-cc"/>
      </object_component>
      <object_component id="oc-2db">
         <name>.debug_info</name>
         <load_address>0xc19b</load_address>
         <run_address>0xc19b</run_address>
         <size>0x333</size>
         <input_file_ref idref="fl-cd"/>
      </object_component>
      <object_component id="oc-1de">
         <name>.debug_info</name>
         <load_address>0xc4ce</load_address>
         <run_address>0xc4ce</run_address>
         <size>0x1d1</size>
         <input_file_ref idref="fl-cd"/>
      </object_component>
      <object_component id="oc-2d2">
         <name>.debug_info</name>
         <load_address>0xc69f</load_address>
[...]
         <value>0x20001fb4</value>
         <object_component_ref idref="oc-1e0"/>
      </symbol>
      <symbol id="sm-3c6">
         <name>ResetISR</name>
         <value>0x5871</value>
         <object_component_ref idref="oc-2a"/>
      </symbol>
      <symbol id="sm-3c7">
         <name>g_pfnVectors</name>
         <value>0x0</value>
         <object_component_ref idref="oc-12"/>
      </symbol>
      <symbol id="sm-3f6">
         <name>uart_interrupt_handler</name>
         <value>0x3a73</value>
         <object_component_ref idref="oc-dc"/>
      </symbol>
      <symbol id="sm-3f7">
         <name>uart_sendChar</name>
         <value>0x39ed</value>
         <object_component_ref idref="oc-dc"/>
      </symbol>
      <symbol id="sm-3f8">
         <name>uart_interrupt_init</name>
         <value>0x3a53</value>
         <object_component_ref idref="oc-dc"/>
      </symbol>
      <symbol id="sm-3f9">
         <name>uart_init</name>
         <value>0x3985</value>
         <object_component_ref idref="oc-dc"/>
      </symbol>
      <symbol id="sm-3fa">
         <name>uart_receive</name>
         <value>0x3a09</value>
         <object_component_ref idref="oc-dc"/>
      </symbol>
      <symbol id="sm-3fb">
         <name>uart_sendStr</name>
         <value>0x3a2f</value>
         <object_component_ref idref="oc-dc"/>
      </symbol>
      <symbol id="sm-427">
         <name>printf</name>
         <value>0x4ccd</value>
         <object_component_ref idref="oc-140"/>
      </symbol>
      <symbol id="sm-591">
         <name>__TI_printfi</name>
         <value>0xe8d</value>
         <object_component_ref idref="oc-256"/>
      </symbol>
      <symbol id="sm-5b3">
         <name>sprintf</name>
         <value>0x5345</value>
         <object_component_ref idref="oc-1da"/>
      </symbol>
      <symbol id="sm-5dd">
         <name>vsnprintf</name>
         <value>0x5385</value>
         <object_component_ref idref="oc-1be"/>
      </symbol>
      <symbol id="sm-5f2">
         <name>putc</name>
         <value>0x47bd</value>
         <object_component_ref idref="oc-359"/>
      </symbol>
      <symbol id="sm-5f3">
         <name>fputc</name>
         <value>0x47bd</value>
         <object_component_ref idref="oc-359"/>
      </symbol>
      <symbol id="sm-616">
         <name>fputs</name>
         <value>0x3ff9</value>
         <object_component_ref idref="oc-352"/>
      </symbol>
      <symbol id="sm-62e">
         <name>__TI_wrt_ok</name>
         <value>0x4dfd</value>
         <object_component_ref idref="oc-404"/>
      </symbol>
      <symbol id="sm-64a">
         <name>setvbuf</name>
         <value>0x44fd</value>
         <object_component_ref idref="oc-469"/>
      </symbol>
      <symbol id="sm-661">
         <name>__aeabi_dsub</name>
         <value>0x37cd</value>
         <object_component_ref idref="oc-200"/>
      </symbol>
      <symbol id="sm-662">
         <name>__aeabi_dadd</name>
         <value>0x37d7</value>
         <object_component_ref idref="oc-200"/>
      </symbol>
      <symbol id="sm-684">
         <name>__aeabi_cdcmpeq</name>
         <value>0x4849</value>
         <object_component_ref idref="oc-210"/>
      </symbol>
      <symbol id="sm-685">
         <name>__aeabi_cdcmple</name>
         <value>0x4849</value>
         <object_component_ref idref="oc-210"/>
      </symbol>
      <symbol id="sm-686">
         <name>__aeabi_cdrcmple</name>
         <value>0x48cf</value>
         <object_component_ref idref="oc-135"/>
      </symbol>
      <symbol id="sm-69a">
         <name>__aeabi_ddiv</name>
         <value>0x3d9d</value>
         <object_component_ref idref="oc-1f6"/>
      </symbol>
      <symbol id="sm-6a5">
         <name>__aeabi_dmul</name>
         <value>0x431d</value>
         <object_component_ref idref="oc-1f1"/>
      </symbol>
      <symbol id="sm-6af">
         <name>__aeabi_d2iz</name>
         <value>0x51a9</value>
         <object_component_ref idref="oc-20b"/>
      </symbol>
      <symbol id="sm-6bb">
         <name>__aeabi_d2f</name>
         <value>0x4b23</value>
         <object_component_ref idref="oc-11b"/>
      </symbol>
      <symbol id="sm-6c5">
         <name>__aeabi_d2uiz</name>
         <value>0x5301</value>
         <object_component_ref idref="oc-21a"/>
      </symbol>
      <symbol id="sm-6d0">
         <name>__aeabi_f2d</name>
         <value>0x5475</value>
         <object_component_ref idref="oc-116"/>
      </symbol>
      <symbol id="sm-6da">
         <name>__aeabi_i2d</name>
         <value>0x5615</value>
         <object_component_ref idref="oc-1fb"/>
      </symbol>
      <symbol id="sm-6f5">
         <name>memcpy</name>
         <value>0x468b</value>
         <object_component_ref idref="oc-3e"/>
      </symbol>
      <symbol id="sm-6f6">
         <name>__aeabi_memcpy</name>
         <value>0x468b</value>
         <object_component_ref idref="oc-3e"/>
      </symbol>
      <symbol id="sm-6f7">
         <name>__aeabi_memcpy8</name>
         <value>0x468b</value>
         <object_component_ref idref="oc-3e"/>
      </symbol>
      <symbol id="sm-6f8">
         <name>__aeabi_memcpy4</name>
         <value>0x468b</value>
         <object_component_ref idref="oc-3e"/>
      </symbol>
      <symbol id="sm-702">
         <name>__aeabi_ui2d</name>
         <value>0x5709</value>
         <object_component_ref idref="oc-215"/>
      </symbol>
      <symbol id="sm-711">
         <name>__aeabi_memset</name>
         <value>0x4957</value>
         <object_component_ref idref="oc-96"/>
      </symbol>
      <symbol id="sm-712">
         <name>memset</name>
         <value>0x495d</value>
         <object_component_ref idref="oc-96"/>
      </symbol>
      <symbol id="sm-713">
         <name>__aeabi_memset8</name>
         <value>0x4957</value>
         <object_component_ref idref="oc-96"/>
      </symbol>
      <symbol id="sm-714">
         <name>__aeabi_memset4</name>
         <value>0x4957</value>
         <object_component_ref idref="oc-96"/>
      </symbol>
      <symbol id="sm-715">
         <name>__aeabi_memclr8</name>
         <value>0x4955</value>
         <object_component_ref idref="oc-96"/>
      </symbol>
      <symbol id="sm-716">
         <name>__aeabi_memclr4</name>
         <value>0x4955</value>
         <object_component_ref idref="oc-96"/>
      </symbol>
      <symbol id="sm-717">
         <name>__aeabi_memclr</name>
         <value>0x4955</value>
         <object_component_ref idref="oc-96"/>
      </symbol>
      <symbol id="sm-724">
         <name>__aeabi_uldivmod</name>
         <value>0x4727</value>
         <object_component_ref idref="oc-3ae"/>
      </symbol>
      <symbol id="sm-736">
         <name>__TI_zero_init</name>
         <value>0x5865</value>
         <object_component_ref idref="oc-50"/>
      </symbol>
      <symbol id="sm-74d">
         <name>__TI_decompress_none</name>
         <value>0x584b</value>
         <object_component_ref idref="oc-1b"/>
      </symbol>
      <symbol id="sm-770">
         <name>__TI_decompress_lzss</name>
         <value>0x4c65</value>
         <object_component_ref idref="oc-15"/>
      </symbol>
      <symbol id="sm-796">
         <name>C$$EXIT</name>
         <value>0x58a5</value>
         <object_component_ref idref="oc-147"/>
      </symbol>
      <symbol id="sm-797">
         <name>abort</name>
         <value>0x58a5</value>
         <object_component_ref idref="oc-147"/>
      </symbol>
      <symbol id="sm-798">
         <name>__TI_dtors_ptr</name>
         <value>0x20001f9c</value>
         <object_component_ref idref="oc-26e"/>
      </symbol>
      <symbol id="sm-799">
         <name>__TI_cleanup_ptr</name>
         <value>0x20001f98</value>
         <object_component_ref idref="oc-26e"/>
      </symbol>
      <symbol id="sm-79a">
         <name>__TI_enable_exit_profile_output</name>
         <value>0x20001fa0</value>
         <object_component_ref idref="oc-26e"/>
      </symbol>
      <symbol id="sm-79b">
         <name>exit</name>
         <value>0x5161</value>
         <object_component_ref idref="oc-14d"/>
      </symbol>
      <symbol id="sm-7b0">
         <name>_nop</name>
         <value>0x18db</value>
         <object_component_ref idref="oc-2fc"/>
      </symbol>
      <symbol id="sm-7b1">
         <name>_lock</name>
         <value>0x20001fa4</value>
         <object_component_ref idref="oc-238"/>
      </symbol>
      <symbol id="sm-7b2">
         <name>_unlock</name>
         <value>0x20001fa8</value>
         <object_component_ref idref="oc-238"/>
      </symbol>
      <symbol id="sm-7c1">
         <name>__TI_ltoa</name>
         <value>0x5023</value>
         <object_component_ref idref="oc-3b4"/>
      </symbol>
      <symbol id="sm-7d7">
         <name>atoi</name>
         <value>0x5115</value>
         <object_component_ref idref="oc-30c"/>
      </symbol>
      <symbol id="sm-7e2">
         <name>_ctypes_</name>
         <value>0x5b80</value>
         <object_component_ref idref="oc-3a9"/>
      </symbol>
      <symbol id="sm-7f7">
         <name>__TI_tmpnams</name>
         <value>0x200020ec</value>
      </symbol>
      <symbol id="sm-7f8">
         <name>__aeabi_stdout</name>
         <value>0x20001f90</value>
         <object_component_ref idref="oc-4c6"/>
      </symbol>
      <symbol id="sm-7f9">
         <name>__aeabi_stderr</name>
         <value>0x20001f94</value>
         <object_component_ref idref="oc-4c6"/>
      </symbol>
      <symbol id="sm-7fa">
         <name>__aeabi_stdin</name>
         <value>0x20001f8c</value>
         <object_component_ref idref="oc-4c6"/>
      </symbol>
      <symbol id="sm-7fb">
         <name>_ftable</name>
         <value>0x20001d48</value>
         <object_component_ref idref="oc-25c"/>
      </symbol>
      <symbol id="sm-7fc">
         <name>__TI_ft_end</name>
         <value>0x20001f88</value>
         <object_component_ref idref="oc-4c6"/>
      </symbol>
      <symbol id="sm-80c">
         <name>memccpy</name>
         <value>0x5745</value>
         <object_component_ref idref="oc-330"/>
      </symbol>
      <symbol id="sm-81c">
         <name>memchr</name>
         <value>0x56e9</value>
         <object_component_ref idref="oc-40a"/>
      </symbol>
      <symbol id="sm-8b1">
         <name>_sys_memory</name>
         <value>0x20001270</value>
         <object_component_ref idref="oc-24"/>
      </symbol>
      <symbol id="sm-8b2">
         <name>free</name>
         <value>0x4419</value>
         <object_component_ref idref="oc-126"/>
      </symbol>
      <symbol id="sm-8b3">
         <name>memalign</name>
         <value>0x421d</value>
         <object_component_ref idref="oc-2f0"/>
      </symbol>
      <symbol id="sm-8b4">
         <name>calloc</name>
         <value>0x543d</value>
         <object_component_ref idref="oc-120"/>
      </symbol>
      <symbol id="sm-8b5">
         <name>malloc</name>
         <value>0x5891</value>
         <object_component_ref idref="oc-225"/>
      </symbol>
      <symbol id="sm-8b6">
         <name>aligned_alloc</name>
         <value>0x421d</value>
         <object_component_ref idref="oc-2f0"/>
      </symbol>
      <symbol id="sm-8c6">
         <name>strchr</name>
         <value>0x57db</value>
         <object_component_ref idref="oc-3e1"/>
      </symbol>
      <symbol id="sm-8d5">
         <name>strcmp</name>
         <value>0x57c3</value>
         <object_component_ref idref="oc-1c4"/>
      </symbol>
      <symbol id="sm-8e3">
         <name>strcpy</name>
         <value>0x57f1</value>
         <object_component_ref idref="oc-1ca"/>
      </symbol>
      <symbol id="sm-8f1">
         <name>strlen</name>
         <value>0x5805</value>
         <object_component_ref idref="oc-306"/>
      </symbol>
      <symbol id="sm-904">
         <name>__stack</name>
         <value>0x20000270</value>
         <object_component_ref idref="oc-27"/>
      </symbol>
      <symbol id="sm-905">
         <name>_c_int00_noargs</name>
         <value>0x5581</value>
         <object_component_ref idref="oc-5c"/>
      </symbol>
      <symbol id="sm-91f">
         <name>write</name>
         <value>0x56c1</value>
         <object_component_ref idref="oc-416"/>
      </symbol>
      <symbol id="sm-930">
         <name>_stream</name>
         <value>0x20001eb0</value>
         <object_component_ref idref="oc-475"/>
      </symbol>
      <symbol id="sm-931">
         <name>_device</name>
         <value>0x20001e38</value>
         <object_component_ref idref="oc-4aa"/>
      </symbol>
      <symbol id="sm-947">
         <name>__aeabi_errno_addr</name>
         <value>0x5889</value>
         <object_component_ref idref="oc-33c"/>
      </symbol>
      <symbol id="sm-948">
         <name>errno</name>
         <value>0x20001fc4</value>
         <object_component_ref idref="oc-3f1"/>
      </symbol>
      <symbol id="sm-961">
         <name>wcslen</name>
         <value>0x5819</value>
         <object_component_ref idref="oc-336"/>
      </symbol>
      <symbol id="sm-981">
         <name>frexpl</name>
         <value>0x4d35</value>
         <object_component_ref idref="oc-3d5"/>
      </symbol>
      <symbol id="sm-982">
         <name>frexp</name>
         <value>0x4d35</value>
         <object_component_ref idref="oc-3d5"/>
      </symbol>
      <symbol id="sm-99f">
         <name>scalbn</name>
         <value>0x410d</value>
         <object_component_ref idref="oc-3db"/>
      </symbol>
      <symbol id="sm-9a0">
         <name>scalbnl</name>
         <value>0x410d</value>
         <object_component_ref idref="oc-3db"/>
      </symbol>
      <symbol id="sm-9a1">
         <name>ldexpl</name>
         <value>0x410d</value>
         <object_component_ref idref="oc-3db"/>
      </symbol>
      <symbol id="sm-9a2">
         <name>ldexp</name>
         <value>0x410d</value>
         <object_component_ref idref="oc-3db"/>
      </symbol>
      <symbol id="sm-9b2">
         <name>__TI_doflush</name>
         <value>0x50c9</value>
         <object_component_ref idref="oc-410"/>
      </symbol>
      <symbol id="sm-9c2">
         <name>__TI_cleanup</name>
         <value>0x5519</value>
         <object_component_ref idref="oc-497"/>
      </symbol>
      <symbol id="sm-9d4">
         <name>fseek</name>
         <value>0x4d99</value>
         <object_component_ref idref="oc-463"/>
      </symbol>
      <symbol id="sm-9de">
         <name>__aeabi_idiv0</name>
         <value>0x3983</value>
         <object_component_ref idref="oc-434"/>
      </symbol>
      <symbol id="sm-9df">
         <name>__aeabi_ldiv0</name>
         <value>0x3983</value>
         <object_component_ref idref="oc-434"/>
      </symbol>
      <symbol id="sm-a07">
         <name>__TI_auto_init_nobinit_nopinit</name>
         <value>0x5279</value>
         <object_component_ref idref="oc-153"/>
      </symbol>
      <symbol id="sm-a11">
         <name>_system_pre_init</name>
         <value>0x58a1</value>
         <object_component_ref idref="oc-9c"/>
      </symbol>
      <symbol id="sm-a24">
         <name>HOSTclose</name>
         <value>0x51f1</value>
         <object_component_ref idref="oc-4d2"/>
      </symbol>
      <symbol id="sm-a35">
         <name>HOSTlseek</name>
         <value>0x4bfd</value>
         <object_component_ref idref="oc-4e4"/>
      </symbol>
      <symbol id="sm-a47">
         <name>parmbuf</name>
         <value>0x200021f8</value>
      </symbol>
      <symbol id="sm-a48">
         <name>HOSTopen</name>
         <value>0x4e61</value>
         <object_component_ref idref="oc-4cc"/>
      </symbol>
      <symbol id="sm-a59">
         <name>HOSTread</name>
         <value>0x4f1d</value>
         <object_component_ref idref="oc-4d8"/>
      </symbol>
      <symbol id="sm-a6a">
         <name>HOSTrename</name>
         <value>0x4b91</value>
         <object_component_ref idref="oc-4f0"/>
      </symbol>
      <symbol id="sm-a7b">
         <name>HOSTunlink</name>
         <value>0x5235</value>
         <object_component_ref idref="oc-4ea"/>
      </symbol>
      <symbol id="sm-a8c">
         <name>HOSTwrite</name>
         <value>0x4f75</value>
         <object_component_ref idref="oc-4de"/>
      </symbol>
      <symbol id="sm-ab0">
         <name>__TI_readmsg</name>
         <value>0x554d</value>
         <object_component_ref idref="oc-513"/>
      </symbol>
      <symbol id="sm-ab1">
         <name>C$$IO$$</name>
         <value>0x5433</value>
         <object_component_ref idref="oc-50d"/>
      </symbol>
      <symbol id="sm-ab2">
         <name>__CIOBUF_</name>
         <value>0x20001fcc</value>
         <object_component_ref idref="oc-535"/>
      </symbol>
      <symbol id="sm-ab3">
         <name>__TI_writemsg</name>
         <value>0x5405</value>
         <object_component_ref idref="oc-50d"/>
      </symbol>
      <symbol id="sm-ac4">
         <name>lseek</name>
         <value>0x5699</value>
         <object_component_ref idref="oc-48f"/>
      </symbol>
      <symbol id="sm-ace">
         <name>copysign</name>
         <value>0x5761</value>
         <object_component_ref idref="oc-447"/>
      </symbol>
      <symbol id="sm-acf">
         <name>copysignl</name>
         <value>0x5761</value>
         <object_component_ref idref="oc-447"/>
      </symbol>
      <symbol id="sm-ae4">
         <name>__TI_closefile</name>
         <value>0x49d1</value>
         <object_component_ref idref="oc-4c0"/>
      </symbol>
      <symbol id="sm-b07">
         <name>finddevice</name>
         <value>0x55e5</value>
         <object_component_ref idref="oc-551"/>
      </symbol>
      <symbol id="sm-b08">
         <name>getdevice</name>
         <value>0x52bd</value>
         <object_component_ref idref="oc-52b"/>
      </symbol>
      <symbol id="sm-b18">
         <name>strncpy</name>
         <value>0x54ad</value>
         <object_component_ref idref="oc-54b"/>
      </symbol>
      <symbol id="sm-b2d">
         <name>close</name>
         <value>0x4ec1</value>
         <object_component_ref idref="oc-4fc"/>
      </symbol>
      <symbol id="sm-b3d">
         <name>unlink</name>
         <value>0x5645</value>
         <object_component_ref idref="oc-502"/>
      </symbol>
      <symbol id="sm-b6c">
         <name>IntRegister</name>
         <value>0x54e5</value>
         <object_component_ref idref="oc-18c"/>
      </symbol>
      <symbol id="sm-b6d">
         <name>g_pfnRAMVectors</name>
         <value>0x20000000</value>
         <object_component_ref idref="oc-28a"/>
      </symbol>
      <symbol id="sm-b6e">
         <name>IntMasterEnable</name>
         <value>0x582b</value>
         <object_component_ref idref="oc-1a9"/>
      </symbol>
      <symbol id="sm-b78">
         <name>CPUcpsie</name>
         <value>0x5859</value>
         <object_component_ref idref="oc-2a1"/>
      </symbol>
      <symbol id="sm-b79">
         <name>__TI_static_base__</name>
         <value>0x0</value>
      </symbol>
      <symbol id="sm-b7c">
         <name>__mpu_init</name>
         <value>0x0</value>
      </symbol>
      <symbol id="sm-b7d">
         <name>_system_post_cinit</name>
         <value>0x0</value>
      </symbol>
      <symbol id="sm-b7e">
         <name>remove</name>
         <value>0x5645</value>
      </symbol>
   </symbol_table>
   <title>Link successful</title>
</link_info>
