<?xml version="1.0" encoding="ISO-8859-1" ?>
<link_info>
   <banner>TI ARM Linker PC v20.2.7.LTS</banner>
   <copyright>Copyright (c) 1996-2018 Texas Instruments Incorporated</copyright>
   <link_time>0x66f7336a</link_time>
   <link_errors>0x0</link_errors>
   <output_file>lab_3.out</output_file>
   <entry_point>
      <name>_c_int00_noargs</name>
      <address>0x3e49</address>
   </entry_point>
   <input_file_list>
      <input_file id="fl-2">
         <path>.\</path>
         <kind>object</kind>
         <file>Timer.obj</file>
         <name>Timer.obj</name>
      </input_file>
      <input_file id="fl-3">
         <path>.\</path>
         <kind>object</kind>
         <file>lcd.obj</file>
         <name>lcd.obj</name>
      </input_file>
      <input_file id="fl-4">
         <path>.\</path>
         <kind>object</kind>
         <file>main.obj</file>
         <name>main.obj</name>
      </input_file>
      <input_file id="fl-5">
         <path>.\</path>
         <kind>object</kind>
         <file>movement.obj</file>
         <name>movement.obj</name>
      </input_file>
      <input_file id="fl-6">
         <path>.\</path>
         <kind>object</kind>
         <file>open_interface.obj</file>
         <name>open_interface.obj</name>
      </input_file>
      <input_file id="fl-7">
         <path>.\</path>
         <kind>object</kind>
         <file>tm4c123gh6pm_startup_ccs.obj</file>
         <name>tm4c123gh6pm_startup_ccs.obj</name>
      </input_file>
      <input_file id="fl-e">
         <kind>object</kind>
         <file>&lt;internal&gt;</file>
         <name>&lt;internal&gt;</name>
      </input_file>
      <input_file id="fl-f">
         <path>..\</path>
         <kind>archive</kind>
         <file>libcybotScan.lib</file>
         <name>cyBot_Scan.obj</name>
      </input_file>
      <input_file id="fl-10">
         <path>..\</path>
         <kind>archive</kind>
         <file>libcybotScan.lib</file>
         <name>ir.obj</name>
      </input_file>
      <input_file id="fl-11">
         <path>..\</path>
         <kind>archive</kind>
         <file>libcybotScan.lib</file>
         <name>ping.obj</name>
      </input_file>
      <input_file id="fl-12">
         <path>..\</path>
         <kind>archive</kind>
         <file>libcybotScan.lib</file>
         <name>servo.obj</name>
      </input_file>
      <input_file id="fl-13">
         <path>..\</path>
         <kind>archive</kind>
         <file>libcybotUART.lib</file>
         <name>uart.obj</name>
      </input_file>
      <input_file id="fl-c9">
         <path>C:\ti\ccs1271\ccs\tools\compiler\ti-cgt-arm_20.2.7.LTS\lib\</path>
         <kind>archive</kind>
         <file>rtsv7M4_T_le_v4SPD16_eabi.lib</file>
         <name>printf.c.obj</name>
      </input_file>
      <input_file id="fl-ca">
         <path>C:\ti\ccs1271\ccs\tools\compiler\ti-cgt-arm_20.2.7.LTS\lib\</path>
         <kind>archive</kind>
         <file>rtsv7M4_T_le_v4SPD16_eabi.lib</file>
         <name>_printfi.c.obj</name>
      </input_file>
      <input_file id="fl-cb">
         <path>C:\ti\ccs1271\ccs\tools\compiler\ti-cgt-arm_20.2.7.LTS\lib\</path>
         <kind>archive</kind>
         <file>rtsv7M4_T_le_v4SPD16_eabi.lib</file>
         <name>sprintf.c.obj</name>
      </input_file>
      <input_file id="fl-cc">
         <path>C:\ti\ccs1271\ccs\tools\compiler\ti-cgt-arm_20.2.7.LTS\lib\</path>
         <kind>archive</kind>
         <file>rtsv7M4_T_le_v4SPD16_eabi.lib</file>
         <name>vsnprintf.c.obj</name>
      </input_file>
      <input_file id="fl-cd">
         <path>C:\ti\ccs1271\ccs\tools\compiler\ti-cgt-arm_20.2.7.LTS\lib\</path>
         <kind>archive</kind>
         <file>rtsv7M4_T_le_v4SPD16_eabi.lib</file>
         <name>fputc.c.obj</name>
      </input_file>
      <input_file id="fl-ce">
         <path>C:\ti\ccs1271\ccs\tools\compiler\ti-cgt-arm_20.2.7.LTS\lib\</path>
         <kind>archive</kind>
         <file>rtsv7M4_T_le_v4SPD16_eabi.lib</file>
         <name>fputs.c.obj</name>
      </input_file>
      <input_file id="fl-cf">
         <path>C:\ti\ccs1271\ccs\tools\compiler\ti-cgt-arm_20.2.7.LTS\lib\</path>
         <kind>archive</kind>
         <file>rtsv7M4_T_le_v4SPD16_eabi.lib</file>
         <name>_io_perm.c.obj</name>
      </input_file>
      <input_file id="fl-d0">
         <path>C:\ti\ccs1271\ccs\tools\compiler\ti-cgt-arm_20.2.7.LTS\lib\</path>
         <kind>archive</kind>
         <file>rtsv7M4_T_le_v4SPD16_eabi.lib</file>
         <name>setvbuf.c.obj</name>
      </input_file>
      <input_file id="fl-d1">
         <path>C:\ti\ccs1271\ccs\tools\compiler\ti-cgt-arm_20.2.7.LTS\lib\</path>
         <kind>archive</kind>
         <file>rtsv7M4_T_le_v4SPD16_eabi.lib</file>
         <name>fd_add_t2.asm.obj</name>
      </input_file>
      <input_file id="fl-d2">
         <path>C:\ti\ccs1271\ccs\tools\compiler\ti-cgt-arm_20.2.7.LTS\lib\</path>
         <kind>archive</kind>
         <file>rtsv7M4_T_le_v4SPD16_eabi.lib</file>
         <name>fd_cmp_t2.asm.obj</name>
      </input_file>
      <input_file id="fl-d3">
         <path>C:\ti\ccs1271\ccs\tools\compiler\ti-cgt-arm_20.2.7.LTS\lib\</path>
         <kind>archive</kind>
         <file>rtsv7M4_T_le_v4SPD16_eabi.lib</file>
         <name>fd_div_t2.asm.obj</name>
      </input_file>
      <input_file id="fl-d4">
         <path>C:\ti\ccs1271\ccs\tools\compiler\ti-cgt-arm_20.2.7.LTS\lib\</path>
         <kind>archive</kind>
         <file>rtsv7M4_T_le_v4SPD16_eabi.lib</file>
         <name>fd_mul_t2.asm.obj</name>
      </input_file>
      <input_file id="fl-d5">
         <path>C:\ti\ccs1271\ccs\tools\compiler\ti-cgt-arm_20.2.7.LTS\lib\</path>
         <kind>archive</kind>
         <file>rtsv7M4_T_le_v4SPD16_eabi.lib</file>
         <name>fd_toi_t2.asm.obj</name>
      </input_file>
      <input_file id="fl-d6">
         <path>C:\ti\ccs1271\ccs\tools\compiler\ti-cgt-arm_20.2.7.LTS\lib\</path>
         <kind>archive</kind>
         <file>rtsv7M4_T_le_v4SPD16_eabi.lib</file>
         <name>fd_tos_t2.asm.obj</name>
      </input_file>
      <input_file id="fl-d7">
         <path>C:\ti\ccs1271\ccs\tools\compiler\ti-cgt-arm_20.2.7.LTS\lib\</path>
         <kind>archive</kind>
         <file>rtsv7M4_T_le_v4SPD16_eabi.lib</file>
         <name>fd_tou_t2.asm.obj</name>
      </input_file>
      <input_file id="fl-d8">
         <path>C:\ti\ccs1271\ccs\tools\compiler\ti-cgt-arm_20.2.7.LTS\lib\</path>
         <kind>archive</kind>
         <file>rtsv7M4_T_le_v4SPD16_eabi.lib</file>
         <name>fs_tod_t2.asm.obj</name>
      </input_file>
      <input_file id="fl-d9">
         <path>C:\ti\ccs1271\ccs\tools\compiler\ti-cgt-arm_20.2.7.LTS\lib\</path>
         <kind>archive</kind>
         <file>rtsv7M4_T_le_v4SPD16_eabi.lib</file>
         <name>i_tofd_t2.asm.obj</name>
      </input_file>
      <input_file id="fl-da">
         <path>C:\ti\ccs1271\ccs\tools\compiler\ti-cgt-arm_20.2.7.LTS\lib\</path>
         <kind>archive</kind>
         <file>rtsv7M4_T_le_v4SPD16_eabi.lib</file>
         <name>memcpy_t2.asm.obj</name>
      </input_file>
      <input_file id="fl-db">
         <path>C:\ti\ccs1271\ccs\tools\compiler\ti-cgt-arm_20.2.7.LTS\lib\</path>
         <kind>archive</kind>
         <file>rtsv7M4_T_le_v4SPD16_eabi.lib</file>
         <name>u_tofd_t2.asm.obj</name>
      </input_file>
      <input_file id="fl-dc">
         <path>C:\ti\ccs1271\ccs\tools\compiler\ti-cgt-arm_20.2.7.LTS\lib\</path>
         <kind>archive</kind>
         <file>rtsv7M4_T_le_v4SPD16_eabi.lib</file>
         <name>memset_t2.asm.obj</name>
      </input_file>
      <input_file id="fl-dd">
         <path>C:\ti\ccs1271\ccs\tools\compiler\ti-cgt-arm_20.2.7.LTS\lib\</path>
         <kind>archive</kind>
         <file>rtsv7M4_T_le_v4SPD16_eabi.lib</file>
         <name>ull_div_t2.asm.obj</name>
      </input_file>
      <input_file id="fl-de">
         <path>C:\ti\ccs1271\ccs\tools\compiler\ti-cgt-arm_20.2.7.LTS\lib\</path>
         <kind>archive</kind>
         <file>rtsv7M4_T_le_v4SPD16_eabi.lib</file>
         <name>copy_zero_init.c.obj</name>
      </input_file>
      <input_file id="fl-df">
         <path>C:\ti\ccs1271\ccs\tools\compiler\ti-cgt-arm_20.2.7.LTS\lib\</path>
         <kind>archive</kind>
         <file>rtsv7M4_T_le_v4SPD16_eabi.lib</file>
         <name>copy_decompress_none.c.obj</name>
      </input_file>
      <input_file id="fl-e0">
         <path>C:\ti\ccs1271\ccs\tools\compiler\ti-cgt-arm_20.2.7.LTS\lib\</path>
         <kind>archive</kind>
         <file>rtsv7M4_T_le_v4SPD16_eabi.lib</file>
         <name>copy_decompress_lzss.c.obj</name>
      </input_file>
      <input_file id="fl-e1">
         <path>C:\ti\ccs1271\ccs\tools\compiler\ti-cgt-arm_20.2.7.LTS\lib\</path>
         <kind>archive</kind>
         <file>rtsv7M4_T_le_v4SPD16_eabi.lib</file>
         <name>exit.c.obj</name>
      </input_file>
      <input_file id="fl-e2">
         <path>C:\ti\ccs1271\ccs\tools\compiler\ti-cgt-arm_20.2.7.LTS\lib\</path>
         <kind>archive</kind>
         <file>rtsv7M4_T_le_v4SPD16_eabi.lib</file>
         <name>_lock.c.obj</name>
      </input_file>
      <input_file id="fl-e3">
         <path>C:\ti\ccs1271\ccs\tools\compiler\ti-cgt-arm_20.2.7.LTS\lib\</path>
         <kind>archive</kind>
         <file>rtsv7M4_T_le_v4SPD16_eabi.lib</file>
         <name>_ltoa.c.obj</name>
      </input_file>
      <input_file id="fl-e4">
         <path>C:\ti\ccs1271\ccs\tools\compiler\ti-cgt-arm_20.2.7.LTS\lib\</path>
         <kind>archive</kind>
         <file>rtsv7M4_T_le_v4SPD16_eabi.lib</file>
         <name>atoi.c.obj</name>
      </input_file>
      <input_file id="fl-e5">
         <path>C:\ti\ccs1271\ccs\tools\compiler\ti-cgt-arm_20.2.7.LTS\lib\</path>
         <kind>archive</kind>
         <file>rtsv7M4_T_le_v4SPD16_eabi.lib</file>
         <name>ctype.c.obj</name>
      </input_file>
      <input_file id="fl-e6">
         <path>C:\ti\ccs1271\ccs\tools\compiler\ti-cgt-arm_20.2.7.LTS\lib\</path>
         <kind>archive</kind>
         <file>rtsv7M4_T_le_v4SPD16_eabi.lib</file>
         <name>defs.c.obj</name>
      </input_file>
      <input_file id="fl-e7">
         <path>C:\ti\ccs1271\ccs\tools\compiler\ti-cgt-arm_20.2.7.LTS\lib\</path>
         <kind>archive</kind>
         <file>rtsv7M4_T_le_v4SPD16_eabi.lib</file>
         <name>memccpy.c.obj</name>
      </input_file>
      <input_file id="fl-e8">
         <path>C:\ti\ccs1271\ccs\tools\compiler\ti-cgt-arm_20.2.7.LTS\lib\</path>
         <kind>archive</kind>
         <file>rtsv7M4_T_le_v4SPD16_eabi.lib</file>
         <name>memchr.c.obj</name>
      </input_file>
      <input_file id="fl-e9">
         <path>C:\ti\ccs1271\ccs\tools\compiler\ti-cgt-arm_20.2.7.LTS\lib\</path>
         <kind>archive</kind>
         <file>rtsv7M4_T_le_v4SPD16_eabi.lib</file>
         <name>memory.c.obj</name>
      </input_file>
      <input_file id="fl-ea">
         <path>C:\ti\ccs1271\ccs\tools\compiler\ti-cgt-arm_20.2.7.LTS\lib\</path>
         <kind>archive</kind>
         <file>rtsv7M4_T_le_v4SPD16_eabi.lib</file>
         <name>strchr.c.obj</name>
      </input_file>
      <input_file id="fl-eb">
         <path>C:\ti\ccs1271\ccs\tools\compiler\ti-cgt-arm_20.2.7.LTS\lib\</path>
         <kind>archive</kind>
         <file>rtsv7M4_T_le_v4SPD16_eabi.lib</file>
         <name>strcmp.c.obj</name>
      </input_file>
      <input_file id="fl-ec">
         <path>C:\ti\ccs1271\ccs\tools\compiler\ti-cgt-arm_20.2.7.LTS\lib\</path>
         <kind>archive</kind>
         <file>rtsv7M4_T_le_v4SPD16_eabi.lib</file>
         <name>strcpy.c.obj</name>
      </input_file>
      <input_file id="fl-ed">
         <path>C:\ti\ccs1271\ccs\tools\compiler\ti-cgt-arm_20.2.7.LTS\lib\</path>
         <kind>archive</kind>
         <file>rtsv7M4_T_le_v4SPD16_eabi.lib</file>
         <name>strlen.c.obj</name>
      </input_file>
      <input_file id="fl-ee">
         <path>C:\ti\ccs1271\ccs\tools\compiler\ti-cgt-arm_20.2.7.LTS\lib\</path>
         <kind>archive</kind>
         <file>rtsv7M4_T_le_v4SPD16_eabi.lib</file>
         <name>boot_cortex_m.c.obj</name>
      </input_file>
      <input_file id="fl-ef">
         <path>C:\ti\ccs1271\ccs\tools\compiler\ti-cgt-arm_20.2.7.LTS\lib\</path>
         <kind>archive</kind>
         <file>rtsv7M4_T_le_v4SPD16_eabi.lib</file>
         <name>write.c.obj</name>
      </input_file>
      <input_file id="fl-f0">
         <path>C:\ti\ccs1271\ccs\tools\compiler\ti-cgt-arm_20.2.7.LTS\lib\</path>
         <kind>archive</kind>
         <file>rtsv7M4_T_le_v4SPD16_eabi.lib</file>
         <name>host_device.c.obj</name>
      </input_file>
      <input_file id="fl-f1">
         <path>C:\ti\ccs1271\ccs\tools\compiler\ti-cgt-arm_20.2.7.LTS\lib\</path>
         <kind>archive</kind>
         <file>rtsv7M4_T_le_v4SPD16_eabi.lib</file>
         <name>errno.c.obj</name>
      </input_file>
      <input_file id="fl-f2">
         <path>C:\ti\ccs1271\ccs\tools\compiler\ti-cgt-arm_20.2.7.LTS\lib\</path>
         <kind>archive</kind>
         <file>rtsv7M4_T_le_v4SPD16_eabi.lib</file>
         <name>wcslen.c.obj</name>
      </input_file>
      <input_file id="fl-f3">
         <path>C:\ti\ccs1271\ccs\tools\compiler\ti-cgt-arm_20.2.7.LTS\lib\</path>
         <kind>archive</kind>
         <file>rtsv7M4_T_le_v4SPD16_eabi.lib</file>
         <name>s_frexp.c.obj</name>
      </input_file>
      <input_file id="fl-f4">
         <path>C:\ti\ccs1271\ccs\tools\compiler\ti-cgt-arm_20.2.7.LTS\lib\</path>
         <kind>archive</kind>
         <file>rtsv7M4_T_le_v4SPD16_eabi.lib</file>
         <name>s_scalbn.c.obj</name>
      </input_file>
      <input_file id="fl-f5">
         <path>C:\ti\ccs1271\ccs\tools\compiler\ti-cgt-arm_20.2.7.LTS\lib\</path>
         <kind>archive</kind>
         <file>rtsv7M4_T_le_v4SPD16_eabi.lib</file>
         <name>fflush.c.obj</name>
      </input_file>
      <input_file id="fl-f6">
         <path>C:\ti\ccs1271\ccs\tools\compiler\ti-cgt-arm_20.2.7.LTS\lib\</path>
         <kind>archive</kind>
         <file>rtsv7M4_T_le_v4SPD16_eabi.lib</file>
         <name>fopen.c.obj</name>
      </input_file>
      <input_file id="fl-f7">
         <path>C:\ti\ccs1271\ccs\tools\compiler\ti-cgt-arm_20.2.7.LTS\lib\</path>
         <kind>archive</kind>
         <file>rtsv7M4_T_le_v4SPD16_eabi.lib</file>
         <name>fseek.c.obj</name>
      </input_file>
      <input_file id="fl-f8">
         <path>C:\ti\ccs1271\ccs\tools\compiler\ti-cgt-arm_20.2.7.LTS\lib\</path>
         <kind>archive</kind>
         <file>rtsv7M4_T_le_v4SPD16_eabi.lib</file>
         <name>div0.asm.obj</name>
      </input_file>
      <input_file id="fl-f9">
         <path>C:\ti\ccs1271\ccs\tools\compiler\ti-cgt-arm_20.2.7.LTS\lib\</path>
         <kind>archive</kind>
         <file>rtsv7M4_T_le_v4SPD16_eabi.lib</file>
         <name>autoinit.c.obj</name>
      </input_file>
      <input_file id="fl-fa">
         <path>C:\ti\ccs1271\ccs\tools\compiler\ti-cgt-arm_20.2.7.LTS\lib\</path>
         <kind>archive</kind>
         <file>rtsv7M4_T_le_v4SPD16_eabi.lib</file>
         <name>pre_init.c.obj</name>
      </input_file>
      <input_file id="fl-fb">
         <path>C:\ti\ccs1271\ccs\tools\compiler\ti-cgt-arm_20.2.7.LTS\lib\</path>
         <kind>archive</kind>
         <file>rtsv7M4_T_le_v4SPD16_eabi.lib</file>
         <name>cpy_tbl.c.obj</name>
      </input_file>
      <input_file id="fl-fc">
         <path>C:\ti\ccs1271\ccs\tools\compiler\ti-cgt-arm_20.2.7.LTS\lib\</path>
         <kind>archive</kind>
         <file>rtsv7M4_T_le_v4SPD16_eabi.lib</file>
         <name>args_main.c.obj</name>
      </input_file>
      <input_file id="fl-fd">
         <path>C:\ti\ccs1271\ccs\tools\compiler\ti-cgt-arm_20.2.7.LTS\lib\</path>
         <kind>archive</kind>
         <file>rtsv7M4_T_le_v4SPD16_eabi.lib</file>
         <name>hostclose.c.obj</name>
      </input_file>
      <input_file id="fl-fe">
         <path>C:\ti\ccs1271\ccs\tools\compiler\ti-cgt-arm_20.2.7.LTS\lib\</path>
         <kind>archive</kind>
         <file>rtsv7M4_T_le_v4SPD16_eabi.lib</file>
         <name>hostlseek.c.obj</name>
      </input_file>
      <input_file id="fl-ff">
         <path>C:\ti\ccs1271\ccs\tools\compiler\ti-cgt-arm_20.2.7.LTS\lib\</path>
         <kind>archive</kind>
         <file>rtsv7M4_T_le_v4SPD16_eabi.lib</file>
         <name>hostopen.c.obj</name>
      </input_file>
      <input_file id="fl-100">
         <path>C:\ti\ccs1271\ccs\tools\compiler\ti-cgt-arm_20.2.7.LTS\lib\</path>
         <kind>archive</kind>
         <file>rtsv7M4_T_le_v4SPD16_eabi.lib</file>
         <name>hostread.c.obj</name>
      </input_file>
      <input_file id="fl-101">
         <path>C:\ti\ccs1271\ccs\tools\compiler\ti-cgt-arm_20.2.7.LTS\lib\</path>
         <kind>archive</kind>
         <file>rtsv7M4_T_le_v4SPD16_eabi.lib</file>
         <name>hostrename.c.obj</name>
      </input_file>
      <input_file id="fl-102">
         <path>C:\ti\ccs1271\ccs\tools\compiler\ti-cgt-arm_20.2.7.LTS\lib\</path>
         <kind>archive</kind>
         <file>rtsv7M4_T_le_v4SPD16_eabi.lib</file>
         <name>hostunlink.c.obj</name>
      </input_file>
      <input_file id="fl-103">
         <path>C:\ti\ccs1271\ccs\tools\compiler\ti-cgt-arm_20.2.7.LTS\lib\</path>
         <kind>archive</kind>
         <file>rtsv7M4_T_le_v4SPD16_eabi.lib</file>
         <name>hostwrite.c.obj</name>
      </input_file>
      <input_file id="fl-104">
         <path>C:\ti\ccs1271\ccs\tools\compiler\ti-cgt-arm_20.2.7.LTS\lib\</path>
         <kind>archive</kind>
         <file>rtsv7M4_T_le_v4SPD16_eabi.lib</file>
         <name>trgmsg.c.obj</name>
      </input_file>
      <input_file id="fl-105">
         <path>C:\ti\ccs1271\ccs\tools\compiler\ti-cgt-arm_20.2.7.LTS\lib\</path>
         <kind>archive</kind>
         <file>rtsv7M4_T_le_v4SPD16_eabi.lib</file>
         <name>open.c.obj</name>
      </input_file>
      <input_file id="fl-106">
         <path>C:\ti\ccs1271\ccs\tools\compiler\ti-cgt-arm_20.2.7.LTS\lib\</path>
         <kind>archive</kind>
         <file>rtsv7M4_T_le_v4SPD16_eabi.lib</file>
         <name>lseek.c.obj</name>
      </input_file>
      <input_file id="fl-107">
         <path>C:\ti\ccs1271\ccs\tools\compiler\ti-cgt-arm_20.2.7.LTS\lib\</path>
         <kind>archive</kind>
         <file>rtsv7M4_T_le_v4SPD16_eabi.lib</file>
         <name>s_copysign.c.obj</name>
      </input_file>
      <input_file id="fl-108">
         <path>C:\ti\ccs1271\ccs\tools\compiler\ti-cgt-arm_20.2.7.LTS\lib\</path>
         <kind>archive</kind>
         <file>rtsv7M4_T_le_v4SPD16_eabi.lib</file>
         <name>fclose.c.obj</name>
      </input_file>
      <input_file id="fl-109">
         <path>C:\ti\ccs1271\ccs\tools\compiler\ti-cgt-arm_20.2.7.LTS\lib\</path>
         <kind>archive</kind>
         <file>rtsv7M4_T_le_v4SPD16_eabi.lib</file>
         <name>getdevice.c.obj</name>
      </input_file>
      <input_file id="fl-10a">
         <path>C:\ti\ccs1271\ccs\tools\compiler\ti-cgt-arm_20.2.7.LTS\lib\</path>
         <kind>archive</kind>
         <file>rtsv7M4_T_le_v4SPD16_eabi.lib</file>
         <name>strncpy.c.obj</name>
      </input_file>
      <input_file id="fl-10b">
         <path>C:\ti\ccs1271\ccs\tools\compiler\ti-cgt-arm_20.2.7.LTS\lib\</path>
         <kind>archive</kind>
         <file>rtsv7M4_T_le_v4SPD16_eabi.lib</file>
         <name>remove.c.obj</name>
      </input_file>
      <input_file id="fl-10c">
         <path>C:\ti\ccs1271\ccs\tools\compiler\ti-cgt-arm_20.2.7.LTS\lib\</path>
         <kind>archive</kind>
         <file>rtsv7M4_T_le_v4SPD16_eabi.lib</file>
         <name>close.c.obj</name>
      </input_file>
      <input_file id="fl-10d">
         <path>C:\ti\ccs1271\ccs\tools\compiler\ti-cgt-arm_20.2.7.LTS\lib\</path>
         <kind>archive</kind>
         <file>rtsv7M4_T_le_v4SPD16_eabi.lib</file>
         <name>unlink.c.obj</name>
      </input_file>
      <input_file id="fl-10e">
         <path>C:\ti\TivaWare_C_Series-2.2.0.295\driverlib\ccs\Debug\</path>
         <kind>archive</kind>
         <file>driverlib.lib</file>
         <name>interrupt.obj</name>
      </input_file>
      <input_file id="fl-10f">
         <path>C:\ti\TivaWare_C_Series-2.2.0.295\driverlib\ccs\Debug\</path>
         <kind>archive</kind>
         <file>driverlib.lib</file>
         <name>cpu.obj</name>
      </input_file>
   </input_file_list>
   <object_component_list>
      <object_component id="oc-12">
         <name>.intvecs</name>
         <load_address>0x0</load_address>
         <run_address>0x0</run_address>
         <size>0x26c</size>
         <input_file_ref idref="fl-7"/>
      </object_component>
      <object_component id="oc-1a8">
         <name>.text:__TI_printfi</name>
         <load_address>0x26c</load_address>
         <run_address>0x26c</run_address>
         <size>0xa4e</size>
         <input_file_ref idref="fl-ca"/>
      </object_component>
      <object_component id="oc-2bd">
         <name>.text:_nop</name>
         <load_address>0xcba</load_address>
         <run_address>0xcba</run_address>
         <size>0x2</size>
         <input_file_ref idref="fl-e2"/>
      </object_component>
      <object_component id="oc-a2">
         <name>.text</name>
         <load_address>0xcbc</load_address>
         <run_address>0xcbc</run_address>
         <size>0x4b6</size>
         <input_file_ref idref="fl-4"/>
      </object_component>
      <object_component id="oc-3e3">
         <name>.text</name>
         <load_address>0x1172</load_address>
         <run_address>0x1172</run_address>
         <size>0x2</size>
         <input_file_ref idref="fl-f8"/>
      </object_component>
      <object_component id="oc-dd">
         <name>.text</name>
         <load_address>0x1174</load_address>
         <run_address>0x1174</run_address>
         <size>0x328</size>
         <input_file_ref idref="fl-3"/>
      </object_component>
      <object_component id="oc-295">
         <name>.text:_pconv_a</name>
         <load_address>0x149c</load_address>
         <run_address>0x149c</run_address>
         <size>0x270</size>
         <input_file_ref idref="fl-ca"/>
      </object_component>
      <object_component id="oc-e3">
         <name>.text</name>
         <load_address>0x170c</load_address>
         <run_address>0x170c</run_address>
         <size>0x260</size>
         <input_file_ref idref="fl-f"/>
      </object_component>
      <object_component id="oc-e9">
         <name>.text</name>
         <load_address>0x196c</load_address>
         <run_address>0x196c</run_address>
         <size>0x248</size>
         <input_file_ref idref="fl-2"/>
      </object_component>
      <object_component id="oc-188">
         <name>.text</name>
         <load_address>0x1bb4</load_address>
         <run_address>0x1bb4</run_address>
         <size>0x1ec</size>
         <input_file_ref idref="fl-11"/>
      </object_component>
      <object_component id="oc-283">
         <name>.text:_pconv_g</name>
         <load_address>0x1da0</load_address>
         <run_address>0x1da0</run_address>
         <size>0x1d0</size>
         <input_file_ref idref="fl-ca"/>
      </object_component>
      <object_component id="oc-35d">
         <name>.text</name>
         <load_address>0x1f70</load_address>
         <run_address>0x1f70</run_address>
         <size>0x1b6</size>
         <input_file_ref idref="fl-d1"/>
      </object_component>
      <object_component id="oc-d7">
         <name>.text</name>
         <load_address>0x2128</load_address>
         <run_address>0x2128</run_address>
         <size>0x15c</size>
         <input_file_ref idref="fl-13"/>
      </object_component>
      <object_component id="oc-182">
         <name>.text</name>
         <load_address>0x2284</load_address>
         <run_address>0x2284</run_address>
         <size>0x158</size>
         <input_file_ref idref="fl-12"/>
      </object_component>
      <object_component id="oc-28f">
         <name>.text:_pconv_e</name>
         <load_address>0x23dc</load_address>
         <run_address>0x23dc</run_address>
         <size>0x13c</size>
         <input_file_ref idref="fl-ca"/>
      </object_component>
      <object_component id="oc-343">
         <name>.text</name>
         <load_address>0x2518</load_address>
         <run_address>0x2518</run_address>
         <size>0x136</size>
         <input_file_ref idref="fl-d3"/>
      </object_component>
      <object_component id="oc-36f">
         <name>.text:fcvt</name>
         <load_address>0x2650</load_address>
         <run_address>0x2650</run_address>
         <size>0x124</size>
         <input_file_ref idref="fl-ca"/>
      </object_component>
      <object_component id="oc-18e">
         <name>.text</name>
         <load_address>0x2774</load_address>
         <run_address>0x2774</run_address>
         <size>0x118</size>
         <input_file_ref idref="fl-10"/>
      </object_component>
      <object_component id="oc-2cb">
         <name>.text:fputs</name>
         <load_address>0x288c</load_address>
         <run_address>0x288c</run_address>
         <size>0x114</size>
         <input_file_ref idref="fl-ce"/>
      </object_component>
      <object_component id="oc-383">
         <name>.text:scalbn</name>
         <load_address>0x29a0</load_address>
         <run_address>0x29a0</run_address>
         <size>0x110</size>
         <input_file_ref idref="fl-f4"/>
      </object_component>
      <object_component id="oc-2e0">
         <name>.text:aligned_alloc</name>
         <load_address>0x2ab0</load_address>
         <run_address>0x2ab0</run_address>
         <size>0x100</size>
         <input_file_ref idref="fl-e9"/>
      </object_component>
      <object_component id="oc-33e">
         <name>.text</name>
         <load_address>0x2bb0</load_address>
         <run_address>0x2bb0</run_address>
         <size>0xfc</size>
         <input_file_ref idref="fl-d4"/>
      </object_component>
      <object_component id="oc-1eb">
         <name>.text:free</name>
         <load_address>0x2cac</load_address>
         <run_address>0x2cac</run_address>
         <size>0xe4</size>
         <input_file_ref idref="fl-e9"/>
      </object_component>
      <object_component id="oc-10c">
         <name>.text:realloc</name>
         <load_address>0x2d90</load_address>
         <run_address>0x2d90</run_address>
         <size>0xe4</size>
         <input_file_ref idref="fl-e9"/>
      </object_component>
      <object_component id="oc-41e">
         <name>.text:setvbuf</name>
         <load_address>0x2e74</load_address>
         <run_address>0x2e74</run_address>
         <size>0xdc</size>
         <input_file_ref idref="fl-d0"/>
      </object_component>
      <object_component id="oc-278">
         <name>.text:_ltostr</name>
         <load_address>0x2f50</load_address>
         <run_address>0x2f50</run_address>
         <size>0xb1</size>
         <input_file_ref idref="fl-ca"/>
      </object_component>
      <object_component id="oc-3e">
         <name>.text</name>
         <load_address>0x3002</load_address>
         <run_address>0x3002</run_address>
         <size>0x9c</size>
         <input_file_ref idref="fl-da"/>
      </object_component>
      <object_component id="oc-337">
         <name>.text</name>
         <load_address>0x309e</load_address>
         <run_address>0x309e</run_address>
         <size>0x96</size>
         <input_file_ref idref="fl-dd"/>
      </object_component>
      <object_component id="oc-2d2">
         <name>.text:fputc</name>
         <load_address>0x3134</load_address>
         <run_address>0x3134</run_address>
         <size>0x8c</size>
         <input_file_ref idref="fl-cd"/>
      </object_component>
      <object_component id="oc-27e">
         <name>.text:__aeabi_cdcmple</name>
         <load_address>0x31c0</load_address>
         <run_address>0x31c0</run_address>
         <size>0x86</size>
         <input_file_ref idref="fl-d2"/>
      </object_component>
      <object_component id="oc-348">
         <name>.text:__aeabi_cdrcmple</name>
         <load_address>0x3246</load_address>
         <run_address>0x3246</run_address>
         <size>0x86</size>
         <input_file_ref idref="fl-d2"/>
      </object_component>
      <object_component id="oc-96">
         <name>.text</name>
         <load_address>0x32cc</load_address>
         <run_address>0x32cc</run_address>
         <size>0x7a</size>
         <input_file_ref idref="fl-dc"/>
      </object_component>
      <object_component id="oc-475">
         <name>.text:__TI_closefile</name>
         <load_address>0x3348</load_address>
         <run_address>0x3348</run_address>
         <size>0x74</size>
         <input_file_ref idref="fl-108"/>
      </object_component>
      <object_component id="oc-1f7">
         <name>.text:split</name>
         <load_address>0x33bc</load_address>
         <run_address>0x33bc</run_address>
         <size>0x70</size>
         <input_file_ref idref="fl-e9"/>
      </object_component>
      <object_component id="oc-368">
         <name>.text:_mcpy</name>
         <load_address>0x342c</load_address>
         <run_address>0x342c</run_address>
         <size>0x6e</size>
         <input_file_ref idref="fl-ca"/>
      </object_component>
      <object_component id="oc-4a5">
         <name>.text:HOSTrename</name>
         <load_address>0x349c</load_address>
         <run_address>0x349c</run_address>
         <size>0x6c</size>
         <input_file_ref idref="fl-101"/>
      </object_component>
      <object_component id="oc-499">
         <name>.text:HOSTlseek</name>
         <load_address>0x3508</load_address>
         <run_address>0x3508</run_address>
         <size>0x68</size>
         <input_file_ref idref="fl-fe"/>
      </object_component>
      <object_component id="oc-15">
         <name>.text:decompress:lzss:__TI_decompress_lzss</name>
         <load_address>0x3570</load_address>
         <run_address>0x3570</run_address>
         <size>0x68</size>
         <input_file_ref idref="fl-e0"/>
      </object_component>
      <object_component id="oc-f5">
         <name>.text:printf</name>
         <load_address>0x35d8</load_address>
         <run_address>0x35d8</run_address>
         <size>0x68</size>
         <input_file_ref idref="fl-c9"/>
      </object_component>
      <object_component id="oc-37d">
         <name>.text:frexp</name>
         <load_address>0x3640</load_address>
         <run_address>0x3640</run_address>
         <size>0x64</size>
         <input_file_ref idref="fl-f3"/>
      </object_component>
      <object_component id="oc-418">
         <name>.text:fseek</name>
         <load_address>0x36a4</load_address>
         <run_address>0x36a4</run_address>
         <size>0x64</size>
         <input_file_ref idref="fl-f7"/>
      </object_component>
      <object_component id="oc-3af">
         <name>.text:__TI_wrt_ok</name>
         <load_address>0x3708</load_address>
         <run_address>0x3708</run_address>
         <size>0x62</size>
         <input_file_ref idref="fl-cf"/>
      </object_component>
      <object_component id="oc-481">
         <name>.text:HOSTopen</name>
         <load_address>0x376c</load_address>
         <run_address>0x376c</run_address>
         <size>0x60</size>
         <input_file_ref idref="fl-ff"/>
      </object_component>
      <object_component id="oc-4b1">
         <name>.text:close</name>
         <load_address>0x37cc</load_address>
         <run_address>0x37cc</run_address>
         <size>0x5c</size>
         <input_file_ref idref="fl-10c"/>
      </object_component>
      <object_component id="oc-48d">
         <name>.text:HOSTread</name>
         <load_address>0x3828</load_address>
         <run_address>0x3828</run_address>
         <size>0x58</size>
         <input_file_ref idref="fl-100"/>
      </object_component>
      <object_component id="oc-493">
         <name>.text:HOSTwrite</name>
         <load_address>0x3880</load_address>
         <run_address>0x3880</run_address>
         <size>0x58</size>
         <input_file_ref idref="fl-103"/>
      </object_component>
      <object_component id="oc-289">
         <name>.text:_pconv_f</name>
         <load_address>0x38d8</load_address>
         <run_address>0x38d8</run_address>
         <size>0x56</size>
         <input_file_ref idref="fl-ca"/>
      </object_component>
      <object_component id="oc-352">
         <name>.text:__TI_ltoa</name>
         <load_address>0x392e</load_address>
         <run_address>0x392e</run_address>
         <size>0x54</size>
         <input_file_ref idref="fl-e3"/>
      </object_component>
      <object_component id="oc-362">
         <name>.text:_ecpy</name>
         <load_address>0x3982</load_address>
         <run_address>0x3982</run_address>
         <size>0x52</size>
         <input_file_ref idref="fl-ca"/>
      </object_component>
      <object_component id="oc-3bb">
         <name>.text:__TI_doflush</name>
         <load_address>0x39d4</load_address>
         <run_address>0x39d4</run_address>
         <size>0x4c</size>
         <input_file_ref idref="fl-f5"/>
      </object_component>
      <object_component id="oc-272">
         <name>.text:atoi</name>
         <load_address>0x3a20</load_address>
         <run_address>0x3a20</run_address>
         <size>0x4c</size>
         <input_file_ref idref="fl-e4"/>
      </object_component>
      <object_component id="oc-11e">
         <name>.text:exit</name>
         <load_address>0x3a6c</load_address>
         <run_address>0x3a6c</run_address>
         <size>0x48</size>
         <input_file_ref idref="fl-e1"/>
      </object_component>
      <object_component id="oc-34d">
         <name>.text</name>
         <load_address>0x3ab4</load_address>
         <run_address>0x3ab4</run_address>
         <size>0x48</size>
         <input_file_ref idref="fl-d5"/>
      </object_component>
      <object_component id="oc-487">
         <name>.text:HOSTclose</name>
         <load_address>0x3afc</load_address>
         <run_address>0x3afc</run_address>
         <size>0x44</size>
         <input_file_ref idref="fl-fd"/>
      </object_component>
      <object_component id="oc-49f">
         <name>.text:HOSTunlink</name>
         <load_address>0x3b40</load_address>
         <run_address>0x3b40</run_address>
         <size>0x44</size>
         <input_file_ref idref="fl-102"/>
      </object_component>
      <object_component id="oc-124">
         <name>.text:__TI_auto_init_nobinit_nopinit:__TI_auto_init_nobinit_nopinit</name>
         <load_address>0x3b84</load_address>
         <run_address>0x3b84</run_address>
         <size>0x44</size>
         <input_file_ref idref="fl-f9"/>
      </object_component>
      <object_component id="oc-4e0">
         <name>.text:getdevice</name>
         <load_address>0x3bc8</load_address>
         <run_address>0x3bc8</run_address>
         <size>0x44</size>
         <input_file_ref idref="fl-109"/>
      </object_component>
      <object_component id="oc-ef">
         <name>.text:sprintf</name>
         <load_address>0x3c0c</load_address>
         <run_address>0x3c0c</run_address>
         <size>0x40</size>
         <input_file_ref idref="fl-cb"/>
      </object_component>
      <object_component id="oc-166">
         <name>.text:vsnprintf</name>
         <load_address>0x3c4c</load_address>
         <run_address>0x3c4c</run_address>
         <size>0x40</size>
         <input_file_ref idref="fl-cc"/>
      </object_component>
      <object_component id="oc-375">
         <name>.text:_fcpy</name>
         <load_address>0x3c8c</load_address>
         <run_address>0x3c8c</run_address>
         <size>0x3e</size>
         <input_file_ref idref="fl-ca"/>
      </object_component>
      <object_component id="oc-4c2">
         <name>.text:__TI_writemsg</name>
         <load_address>0x3ccc</load_address>
         <run_address>0x3ccc</run_address>
         <size>0x38</size>
         <input_file_ref idref="fl-104"/>
      </object_component>
      <object_component id="oc-fb">
         <name>.text:calloc</name>
         <load_address>0x3d04</load_address>
         <run_address>0x3d04</run_address>
         <size>0x38</size>
         <input_file_ref idref="fl-e9"/>
      </object_component>
      <object_component id="oc-101">
         <name>.text</name>
         <load_address>0x3d3c</load_address>
         <run_address>0x3d3c</run_address>
         <size>0x38</size>
         <input_file_ref idref="fl-d8"/>
      </object_component>
      <object_component id="oc-500">
         <name>.text:strncpy</name>
         <load_address>0x3d74</load_address>
         <run_address>0x3d74</run_address>
         <size>0x36</size>
         <input_file_ref idref="fl-10a"/>
      </object_component>
      <object_component id="oc-19d">
         <name>.text:IntRegister</name>
         <load_address>0x3dac</load_address>
         <run_address>0x3dac</run_address>
         <size>0x34</size>
         <input_file_ref idref="fl-10e"/>
      </object_component>
      <object_component id="oc-44c">
         <name>.text:__TI_cleanup</name>
         <load_address>0x3de0</load_address>
         <run_address>0x3de0</run_address>
         <size>0x34</size>
         <input_file_ref idref="fl-f6"/>
      </object_component>
      <object_component id="oc-4c8">
         <name>.text:__TI_readmsg</name>
         <load_address>0x3e14</load_address>
         <run_address>0x3e14</run_address>
         <size>0x34</size>
         <input_file_ref idref="fl-104"/>
      </object_component>
      <object_component id="oc-5c">
         <name>.text:_c_int00_noargs:_c_int00_noargs</name>
         <load_address>0x3e48</load_address>
         <run_address>0x3e48</run_address>
         <size>0x34</size>
         <input_file_ref idref="fl-ee"/>
      </object_component>
      <object_component id="oc-229">
         <name>.text:_outs</name>
         <load_address>0x3e7c</load_address>
         <run_address>0x3e7c</run_address>
         <size>0x30</size>
         <input_file_ref idref="fl-cc"/>
      </object_component>
      <object_component id="oc-506">
         <name>.text:finddevice</name>
         <load_address>0x3eac</load_address>
         <run_address>0x3eac</run_address>
         <size>0x30</size>
         <input_file_ref idref="fl-109"/>
      </object_component>
      <object_component id="oc-358">
         <name>.text</name>
         <load_address>0x3edc</load_address>
         <run_address>0x3edc</run_address>
         <size>0x2e</size>
         <input_file_ref idref="fl-d9"/>
      </object_component>
      <object_component id="oc-4b7">
         <name>.text:unlink</name>
         <load_address>0x3f0c</load_address>
         <run_address>0x3f0c</run_address>
         <size>0x2c</size>
         <input_file_ref idref="fl-10d"/>
      </object_component>
      <object_component id="oc-2e7">
         <name>.text:free_list_insert</name>
         <load_address>0x3f38</load_address>
         <run_address>0x3f38</run_address>
         <size>0x28</size>
         <input_file_ref idref="fl-e9"/>
      </object_component>
      <object_component id="oc-444">
         <name>.text:lseek</name>
         <load_address>0x3f60</load_address>
         <run_address>0x3f60</run_address>
         <size>0x28</size>
         <input_file_ref idref="fl-106"/>
      </object_component>
      <object_component id="oc-3c1">
         <name>.text:write</name>
         <load_address>0x3f88</load_address>
         <run_address>0x3f88</run_address>
         <size>0x28</size>
         <input_file_ref idref="fl-ef"/>
      </object_component>
      <object_component id="oc-3b5">
         <name>.text:memchr</name>
         <load_address>0x3fb0</load_address>
         <run_address>0x3fb0</run_address>
         <size>0x20</size>
         <input_file_ref idref="fl-e8"/>
      </object_component>
      <object_component id="oc-1f1">
         <name>.text:free_list_remove</name>
         <load_address>0x3fd0</load_address>
         <run_address>0x3fd0</run_address>
         <size>0x1c</size>
         <input_file_ref idref="fl-e9"/>
      </object_component>
      <object_component id="oc-29b">
         <name>.text:memccpy</name>
         <load_address>0x3fec</load_address>
         <run_address>0x3fec</run_address>
         <size>0x1c</size>
         <input_file_ref idref="fl-e7"/>
      </object_component>
      <object_component id="oc-3fc">
         <name>.text:copysign</name>
         <load_address>0x4008</load_address>
         <run_address>0x4008</run_address>
         <size>0x1a</size>
         <input_file_ref idref="fl-107"/>
      </object_component>
      <object_component id="oc-22f">
         <name>.text:_outc</name>
         <load_address>0x4022</load_address>
         <run_address>0x4022</run_address>
         <size>0x18</size>
         <input_file_ref idref="fl-cc"/>
      </object_component>
      <object_component id="oc-1ae">
         <name>.text:_outs</name>
         <load_address>0x403a</load_address>
         <run_address>0x403a</run_address>
         <size>0x18</size>
         <input_file_ref idref="fl-cb"/>
      </object_component>
      <object_component id="oc-16c">
         <name>.text:strcmp</name>
         <load_address>0x4052</load_address>
         <run_address>0x4052</run_address>
         <size>0x18</size>
         <input_file_ref idref="fl-eb"/>
      </object_component>
      <object_component id="oc-389">
         <name>.text:strchr</name>
         <load_address>0x406a</load_address>
         <run_address>0x406a</run_address>
         <size>0x16</size>
         <input_file_ref idref="fl-ea"/>
      </object_component>
      <object_component id="oc-172">
         <name>.text:strcpy</name>
         <load_address>0x4080</load_address>
         <run_address>0x4080</run_address>
         <size>0x14</size>
         <input_file_ref idref="fl-ec"/>
      </object_component>
      <object_component id="oc-26c">
         <name>.text:strlen</name>
         <load_address>0x4094</load_address>
         <run_address>0x4094</run_address>
         <size>0x14</size>
         <input_file_ref idref="fl-ed"/>
      </object_component>
      <object_component id="oc-2a1">
         <name>.text:wcslen</name>
         <load_address>0x40a8</load_address>
         <run_address>0x40a8</run_address>
         <size>0x12</size>
         <input_file_ref idref="fl-f2"/>
      </object_component>
      <object_component id="oc-248">
         <name>.text:IntMasterEnable</name>
         <load_address>0x40ba</load_address>
         <run_address>0x40ba</run_address>
         <size>0x10</size>
         <input_file_ref idref="fl-10e"/>
      </object_component>
      <object_component id="oc-15f">
         <name>.text:lcd_clear</name>
         <load_address>0x40ca</load_address>
         <run_address>0x40ca</run_address>
         <size>0x10</size>
         <input_file_ref idref="fl-3"/>
      </object_component>
      <object_component id="oc-1b">
         <name>.text:decompress:none:__TI_decompress_none</name>
         <load_address>0x40da</load_address>
         <run_address>0x40da</run_address>
         <size>0xe</size>
         <input_file_ref idref="fl-df"/>
      </object_component>
      <object_component id="oc-317">
         <name>.text:CPUcpsie</name>
         <load_address>0x40e8</load_address>
         <run_address>0x40e8</run_address>
         <size>0xc</size>
         <input_file_ref idref="fl-10f"/>
      </object_component>
      <object_component id="oc-50">
         <name>.text:decompress:ZI:__TI_zero_init</name>
         <load_address>0x40f4</load_address>
         <run_address>0x40f4</run_address>
         <size>0xc</size>
         <input_file_ref idref="fl-de"/>
      </object_component>
      <object_component id="oc-2a">
         <name>.text</name>
         <load_address>0x4100</load_address>
         <run_address>0x4100</run_address>
         <size>0xc</size>
         <input_file_ref idref="fl-7"/>
      </object_component>
      <object_component id="oc-1b4">
         <name>.text:_outc</name>
         <load_address>0x410c</load_address>
         <run_address>0x410c</run_address>
         <size>0xa</size>
         <input_file_ref idref="fl-cb"/>
      </object_component>
      <object_component id="oc-2a7">
         <name>.text:__aeabi_errno_addr</name>
         <load_address>0x4118</load_address>
         <run_address>0x4118</run_address>
         <size>0x8</size>
         <input_file_ref idref="fl-f1"/>
      </object_component>
      <object_component id="oc-1d0">
         <name>.text:malloc</name>
         <load_address>0x4120</load_address>
         <run_address>0x4120</run_address>
         <size>0x8</size>
         <input_file_ref idref="fl-e9"/>
      </object_component>
      <object_component id="oc-1c8">
         <name>.text:_outc</name>
         <load_address>0x4128</load_address>
         <run_address>0x4128</run_address>
         <size>0x4</size>
         <input_file_ref idref="fl-c9"/>
      </object_component>
      <object_component id="oc-1c2">
         <name>.text:_outs</name>
         <load_address>0x412c</load_address>
         <run_address>0x412c</run_address>
         <size>0x4</size>
         <input_file_ref idref="fl-c9"/>
      </object_component>
      <object_component id="oc-9c">
         <name>.text:_system_pre_init</name>
         <load_address>0x4130</load_address>
         <run_address>0x4130</run_address>
         <size>0x4</size>
         <input_file_ref idref="fl-fa"/>
      </object_component>
      <object_component id="oc-118">
         <name>.text:abort:abort</name>
         <load_address>0x4134</load_address>
         <run_address>0x4134</run_address>
         <size>0x4</size>
         <input_file_ref idref="fl-e1"/>
      </object_component>
      <object_component id="oc-332">
         <name>.const:.string:_ctypes_</name>
         <load_address>0x4138</load_address>
         <run_address>0x4138</run_address>
         <size>0x101</size>
         <input_file_ref idref="fl-e5"/>
      </object_component>
      <object_component id="oc-178">
         <name>.const:.string:lineAddress$1</name>
         <load_address>0x4239</load_address>
         <run_address>0x4239</run_address>
         <size>0x4</size>
         <input_file_ref idref="fl-3"/>
      </object_component>
      <object_component id="oc-179">
         <name>.const:.string:lineAddresses$2</name>
         <load_address>0x423d</load_address>
         <run_address>0x423d</run_address>
         <size>0x4</size>
         <input_file_ref idref="fl-3"/>
      </object_component>
      <object_component id="oc-54c">
         <name>.cinit..data.load</name>
         <load_address>0x4248</load_address>
         <run_address>0x4248</run_address>
         <size>0x6c</size>
      </object_component>
      <object_component id="oc-549">
         <name>__TI_handler_table</name>
         <load_address>0x42b4</load_address>
         <run_address>0x42b4</run_address>
         <size>0xc</size>
      </object_component>
      <object_component id="oc-54d">
         <name>.cinit..bss.load</name>
         <load_address>0x42c0</load_address>
         <run_address>0x42c0</run_address>
         <size>0x8</size>
      </object_component>
      <object_component id="oc-54b">
         <name>.cinit..vtable.load</name>
         <load_address>0x42c8</load_address>
         <run_address>0x42c8</run_address>
         <size>0x8</size>
      </object_component>
      <object_component id="oc-54a">
         <name>__TI_cinit_table</name>
         <load_address>0x42d0</load_address>
         <run_address>0x42d0</run_address>
         <size>0x18</size>
      </object_component>
      <object_component id="oc-260">
         <name>.vtable</name>
         <uninitialized>true</uninitialized>
         <run_address>0x20000000</run_address>
         <size>0x26c</size>
         <input_file_ref idref="fl-10e"/>
      </object_component>
      <object_component id="oc-1a3">
         <name>.data</name>
         <load_address>0x200012d0</load_address>
         <run_address>0x200012d0</run_address>
         <size>0x1</size>
         <input_file_ref idref="fl-2"/>
      </object_component>
      <object_component id="oc-194">
         <name>.data</name>
         <load_address>0x200012c4</load_address>
         <run_address>0x200012c4</run_address>
         <size>0x4</size>
         <input_file_ref idref="fl-f"/>
      </object_component>
      <object_component id="oc-15b">
         <name>.data</name>
         <load_address>0x200012c8</load_address>
         <run_address>0x200012c8</run_address>
         <size>0x4</size>
         <input_file_ref idref="fl-13"/>
      </object_component>
      <object_component id="oc-1ff">
         <name>.data:$O1$$</name>
         <load_address>0x200012a8</load_address>
         <run_address>0x200012a8</run_address>
         <size>0xc</size>
         <input_file_ref idref="fl-e1"/>
      </object_component>
      <object_component id="oc-1bc">
         <name>.data:$O1$$</name>
         <load_address>0x200012b4</load_address>
         <run_address>0x200012b4</run_address>
         <size>0x8</size>
         <input_file_ref idref="fl-e2"/>
      </object_component>
      <object_component id="oc-1bf">
         <name>.data:_ftable</name>
         <load_address>0x200010e0</load_address>
         <run_address>0x200010e0</run_address>
         <size>0xf0</size>
         <input_file_ref idref="fl-e6"/>
      </object_component>
      <object_component id="oc-47b">
         <name>.data</name>
         <load_address>0x20001298</load_address>
         <run_address>0x20001298</run_address>
         <size>0x10</size>
         <input_file_ref idref="fl-e6"/>
      </object_component>
      <object_component id="oc-2ee">
         <name>.data:$O1$$</name>
         <load_address>0x200012bc</load_address>
         <run_address>0x200012bc</run_address>
         <size>0x8</size>
         <input_file_ref idref="fl-e9"/>
      </object_component>
      <object_component id="oc-45f">
         <name>.data:_device</name>
         <load_address>0x200011d0</load_address>
         <run_address>0x200011d0</run_address>
         <size>0x78</size>
         <input_file_ref idref="fl-f0"/>
      </object_component>
      <object_component id="oc-42a">
         <name>.data:_stream</name>
         <load_address>0x20001248</load_address>
         <run_address>0x20001248</run_address>
         <size>0x50</size>
         <input_file_ref idref="fl-f0"/>
      </object_component>
      <object_component id="oc-399">
         <name>.data</name>
         <load_address>0x200012cc</load_address>
         <run_address>0x200012cc</run_address>
         <size>0x4</size>
         <input_file_ref idref="fl-f1"/>
      </object_component>
      <object_component id="oc-17a">
         <name>.bss:lastbuffer$3</name>
         <uninitialized>true</uninitialized>
         <run_address>0x20001030</run_address>
         <size>0x54</size>
         <input_file_ref idref="fl-3"/>
      </object_component>
      <object_component id="oc-4ea">
         <name>.bss:_CIOBUF_</name>
         <uninitialized>true</uninitialized>
         <run_address>0x20000e70</run_address>
         <size>0x120</size>
         <input_file_ref idref="fl-104"/>
      </object_component>
      <object_component id="oc-1a6">
         <name>.common:_timeout_ticks</name>
         <uninitialized>true</uninitialized>
         <run_address>0x200010c0</run_address>
         <size>0x4</size>
      </object_component>
      <object_component id="oc-106">
         <name>.common:right_calibration_value</name>
         <uninitialized>true</uninitialized>
         <run_address>0x200010d4</run_address>
         <size>0x4</size>
      </object_component>
      <object_component id="oc-10b">
         <name>.common:left_calibration_value</name>
         <uninitialized>true</uninitialized>
         <run_address>0x200010cc</run_address>
         <size>0x4</size>
      </object_component>
      <object_component id="oc-25a">
         <name>.common:isr_int_value</name>
         <uninitialized>true</uninitialized>
         <run_address>0x200010c8</run_address>
         <size>0x4</size>
      </object_component>
      <object_component id="oc-251">
         <name>.common:risingEdge</name>
         <uninitialized>true</uninitialized>
         <run_address>0x200010d8</run_address>
         <size>0x4</size>
      </object_component>
      <object_component id="oc-252">
         <name>.common:fallingEdge</name>
         <uninitialized>true</uninitialized>
         <run_address>0x200010c4</run_address>
         <size>0x4</size>
      </object_component>
      <object_component id="oc-253">
         <name>.common:pulseLength</name>
         <uninitialized>true</uninitialized>
         <run_address>0x200010d0</run_address>
         <size>0x4</size>
      </object_component>
      <object_component id="oc-24e">
         <name>.common:isRisingEdge</name>
         <uninitialized>true</uninitialized>
         <run_address>0x200010dc</run_address>
         <size>0x1</size>
      </object_component>
      <object_component id="oc-158">
         <name>.common:isr_char_buffer</name>
         <uninitialized>true</uninitialized>
         <run_address>0x20001084</run_address>
         <size>0x34</size>
      </object_component>
      <object_component id="oc-4bd">
         <name>.common:__TI_tmpnams</name>
         <uninitialized>true</uninitialized>
         <run_address>0x20000f90</run_address>
         <size>0xa0</size>
      </object_component>
      <object_component id="oc-4ce">
         <name>.common:parmbuf</name>
         <uninitialized>true</uninitialized>
         <run_address>0x200010b8</run_address>
         <size>0x8</size>
      </object_component>
      <object_component id="oc-24">
         <name>.sysmem</name>
         <uninitialized>true</uninitialized>
         <run_address>0x20000a70</run_address>
         <size>0x10</size>
         <input_file_ref idref="fl-e9"/>
      </object_component>
      <object_component id="oc-550">
         <name>.sysmem</name>
         <uninitialized>true</uninitialized>
         <run_address>0x20000a70</run_address>
         <size>0x0</size>
      </object_component>
      <object_component id="oc-27">
         <name>.stack</name>
         <uninitialized>true</uninitialized>
         <run_address>0x20000270</run_address>
         <size>0x4</size>
         <input_file_ref idref="fl-ee"/>
      </object_component>
      <object_component id="oc-54f">
         <name>.stack</name>
         <uninitialized>true</uninitialized>
         <run_address>0x20000270</run_address>
         <size>0x0</size>
      </object_component>
      <object_component id="oc-c5">
         <name>.debug_info</name>
         <load_address>0x0</load_address>
         <run_address>0x0</run_address>
         <size>0x2ad</size>
         <input_file_ref idref="fl-2"/>
      </object_component>
      <object_component id="oc-1a4">
         <name>.debug_info</name>
         <load_address>0x2ad</load_address>
         <run_address>0x2ad</run_address>
         <size>0xbb</size>
         <input_file_ref idref="fl-2"/>
      </object_component>
      <object_component id="oc-ea">
         <name>.debug_info</name>
         <load_address>0x368</load_address>
         <run_address>0x368</run_address>
         <size>0x503</size>
         <input_file_ref idref="fl-2"/>
      </object_component>
      <object_component id="oc-77">
         <name>.debug_info</name>
         <load_address>0x86b</load_address>
         <run_address>0x86b</run_address>
         <size>0x26b</size>
         <input_file_ref idref="fl-2"/>
      </object_component>
      <object_component id="oc-39">
         <name>.debug_info</name>
         <load_address>0xad6</load_address>
         <run_address>0xad6</run_address>
         <size>0x84</size>
         <input_file_ref idref="fl-2"/>
      </object_component>
      <object_component id="oc-c0">
         <name>.debug_info</name>
         <load_address>0xb5a</load_address>
         <run_address>0xb5a</run_address>
         <size>0x2a4</size>
         <input_file_ref idref="fl-2"/>
      </object_component>
      <object_component id="oc-7c">
         <name>.debug_info</name>
         <load_address>0xdfe</load_address>
         <run_address>0xdfe</run_address>
         <size>0xbb</size>
         <input_file_ref idref="fl-2"/>
      </object_component>
      <object_component id="oc-17c">
         <name>.debug_info</name>
         <load_address>0xeb9</load_address>
         <run_address>0xeb9</run_address>
         <size>0x37b</size>
         <input_file_ref idref="fl-3"/>
      </object_component>
      <object_component id="oc-160">
         <name>.debug_info</name>
         <load_address>0x1234</load_address>
         <run_address>0x1234</run_address>
         <size>0x110</size>
         <input_file_ref idref="fl-3"/>
      </object_component>
      <object_component id="oc-de">
         <name>.debug_info</name>
         <load_address>0x1344</load_address>
         <run_address>0x1344</run_address>
         <size>0x89c</size>
         <input_file_ref idref="fl-3"/>
      </object_component>
      <object_component id="oc-1e4">
         <name>.debug_info</name>
         <load_address>0x1be0</load_address>
         <run_address>0x1be0</run_address>
         <size>0xcc</size>
         <input_file_ref idref="fl-3"/>
      </object_component>
      <object_component id="oc-17d">
         <name>.debug_info</name>
         <load_address>0x1cac</load_address>
         <run_address>0x1cac</run_address>
         <size>0x2c</size>
         <input_file_ref idref="fl-3"/>
      </object_component>
      <object_component id="oc-1da">
         <name>.debug_info</name>
         <load_address>0x1cd8</load_address>
         <run_address>0x1cd8</run_address>
         <size>0x35</size>
         <input_file_ref idref="fl-3"/>
      </object_component>
      <object_component id="oc-107">
         <name>.debug_info</name>
         <load_address>0x1d0d</load_address>
         <run_address>0x1d0d</run_address>
         <size>0x4cb</size>
         <input_file_ref idref="fl-4"/>
      </object_component>
      <object_component id="oc-a4">
         <name>.debug_info</name>
         <load_address>0x21d8</load_address>
         <run_address>0x21d8</run_address>
         <size>0x746</size>
         <input_file_ref idref="fl-4"/>
      </object_component>
      <object_component id="oc-113">
         <name>.debug_info</name>
         <load_address>0x291e</load_address>
         <run_address>0x291e</run_address>
         <size>0x9d</size>
         <input_file_ref idref="fl-4"/>
      </object_component>
      <object_component id="oc-1df">
         <name>.debug_info</name>
         <load_address>0x29bb</load_address>
         <run_address>0x29bb</run_address>
         <size>0x76</size>
         <input_file_ref idref="fl-4"/>
      </object_component>
      <object_component id="oc-255">
         <name>.debug_info</name>
         <load_address>0x2a31</load_address>
         <run_address>0x2a31</run_address>
         <size>0x8b</size>
         <input_file_ref idref="fl-6"/>
      </object_component>
      <object_component id="oc-32">
         <name>.debug_info</name>
         <load_address>0x2abc</load_address>
         <run_address>0x2abc</run_address>
         <size>0x297</size>
         <input_file_ref idref="fl-7"/>
      </object_component>
      <object_component id="oc-13">
         <name>.debug_info</name>
         <load_address>0x2d53</load_address>
         <run_address>0x2d53</run_address>
         <size>0xd6</size>
         <input_file_ref idref="fl-7"/>
      </object_component>
      <object_component id="oc-2b">
         <name>.debug_info</name>
         <load_address>0x2e29</load_address>
         <run_address>0x2e29</run_address>
         <size>0x252</size>
         <input_file_ref idref="fl-7"/>
      </object_component>
      <object_component id="oc-109">
         <name>.debug_info</name>
         <load_address>0x307b</load_address>
         <run_address>0x307b</run_address>
         <size>0x485</size>
         <input_file_ref idref="fl-f"/>
      </object_component>
      <object_component id="oc-195">
         <name>.debug_info</name>
         <load_address>0x3500</load_address>
         <run_address>0x3500</run_address>
         <size>0x114</size>
         <input_file_ref idref="fl-f"/>
      </object_component>
      <object_component id="oc-e5">
         <name>.debug_info</name>
         <load_address>0x3614</load_address>
         <run_address>0x3614</run_address>
         <size>0x4ce</size>
         <input_file_ref idref="fl-f"/>
      </object_component>
      <object_component id="oc-198">
         <name>.debug_info</name>
         <load_address>0x3ae2</load_address>
         <run_address>0x3ae2</run_address>
         <size>0x9d</size>
         <input_file_ref idref="fl-f"/>
      </object_component>
      <object_component id="oc-25b">
         <name>.debug_info</name>
         <load_address>0x3b7f</load_address>
         <run_address>0x3b7f</run_address>
         <size>0x2b7</size>
         <input_file_ref idref="fl-10"/>
      </object_component>
      <object_component id="oc-18f">
         <name>.debug_info</name>
         <load_address>0x3e36</load_address>
         <run_address>0x3e36</run_address>
         <size>0x266</size>
         <input_file_ref idref="fl-10"/>
      </object_component>
      <object_component id="oc-24f">
         <name>.debug_info</name>
         <load_address>0x409c</load_address>
         <run_address>0x409c</run_address>
         <size>0x3ba</size>
         <input_file_ref idref="fl-11"/>
      </object_component>
      <object_component id="oc-189">
         <name>.debug_info</name>
         <load_address>0x4456</load_address>
         <run_address>0x4456</run_address>
         <size>0x270</size>
         <input_file_ref idref="fl-11"/>
      </object_component>
      <object_component id="oc-183">
         <name>.debug_info</name>
         <load_address>0x46c6</load_address>
         <run_address>0x46c6</run_address>
         <size>0x296</size>
         <input_file_ref idref="fl-12"/>
      </object_component>
      <object_component id="oc-159">
         <name>.debug_info</name>
         <load_address>0x495c</load_address>
         <run_address>0x495c</run_address>
         <size>0x326</size>
         <input_file_ref idref="fl-13"/>
      </object_component>
      <object_component id="oc-15c">
         <name>.debug_info</name>
         <load_address>0x4c82</load_address>
         <run_address>0x4c82</run_address>
         <size>0xee</size>
         <input_file_ref idref="fl-13"/>
      </object_component>
      <object_component id="oc-da">
         <name>.debug_info</name>
         <load_address>0x4d70</load_address>
         <run_address>0x4d70</run_address>
         <size>0x43b</size>
         <input_file_ref idref="fl-13"/>
      </object_component>
      <object_component id="oc-222">
         <name>.debug_info</name>
         <load_address>0x51ab</load_address>
         <run_address>0x51ab</run_address>
         <size>0x26b</size>
         <input_file_ref idref="fl-13"/>
      </object_component>
      <object_component id="oc-30a">
         <name>.debug_info</name>
         <load_address>0x5416</load_address>
         <run_address>0x5416</run_address>
         <size>0x297</size>
         <input_file_ref idref="fl-13"/>
      </object_component>
      <object_component id="oc-21d">
         <name>.debug_info</name>
         <load_address>0x56ad</load_address>
         <run_address>0x56ad</run_address>
         <size>0xbb</size>
         <input_file_ref idref="fl-13"/>
      </object_component>
      <object_component id="oc-1cf">
         <name>.debug_info</name>
         <load_address>0x5768</load_address>
         <run_address>0x5768</run_address>
         <size>0x3e5</size>
         <input_file_ref idref="fl-c9"/>
      </object_component>
      <object_component id="oc-1cc">
         <name>.debug_info</name>
         <load_address>0x5b4d</load_address>
         <run_address>0x5b4d</run_address>
         <size>0x157</size>
         <input_file_ref idref="fl-c9"/>
      </object_component>
      <object_component id="oc-1c6">
         <name>.debug_info</name>
         <load_address>0x5ca4</load_address>
         <run_address>0x5ca4</run_address>
         <size>0x166</size>
         <input_file_ref idref="fl-c9"/>
      </object_component>
      <object_component id="oc-f9">
         <name>.debug_info</name>
         <load_address>0x5e0a</load_address>
         <run_address>0x5e0a</run_address>
         <size>0x1ac</size>
         <input_file_ref idref="fl-c9"/>
      </object_component>
      <object_component id="oc-2db">
         <name>.debug_info</name>
         <load_address>0x5fb6</load_address>
         <run_address>0x5fb6</run_address>
         <size>0xb2</size>
         <input_file_ref idref="fl-c9"/>
      </object_component>
      <object_component id="oc-2ae">
         <name>.debug_info</name>
         <load_address>0x6068</load_address>
         <run_address>0x6068</run_address>
         <size>0x590</size>
         <input_file_ref idref="fl-ca"/>
      </object_component>
      <object_component id="oc-279">
         <name>.debug_info</name>
         <load_address>0x65f8</load_address>
         <run_address>0x65f8</run_address>
         <size>0x21e</size>
         <input_file_ref idref="fl-ca"/>
      </object_component>
      <object_component id="oc-363">
         <name>.debug_info</name>
         <load_address>0x6816</load_address>
         <run_address>0x6816</run_address>
         <size>0x1b3</size>
         <input_file_ref idref="fl-ca"/>
      </object_component>
      <object_component id="oc-369">
         <name>.debug_info</name>
         <load_address>0x69c9</load_address>
         <run_address>0x69c9</run_address>
         <size>0x21b</size>
         <input_file_ref idref="fl-ca"/>
      </object_component>
      <object_component id="oc-284">
         <name>.debug_info</name>
         <load_address>0x6be4</load_address>
         <run_address>0x6be4</run_address>
         <size>0x3c0</size>
         <input_file_ref idref="fl-ca"/>
      </object_component>
      <object_component id="oc-370">
         <name>.debug_info</name>
         <load_address>0x6fa4</load_address>
         <run_address>0x6fa4</run_address>
         <size>0x30a</size>
         <input_file_ref idref="fl-ca"/>
      </object_component>
      <object_component id="oc-376">
         <name>.debug_info</name>
         <load_address>0x72ae</load_address>
         <run_address>0x72ae</run_address>
         <size>0x215</size>
         <input_file_ref idref="fl-ca"/>
      </object_component>
      <object_component id="oc-28b">
         <name>.debug_info</name>
         <load_address>0x74c3</load_address>
         <run_address>0x74c3</run_address>
         <size>0x215</size>
         <input_file_ref idref="fl-ca"/>
      </object_component>
      <object_component id="oc-291">
         <name>.debug_info</name>
         <load_address>0x76d8</load_address>
         <run_address>0x76d8</run_address>
         <size>0x304</size>
         <input_file_ref idref="fl-ca"/>
      </object_component>
      <object_component id="oc-297">
         <name>.debug_info</name>
         <load_address>0x79dc</load_address>
         <run_address>0x79dc</run_address>
         <size>0x4b5</size>
         <input_file_ref idref="fl-ca"/>
      </object_component>
      <object_component id="oc-1aa">
         <name>.debug_info</name>
         <load_address>0x7e91</load_address>
         <run_address>0x7e91</run_address>
         <size>0x5f4</size>
         <input_file_ref idref="fl-ca"/>
      </object_component>
      <object_component id="oc-2af">
         <name>.debug_info</name>
         <load_address>0x8485</load_address>
         <run_address>0x8485</run_address>
         <size>0x86</size>
         <input_file_ref idref="fl-ca"/>
      </object_component>
      <object_component id="oc-3a0">
         <name>.debug_info</name>
         <load_address>0x850b</load_address>
         <run_address>0x850b</run_address>
         <size>0x39</size>
         <input_file_ref idref="fl-ca"/>
      </object_component>
      <object_component id="oc-413">
         <name>.debug_info</name>
         <load_address>0x8544</load_address>
         <run_address>0x8544</run_address>
         <size>0xb6</size>
         <input_file_ref idref="fl-ca"/>
      </object_component>
      <object_component id="oc-3a5">
         <name>.debug_info</name>
         <load_address>0x85fa</load_address>
         <run_address>0x85fa</run_address>
         <size>0x46</size>
         <input_file_ref idref="fl-ca"/>
      </object_component>
      <object_component id="oc-2b4">
         <name>.debug_info</name>
         <load_address>0x8640</load_address>
         <run_address>0x8640</run_address>
         <size>0x46</size>
         <input_file_ref idref="fl-ca"/>
      </object_component>
      <object_component id="oc-237">
         <name>.debug_info</name>
         <load_address>0x8686</load_address>
         <run_address>0x8686</run_address>
         <size>0x2c</size>
         <input_file_ref idref="fl-ca"/>
      </object_component>
      <object_component id="oc-1bb">
         <name>.debug_info</name>
         <load_address>0x86b2</load_address>
         <run_address>0x86b2</run_address>
         <size>0x333</size>
         <input_file_ref idref="fl-cb"/>
      </object_component>
      <object_component id="oc-f2">
         <name>.debug_info</name>
         <load_address>0x89e5</load_address>
         <run_address>0x89e5</run_address>
         <size>0x1d1</size>
         <input_file_ref idref="fl-cb"/>
      </object_component>
      <object_component id="oc-1b0">
         <name>.debug_info</name>
         <load_address>0x8bb6</load_address>
         <run_address>0x8bb6</run_address>
         <size>0x18d</size>
         <input_file_ref idref="fl-cb"/>
      </object_component>
      <object_component id="oc-1b6">
         <name>.debug_info</name>
         <load_address>0x8d43</load_address>
         <run_address>0x8d43</run_address>
         <size>0x16d</size>
         <input_file_ref idref="fl-cb"/>
      </object_component>
      <object_component id="oc-236">
         <name>.debug_info</name>
         <load_address>0x8eb0</load_address>
         <run_address>0x8eb0</run_address>
         <size>0x340</size>
         <input_file_ref idref="fl-cc"/>
      </object_component>
      <object_component id="oc-168">
         <name>.debug_info</name>
         <load_address>0x91f0</load_address>
         <run_address>0x91f0</run_address>
         <size>0x208</size>
         <input_file_ref idref="fl-cc"/>
      </object_component>
      <object_component id="oc-22b">
         <name>.debug_info</name>
         <load_address>0x93f8</load_address>
         <run_address>0x93f8</run_address>
         <size>0x1c6</size>
         <input_file_ref idref="fl-cc"/>
      </object_component>
      <object_component id="oc-231">
         <name>.debug_info</name>
         <load_address>0x95be</load_address>
         <run_address>0x95be</run_address>
         <size>0x179</size>
         <input_file_ref idref="fl-cc"/>
      </object_component>
      <object_component id="oc-23c">
         <name>.debug_info</name>
         <load_address>0x9737</load_address>
         <run_address>0x9737</run_address>
         <size>0x69</size>
         <input_file_ref idref="fl-cc"/>
      </object_component>
      <object_component id="oc-3ca">
         <name>.debug_info</name>
         <load_address>0x97a0</load_address>
         <run_address>0x97a0</run_address>
         <size>0x383</size>
         <input_file_ref idref="fl-cd"/>
      </object_component>
      <object_component id="oc-2d3">
         <name>.debug_info</name>
         <load_address>0x9b23</load_address>
         <run_address>0x9b23</run_address>
         <size>0x1ea</size>
         <input_file_ref idref="fl-cd"/>
      </object_component>
      <object_component id="oc-3c8">
         <name>.debug_info</name>
         <load_address>0x9d0d</load_address>
         <run_address>0x9d0d</run_address>
         <size>0x3fc</size>
         <input_file_ref idref="fl-ce"/>
      </object_component>
      <object_component id="oc-2cd">
         <name>.debug_info</name>
         <load_address>0xa109</load_address>
         <run_address>0xa109</run_address>
         <size>0x2e2</size>
         <input_file_ref idref="fl-ce"/>
      </object_component>
      <object_component id="oc-ce">
         <name>.debug_info</name>
         <load_address>0xa3eb</load_address>
         <run_address>0xa3eb</run_address>
         <size>0x2c</size>
         <input_file_ref idref="fl-ce"/>
      </object_component>
      <object_component id="oc-425">
         <name>.debug_info</name>
         <load_address>0xa417</load_address>
         <run_address>0xa417</run_address>
         <size>0x300</size>
         <input_file_ref idref="fl-cf"/>
      </object_component>
      <object_component id="oc-3b3">
         <name>.debug_info</name>
         <load_address>0xa717</load_address>
         <run_address>0xa717</run_address>
         <size>0x19c</size>
         <input_file_ref idref="fl-cf"/>
      </object_component>
      <object_component id="oc-454">
         <name>.debug_info</name>
         <load_address>0xa8b3</load_address>
         <run_address>0xa8b3</run_address>
         <size>0xbf</size>
         <input_file_ref idref="fl-cf"/>
      </object_component>
      <object_component id="oc-453">
         <name>.debug_info</name>
         <load_address>0xa972</load_address>
         <run_address>0xa972</run_address>
         <size>0x374</size>
         <input_file_ref idref="fl-d0"/>
      </object_component>
      <object_component id="oc-421">
         <name>.debug_info</name>
         <load_address>0xace6</load_address>
         <run_address>0xace6</run_address>
         <size>0x20b</size>
         <input_file_ref idref="fl-d0"/>
      </object_component>
      <object_component id="oc-35e">
         <name>.debug_info</name>
         <load_address>0xaef1</load_address>
         <run_address>0xaef1</run_address>
         <size>0x14c</size>
         <input_file_ref idref="fl-d1"/>
      </object_component>
      <object_component id="oc-280">
         <name>.debug_info</name>
         <load_address>0xb03d</load_address>
         <run_address>0xb03d</run_address>
         <size>0x128</size>
         <input_file_ref idref="fl-d2"/>
      </object_component>
      <object_component id="oc-34a">
         <name>.debug_info</name>
         <load_address>0xb165</load_address>
         <run_address>0xb165</run_address>
         <size>0x12a</size>
         <input_file_ref idref="fl-d2"/>
      </object_component>
      <object_component id="oc-345">
         <name>.debug_info</name>
         <load_address>0xb28f</load_address>
         <run_address>0xb28f</run_address>
         <size>0x13a</size>
         <input_file_ref idref="fl-d3"/>
      </object_component>
      <object_component id="oc-341">
         <name>.debug_info</name>
         <load_address>0xb3c9</load_address>
         <run_address>0xb3c9</run_address>
         <size>0x13a</size>
         <input_file_ref idref="fl-d4"/>
      </object_component>
      <object_component id="oc-34f">
         <name>.debug_info</name>
         <load_address>0xb503</load_address>
         <run_address>0xb503</run_address>
         <size>0x12e</size>
         <input_file_ref idref="fl-d5"/>
      </object_component>
      <object_component id="oc-103">
         <name>.debug_info</name>
         <load_address>0xb631</load_address>
         <run_address>0xb631</run_address>
         <size>0x12c</size>
         <input_file_ref idref="fl-d8"/>
      </object_component>
      <object_component id="oc-35b">
         <name>.debug_info</name>
         <load_address>0xb75d</load_address>
         <run_address>0xb75d</run_address>
         <size>0x12c</size>
         <input_file_ref idref="fl-d9"/>
      </object_component>
      <object_component id="oc-41">
         <name>.debug_info</name>
         <load_address>0xb889</load_address>
         <run_address>0xb889</run_address>
         <size>0x119</size>
         <input_file_ref idref="fl-da"/>
      </object_component>
      <object_component id="oc-97">
         <name>.debug_info</name>
         <load_address>0xb9a2</load_address>
         <run_address>0xb9a2</run_address>
         <size>0x147</size>
         <input_file_ref idref="fl-dc"/>
      </object_component>
      <object_component id="oc-338">
         <name>.debug_info</name>
         <load_address>0xbae9</load_address>
         <run_address>0xbae9</run_address>
         <size>0x134</size>
         <input_file_ref idref="fl-dd"/>
      </object_component>
      <object_component id="oc-95">
         <name>.debug_info</name>
         <load_address>0xbc1d</load_address>
         <run_address>0xbc1d</run_address>
         <size>0x2d4</size>
         <input_file_ref idref="fl-de"/>
      </object_component>
      <object_component id="oc-52">
         <name>.debug_info</name>
         <load_address>0xbef1</load_address>
         <run_address>0xbef1</run_address>
         <size>0x1b5</size>
         <input_file_ref idref="fl-de"/>
      </object_component>
      <object_component id="oc-90">
         <name>.debug_info</name>
         <load_address>0xc0a6</load_address>
         <run_address>0xc0a6</run_address>
         <size>0x46</size>
         <input_file_ref idref="fl-de"/>
      </object_component>
      <object_component id="oc-49">
         <name>.debug_info</name>
         <load_address>0xc0ec</load_address>
         <run_address>0xc0ec</run_address>
         <size>0x2a8</size>
         <input_file_ref idref="fl-df"/>
      </object_component>
      <object_component id="oc-1c">
[...]
         <name>servo_stop</name>
         <value>0x2309</value>
         <object_component_ref idref="oc-182"/>
      </symbol>
      <symbol id="sm-212">
         <name>servo_setPWM</name>
         <value>0x2375</value>
         <object_component_ref idref="oc-182"/>
      </symbol>
      <symbol id="sm-24e">
         <name>isr_char_buffer</name>
         <value>0x20001084</value>
      </symbol>
      <symbol id="sm-24f">
         <name>cyBot_getByte</name>
         <value>0x2217</value>
         <object_component_ref idref="oc-d7"/>
      </symbol>
      <symbol id="sm-250">
         <name>cyBot_sendByte</name>
         <value>0x2129</value>
         <object_component_ref idref="oc-d7"/>
      </symbol>
      <symbol id="sm-251">
         <name>cyBot_uart_sendStr</name>
         <value>0x2135</value>
         <object_component_ref idref="oc-d7"/>
      </symbol>
      <symbol id="sm-252">
         <name>isr_counter</name>
         <value>0x200012c8</value>
         <object_component_ref idref="oc-15b"/>
      </symbol>
      <symbol id="sm-253">
         <name>cyBot_uart_sendBuffer</name>
         <value>0x214f</value>
         <object_component_ref idref="oc-d7"/>
      </symbol>
      <symbol id="sm-254">
         <name>cyBot_uart_flush</name>
         <value>0x21f9</value>
         <object_component_ref idref="oc-d7"/>
      </symbol>
      <symbol id="sm-255">
         <name>cyBot_UART1_Handler</name>
         <value>0x2231</value>
         <object_component_ref idref="oc-d7"/>
      </symbol>
      <symbol id="sm-256">
         <name>cyBot_uart_init</name>
         <value>0x2167</value>
         <object_component_ref idref="oc-d7"/>
      </symbol>
      <symbol id="sm-282">
         <name>printf</name>
         <value>0x35d9</value>
         <object_component_ref idref="oc-f5"/>
      </symbol>
      <symbol id="sm-3ec">
         <name>__TI_printfi</name>
         <value>0x26d</value>
         <object_component_ref idref="oc-1a8"/>
      </symbol>
      <symbol id="sm-40e">
         <name>sprintf</name>
         <value>0x3c0d</value>
         <object_component_ref idref="oc-ef"/>
      </symbol>
      <symbol id="sm-438">
         <name>vsnprintf</name>
         <value>0x3c4d</value>
         <object_component_ref idref="oc-166"/>
      </symbol>
      <symbol id="sm-44d">
         <name>putc</name>
         <value>0x3135</value>
         <object_component_ref idref="oc-2d2"/>
      </symbol>
      <symbol id="sm-44e">
         <name>fputc</name>
         <value>0x3135</value>
         <object_component_ref idref="oc-2d2"/>
      </symbol>
      <symbol id="sm-471">
         <name>fputs</name>
         <value>0x288d</value>
         <object_component_ref idref="oc-2cb"/>
      </symbol>
      <symbol id="sm-489">
         <name>__TI_wrt_ok</name>
         <value>0x3709</value>
         <object_component_ref idref="oc-3af"/>
      </symbol>
      <symbol id="sm-4a5">
         <name>setvbuf</name>
         <value>0x2e75</value>
         <object_component_ref idref="oc-41e"/>
      </symbol>
      <symbol id="sm-4bc">
         <name>__aeabi_dsub</name>
         <value>0x1f71</value>
         <object_component_ref idref="oc-35d"/>
      </symbol>
      <symbol id="sm-4bd">
         <name>__aeabi_dadd</name>
         <value>0x1f7b</value>
         <object_component_ref idref="oc-35d"/>
      </symbol>
      <symbol id="sm-4df">
         <name>__aeabi_cdcmpeq</name>
         <value>0x31c1</value>
         <object_component_ref idref="oc-27e"/>
      </symbol>
      <symbol id="sm-4e0">
         <name>__aeabi_cdcmple</name>
         <value>0x31c1</value>
         <object_component_ref idref="oc-27e"/>
      </symbol>
      <symbol id="sm-4e1">
         <name>__aeabi_cdrcmple</name>
         <value>0x3247</value>
         <object_component_ref idref="oc-348"/>
      </symbol>
      <symbol id="sm-4f5">
         <name>__aeabi_ddiv</name>
         <value>0x2519</value>
         <object_component_ref idref="oc-343"/>
      </symbol>
      <symbol id="sm-500">
         <name>__aeabi_dmul</name>
         <value>0x2bb1</value>
         <object_component_ref idref="oc-33e"/>
      </symbol>
      <symbol id="sm-50a">
         <name>__aeabi_d2iz</name>
         <value>0x3ab5</value>
         <object_component_ref idref="oc-34d"/>
      </symbol>
      <symbol id="sm-517">
         <name>__aeabi_f2d</name>
         <value>0x3d3d</value>
         <object_component_ref idref="oc-101"/>
      </symbol>
      <symbol id="sm-521">
         <name>__aeabi_i2d</name>
         <value>0x3edd</value>
         <object_component_ref idref="oc-358"/>
      </symbol>
      <symbol id="sm-53c">
         <name>memcpy</name>
         <value>0x3003</value>
         <object_component_ref idref="oc-3e"/>
      </symbol>
      <symbol id="sm-53d">
         <name>__aeabi_memcpy</name>
         <value>0x3003</value>
         <object_component_ref idref="oc-3e"/>
      </symbol>
      <symbol id="sm-53e">
         <name>__aeabi_memcpy8</name>
         <value>0x3003</value>
         <object_component_ref idref="oc-3e"/>
      </symbol>
      <symbol id="sm-53f">
         <name>__aeabi_memcpy4</name>
         <value>0x3003</value>
         <object_component_ref idref="oc-3e"/>
      </symbol>
      <symbol id="sm-54f">
         <name>__aeabi_memset</name>
         <value>0x32cf</value>
         <object_component_ref idref="oc-96"/>
      </symbol>
      <symbol id="sm-550">
         <name>memset</name>
         <value>0x32d5</value>
         <object_component_ref idref="oc-96"/>
      </symbol>
      <symbol id="sm-551">
         <name>__aeabi_memset8</name>
         <value>0x32cf</value>
         <object_component_ref idref="oc-96"/>
      </symbol>
      <symbol id="sm-552">
         <name>__aeabi_memset4</name>
         <value>0x32cf</value>
         <object_component_ref idref="oc-96"/>
      </symbol>
      <symbol id="sm-553">
         <name>__aeabi_memclr8</name>
         <value>0x32cd</value>
         <object_component_ref idref="oc-96"/>
      </symbol>
      <symbol id="sm-554">
         <name>__aeabi_memclr4</name>
         <value>0x32cd</value>
         <object_component_ref idref="oc-96"/>
      </symbol>
      <symbol id="sm-555">
         <name>__aeabi_memclr</name>
         <value>0x32cd</value>
         <object_component_ref idref="oc-96"/>
      </symbol>
      <symbol id="sm-562">
         <name>__aeabi_uldivmod</name>
         <value>0x309f</value>
         <object_component_ref idref="oc-337"/>
      </symbol>
      <symbol id="sm-574">
         <name>__TI_zero_init</name>
         <value>0x40f5</value>
         <object_component_ref idref="oc-50"/>
      </symbol>
      <symbol id="sm-58b">
         <name>__TI_decompress_none</name>
         <value>0x40db</value>
         <object_component_ref idref="oc-1b"/>
      </symbol>
      <symbol id="sm-5ae">
         <name>__TI_decompress_lzss</name>
         <value>0x3571</value>
         <object_component_ref idref="oc-15"/>
      </symbol>
      <symbol id="sm-5d4">
         <name>C$$EXIT</name>
         <value>0x4135</value>
         <object_component_ref idref="oc-118"/>
      </symbol>
      <symbol id="sm-5d5">
         <name>abort</name>
         <value>0x4135</value>
         <object_component_ref idref="oc-118"/>
      </symbol>
      <symbol id="sm-5d6">
         <name>__TI_dtors_ptr</name>
         <value>0x200012ac</value>
         <object_component_ref idref="oc-1ff"/>
      </symbol>
      <symbol id="sm-5d7">
         <name>__TI_cleanup_ptr</name>
         <value>0x200012a8</value>
         <object_component_ref idref="oc-1ff"/>
      </symbol>
      <symbol id="sm-5d8">
         <name>__TI_enable_exit_profile_output</name>
         <value>0x200012b0</value>
         <object_component_ref idref="oc-1ff"/>
      </symbol>
      <symbol id="sm-5d9">
         <name>exit</name>
         <value>0x3a6d</value>
         <object_component_ref idref="oc-11e"/>
      </symbol>
      <symbol id="sm-5ee">
         <name>_nop</name>
         <value>0xcbb</value>
         <object_component_ref idref="oc-2bd"/>
      </symbol>
      <symbol id="sm-5ef">
         <name>_lock</name>
         <value>0x200012b4</value>
         <object_component_ref idref="oc-1bc"/>
      </symbol>
      <symbol id="sm-5f0">
         <name>_unlock</name>
         <value>0x200012b8</value>
         <object_component_ref idref="oc-1bc"/>
      </symbol>
      <symbol id="sm-5ff">
         <name>__TI_ltoa</name>
         <value>0x392f</value>
         <object_component_ref idref="oc-352"/>
      </symbol>
      <symbol id="sm-615">
         <name>atoi</name>
         <value>0x3a21</value>
         <object_component_ref idref="oc-272"/>
      </symbol>
      <symbol id="sm-620">
         <name>_ctypes_</name>
         <value>0x4138</value>
         <object_component_ref idref="oc-332"/>
      </symbol>
      <symbol id="sm-635">
         <name>__TI_tmpnams</name>
         <value>0x20000f90</value>
      </symbol>
      <symbol id="sm-636">
         <name>__aeabi_stdout</name>
         <value>0x200012a0</value>
         <object_component_ref idref="oc-47b"/>
      </symbol>
      <symbol id="sm-637">
         <name>__aeabi_stderr</name>
         <value>0x200012a4</value>
         <object_component_ref idref="oc-47b"/>
      </symbol>
      <symbol id="sm-638">
         <name>__aeabi_stdin</name>
         <value>0x2000129c</value>
         <object_component_ref idref="oc-47b"/>
      </symbol>
      <symbol id="sm-639">
         <name>_ftable</name>
         <value>0x200010e0</value>
         <object_component_ref idref="oc-1bf"/>
      </symbol>
      <symbol id="sm-63a">
         <name>__TI_ft_end</name>
         <value>0x20001298</value>
         <object_component_ref idref="oc-47b"/>
      </symbol>
      <symbol id="sm-64a">
         <name>memccpy</name>
         <value>0x3fed</value>
         <object_component_ref idref="oc-29b"/>
      </symbol>
      <symbol id="sm-65a">
         <name>memchr</name>
         <value>0x3fb1</value>
         <object_component_ref idref="oc-3b5"/>
      </symbol>
      <symbol id="sm-704">
         <name>_sys_memory</name>
         <value>0x20000a70</value>
         <object_component_ref idref="oc-24"/>
      </symbol>
      <symbol id="sm-705">
         <name>free</name>
         <value>0x2cad</value>
         <object_component_ref idref="oc-1eb"/>
      </symbol>
      <symbol id="sm-706">
         <name>realloc</name>
         <value>0x2d91</value>
         <object_component_ref idref="oc-10c"/>
      </symbol>
      <symbol id="sm-707">
         <name>memalign</name>
         <value>0x2ab1</value>
         <object_component_ref idref="oc-2e0"/>
      </symbol>
      <symbol id="sm-708">
         <name>calloc</name>
         <value>0x3d05</value>
         <object_component_ref idref="oc-fb"/>
      </symbol>
      <symbol id="sm-709">
         <name>malloc</name>
         <value>0x4121</value>
         <object_component_ref idref="oc-1d0"/>
      </symbol>
      <symbol id="sm-70a">
         <name>aligned_alloc</name>
         <value>0x2ab1</value>
         <object_component_ref idref="oc-2e0"/>
      </symbol>
      <symbol id="sm-71a">
         <name>strchr</name>
         <value>0x406b</value>
         <object_component_ref idref="oc-389"/>
      </symbol>
      <symbol id="sm-729">
         <name>strcmp</name>
         <value>0x4053</value>
         <object_component_ref idref="oc-16c"/>
      </symbol>
      <symbol id="sm-737">
         <name>strcpy</name>
         <value>0x4081</value>
         <object_component_ref idref="oc-172"/>
      </symbol>
      <symbol id="sm-745">
         <name>strlen</name>
         <value>0x4095</value>
         <object_component_ref idref="oc-26c"/>
      </symbol>
      <symbol id="sm-758">
         <name>__stack</name>
         <value>0x20000270</value>
         <object_component_ref idref="oc-27"/>
      </symbol>
      <symbol id="sm-759">
         <name>_c_int00_noargs</name>
         <value>0x3e49</value>
         <object_component_ref idref="oc-5c"/>
      </symbol>
      <symbol id="sm-773">
         <name>write</name>
         <value>0x3f89</value>
         <object_component_ref idref="oc-3c1"/>
      </symbol>
      <symbol id="sm-784">
         <name>_stream</name>
         <value>0x20001248</value>
         <object_component_ref idref="oc-42a"/>
      </symbol>
      <symbol id="sm-785">
         <name>_device</name>
         <value>0x200011d0</value>
         <object_component_ref idref="oc-45f"/>
      </symbol>
      <symbol id="sm-79b">
         <name>__aeabi_errno_addr</name>
         <value>0x4119</value>
         <object_component_ref idref="oc-2a7"/>
      </symbol>
      <symbol id="sm-79c">
         <name>errno</name>
         <value>0x200012cc</value>
         <object_component_ref idref="oc-399"/>
      </symbol>
      <symbol id="sm-7b5">
         <name>wcslen</name>
         <value>0x40a9</value>
         <object_component_ref idref="oc-2a1"/>
      </symbol>
      <symbol id="sm-7d5">
         <name>frexpl</name>
         <value>0x3641</value>
         <object_component_ref idref="oc-37d"/>
      </symbol>
      <symbol id="sm-7d6">
         <name>frexp</name>
         <value>0x3641</value>
         <object_component_ref idref="oc-37d"/>
      </symbol>
      <symbol id="sm-7f3">
         <name>scalbn</name>
         <value>0x29a1</value>
         <object_component_ref idref="oc-383"/>
      </symbol>
      <symbol id="sm-7f4">
         <name>scalbnl</name>
         <value>0x29a1</value>
         <object_component_ref idref="oc-383"/>
      </symbol>
      <symbol id="sm-7f5">
         <name>ldexpl</name>
         <value>0x29a1</value>
         <object_component_ref idref="oc-383"/>
      </symbol>
      <symbol id="sm-7f6">
         <name>ldexp</name>
         <value>0x29a1</value>
         <object_component_ref idref="oc-383"/>
      </symbol>
      <symbol id="sm-806">
         <name>__TI_doflush</name>
         <value>0x39d5</value>
         <object_component_ref idref="oc-3bb"/>
      </symbol>
      <symbol id="sm-816">
         <name>__TI_cleanup</name>
         <value>0x3de1</value>
         <object_component_ref idref="oc-44c"/>
      </symbol>
      <symbol id="sm-828">
         <name>fseek</name>
         <value>0x36a5</value>
         <object_component_ref idref="oc-418"/>
      </symbol>
      <symbol id="sm-832">
         <name>__aeabi_idiv0</name>
         <value>0x1173</value>
         <object_component_ref idref="oc-3e3"/>
      </symbol>
      <symbol id="sm-833">
         <name>__aeabi_ldiv0</name>
         <value>0x1173</value>
         <object_component_ref idref="oc-3e3"/>
      </symbol>
      <symbol id="sm-85b">
         <name>__TI_auto_init_nobinit_nopinit</name>
         <value>0x3b85</value>
         <object_component_ref idref="oc-124"/>
      </symbol>
      <symbol id="sm-865">
         <name>_system_pre_init</name>
         <value>0x4131</value>
         <object_component_ref idref="oc-9c"/>
      </symbol>
      <symbol id="sm-878">
         <name>HOSTclose</name>
         <value>0x3afd</value>
         <object_component_ref idref="oc-487"/>
      </symbol>
      <symbol id="sm-889">
         <name>HOSTlseek</name>
         <value>0x3509</value>
         <object_component_ref idref="oc-499"/>
      </symbol>
      <symbol id="sm-89b">
         <name>parmbuf</name>
         <value>0x200010b8</value>
      </symbol>
      <symbol id="sm-89c">
         <name>HOSTopen</name>
         <value>0x376d</value>
         <object_component_ref idref="oc-481"/>
      </symbol>
      <symbol id="sm-8ad">
         <name>HOSTread</name>
         <value>0x3829</value>
         <object_component_ref idref="oc-48d"/>
      </symbol>
      <symbol id="sm-8be">
         <name>HOSTrename</name>
         <value>0x349d</value>
         <object_component_ref idref="oc-4a5"/>
      </symbol>
      <symbol id="sm-8cf">
         <name>HOSTunlink</name>
         <value>0x3b41</value>
         <object_component_ref idref="oc-49f"/>
      </symbol>
      <symbol id="sm-8e0">
         <name>HOSTwrite</name>
         <value>0x3881</value>
         <object_component_ref idref="oc-493"/>
      </symbol>
      <symbol id="sm-904">
         <name>__TI_readmsg</name>
         <value>0x3e15</value>
         <object_component_ref idref="oc-4c8"/>
      </symbol>
      <symbol id="sm-905">
         <name>C$$IO$$</name>
         <value>0x3cfb</value>
         <object_component_ref idref="oc-4c2"/>
      </symbol>
      <symbol id="sm-906">
         <name>__CIOBUF_</name>
         <value>0x20000e70</value>
         <object_component_ref idref="oc-4ea"/>
      </symbol>
      <symbol id="sm-907">
         <name>__TI_writemsg</name>
         <value>0x3ccd</value>
         <object_component_ref idref="oc-4c2"/>
      </symbol>
      <symbol id="sm-918">
         <name>lseek</name>
         <value>0x3f61</value>
         <object_component_ref idref="oc-444"/>
      </symbol>
      <symbol id="sm-922">
         <name>copysign</name>
         <value>0x4009</value>
         <object_component_ref idref="oc-3fc"/>
      </symbol>
      <symbol id="sm-923">
         <name>copysignl</name>
         <value>0x4009</value>
         <object_component_ref idref="oc-3fc"/>
      </symbol>
      <symbol id="sm-938">
         <name>__TI_closefile</name>
         <value>0x3349</value>
         <object_component_ref idref="oc-475"/>
      </symbol>
      <symbol id="sm-95b">
         <name>finddevice</name>
         <value>0x3ead</value>
         <object_component_ref idref="oc-506"/>
      </symbol>
      <symbol id="sm-95c">
         <name>getdevice</name>
         <value>0x3bc9</value>
         <object_component_ref idref="oc-4e0"/>
      </symbol>
      <symbol id="sm-96c">
         <name>strncpy</name>
         <value>0x3d75</value>
         <object_component_ref idref="oc-500"/>
      </symbol>
      <symbol id="sm-981">
         <name>close</name>
         <value>0x37cd</value>
         <object_component_ref idref="oc-4b1"/>
      </symbol>
      <symbol id="sm-991">
         <name>unlink</name>
         <value>0x3f0d</value>
         <object_component_ref idref="oc-4b7"/>
      </symbol>
      <symbol id="sm-9c0">
         <name>IntRegister</name>
         <value>0x3dad</value>
         <object_component_ref idref="oc-19d"/>
      </symbol>
      <symbol id="sm-9c1">
         <name>g_pfnRAMVectors</name>
         <value>0x20000000</value>
         <object_component_ref idref="oc-260"/>
      </symbol>
      <symbol id="sm-9c2">
         <name>IntMasterEnable</name>
         <value>0x40bb</value>
         <object_component_ref idref="oc-248"/>
      </symbol>
      <symbol id="sm-9cc">
         <name>CPUcpsie</name>
         <value>0x40e9</value>
         <object_component_ref idref="oc-317"/>
      </symbol>
      <symbol id="sm-9cd">
         <name>__TI_static_base__</name>
         <value>0x0</value>
      </symbol>
      <symbol id="sm-9d0">
         <name>__mpu_init</name>
         <value>0x0</value>
      </symbol>
      <symbol id="sm-9d1">
         <name>_system_post_cinit</name>
         <value>0x0</value>
      </symbol>
      <symbol id="sm-9d2">
         <name>remove</name>
         <value>0x3f0d</value>
      </symbol>
   </symbol_table>
   <title>Link successful</title>
</link_info>
