<?xml version="1.0" encoding="ISO-8859-1" ?>
<link_info>
   <banner>TI ARM Linker PC v20.2.7.LTS</banner>
   <copyright>Copyright (c) 1996-2018 Texas Instruments Incorporated</copyright>
   <link_time>0x66fb0af2</link_time>
   <link_errors>0x0</link_errors>
   <output_file>lab_3.out</output_file>
   <entry_point>
      <name>_c_int00_noargs</name>
      <address>0x5035</address>
   </entry_point>
   <input_file_list>
      <input_file id="fl-2">
         <path>.\</path>
         <kind>object</kind>
         <file>Timer.obj</file>
         <name>Timer.obj</name>
      </input_file>
      <input_file id="fl-3">
         <path>.\</path>
         <kind>object</kind>
         <file>lcd.obj</file>
         <name>lcd.obj</name>
      </input_file>
      <input_file id="fl-4">
         <path>.\</path>
         <kind>object</kind>
         <file>main.obj</file>
         <name>main.obj</name>
      </input_file>
      <input_file id="fl-5">
         <path>.\</path>
         <kind>object</kind>
         <file>movement.obj</file>
         <name>movement.obj</name>
      </input_file>
      <input_file id="fl-6">
         <path>.\</path>
         <kind>object</kind>
         <file>open_interface.obj</file>
         <name>open_interface.obj</name>
      </input_file>
      <input_file id="fl-7">
         <path>.\</path>
         <kind>object</kind>
         <file>tm4c123gh6pm_startup_ccs.obj</file>
         <name>tm4c123gh6pm_startup_ccs.obj</name>
      </input_file>
      <input_file id="fl-e">
         <kind>object</kind>
         <file>&lt;internal&gt;</file>
         <name>&lt;internal&gt;</name>
      </input_file>
      <input_file id="fl-f">
         <path>..\</path>
         <kind>archive</kind>
         <file>libcybotScan.lib</file>
         <name>cyBot_Scan.obj</name>
      </input_file>
      <input_file id="fl-10">
         <path>..\</path>
         <kind>archive</kind>
         <file>libcybotScan.lib</file>
         <name>ir.obj</name>
      </input_file>
      <input_file id="fl-11">
         <path>..\</path>
         <kind>archive</kind>
         <file>libcybotScan.lib</file>
         <name>ping.obj</name>
      </input_file>
      <input_file id="fl-12">
         <path>..\</path>
         <kind>archive</kind>
         <file>libcybotScan.lib</file>
         <name>servo.obj</name>
      </input_file>
      <input_file id="fl-13">
         <path>..\</path>
         <kind>archive</kind>
         <file>libcybotUART.lib</file>
         <name>uart.obj</name>
      </input_file>
      <input_file id="fl-c9">
         <path>C:\ti\ccs1271\ccs\tools\compiler\ti-cgt-arm_20.2.7.LTS\lib\</path>
         <kind>archive</kind>
         <file>rtsv7M4_T_le_v4SPD16_eabi.lib</file>
         <name>printf.c.obj</name>
      </input_file>
      <input_file id="fl-ca">
         <path>C:\ti\ccs1271\ccs\tools\compiler\ti-cgt-arm_20.2.7.LTS\lib\</path>
         <kind>archive</kind>
         <file>rtsv7M4_T_le_v4SPD16_eabi.lib</file>
         <name>_printfi.c.obj</name>
      </input_file>
      <input_file id="fl-cb">
         <path>C:\ti\ccs1271\ccs\tools\compiler\ti-cgt-arm_20.2.7.LTS\lib\</path>
         <kind>archive</kind>
         <file>rtsv7M4_T_le_v4SPD16_eabi.lib</file>
         <name>sprintf.c.obj</name>
      </input_file>
      <input_file id="fl-cc">
         <path>C:\ti\ccs1271\ccs\tools\compiler\ti-cgt-arm_20.2.7.LTS\lib\</path>
         <kind>archive</kind>
         <file>rtsv7M4_T_le_v4SPD16_eabi.lib</file>
         <name>vsnprintf.c.obj</name>
      </input_file>
      <input_file id="fl-cd">
         <path>C:\ti\ccs1271\ccs\tools\compiler\ti-cgt-arm_20.2.7.LTS\lib\</path>
         <kind>archive</kind>
         <file>rtsv7M4_T_le_v4SPD16_eabi.lib</file>
         <name>fputc.c.obj</name>
      </input_file>
      <input_file id="fl-ce">
         <path>C:\ti\ccs1271\ccs\tools\compiler\ti-cgt-arm_20.2.7.LTS\lib\</path>
         <kind>archive</kind>
         <file>rtsv7M4_T_le_v4SPD16_eabi.lib</file>
         <name>fputs.c.obj</name>
      </input_file>
      <input_file id="fl-cf">
         <path>C:\ti\ccs1271\ccs\tools\compiler\ti-cgt-arm_20.2.7.LTS\lib\</path>
         <kind>archive</kind>
         <file>rtsv7M4_T_le_v4SPD16_eabi.lib</file>
         <name>_io_perm.c.obj</name>
      </input_file>
      <input_file id="fl-d0">
         <path>C:\ti\ccs1271\ccs\tools\compiler\ti-cgt-arm_20.2.7.LTS\lib\</path>
         <kind>archive</kind>
         <file>rtsv7M4_T_le_v4SPD16_eabi.lib</file>
         <name>setvbuf.c.obj</name>
      </input_file>
      <input_file id="fl-d1">
         <path>C:\ti\ccs1271\ccs\tools\compiler\ti-cgt-arm_20.2.7.LTS\lib\</path>
         <kind>archive</kind>
         <file>rtsv7M4_T_le_v4SPD16_eabi.lib</file>
         <name>fd_add_t2.asm.obj</name>
      </input_file>
      <input_file id="fl-d2">
         <path>C:\ti\ccs1271\ccs\tools\compiler\ti-cgt-arm_20.2.7.LTS\lib\</path>
         <kind>archive</kind>
         <file>rtsv7M4_T_le_v4SPD16_eabi.lib</file>
         <name>fd_cmp_t2.asm.obj</name>
      </input_file>
      <input_file id="fl-d3">
         <path>C:\ti\ccs1271\ccs\tools\compiler\ti-cgt-arm_20.2.7.LTS\lib\</path>
         <kind>archive</kind>
         <file>rtsv7M4_T_le_v4SPD16_eabi.lib</file>
         <name>fd_div_t2.asm.obj</name>
      </input_file>
      <input_file id="fl-d4">
         <path>C:\ti\ccs1271\ccs\tools\compiler\ti-cgt-arm_20.2.7.LTS\lib\</path>
         <kind>archive</kind>
         <file>rtsv7M4_T_le_v4SPD16_eabi.lib</file>
         <name>fd_mul_t2.asm.obj</name>
      </input_file>
      <input_file id="fl-d5">
         <path>C:\ti\ccs1271\ccs\tools\compiler\ti-cgt-arm_20.2.7.LTS\lib\</path>
         <kind>archive</kind>
         <file>rtsv7M4_T_le_v4SPD16_eabi.lib</file>
         <name>fd_toi_t2.asm.obj</name>
      </input_file>
      <input_file id="fl-d6">
         <path>C:\ti\ccs1271\ccs\tools\compiler\ti-cgt-arm_20.2.7.LTS\lib\</path>
         <kind>archive</kind>
         <file>rtsv7M4_T_le_v4SPD16_eabi.lib</file>
         <name>fd_tos_t2.asm.obj</name>
      </input_file>
      <input_file id="fl-d7">
         <path>C:\ti\ccs1271\ccs\tools\compiler\ti-cgt-arm_20.2.7.LTS\lib\</path>
         <kind>archive</kind>
         <file>rtsv7M4_T_le_v4SPD16_eabi.lib</file>
         <name>fd_tou_t2.asm.obj</name>
      </input_file>
      <input_file id="fl-d8">
         <path>C:\ti\ccs1271\ccs\tools\compiler\ti-cgt-arm_20.2.7.LTS\lib\</path>
         <kind>archive</kind>
         <file>rtsv7M4_T_le_v4SPD16_eabi.lib</file>
         <name>fs_tod_t2.asm.obj</name>
      </input_file>
      <input_file id="fl-d9">
         <path>C:\ti\ccs1271\ccs\tools\compiler\ti-cgt-arm_20.2.7.LTS\lib\</path>
         <kind>archive</kind>
         <file>rtsv7M4_T_le_v4SPD16_eabi.lib</file>
         <name>i_tofd_t2.asm.obj</name>
      </input_file>
      <input_file id="fl-da">
         <path>C:\ti\ccs1271\ccs\tools\compiler\ti-cgt-arm_20.2.7.LTS\lib\</path>
         <kind>archive</kind>
         <file>rtsv7M4_T_le_v4SPD16_eabi.lib</file>
         <name>memcpy_t2.asm.obj</name>
      </input_file>
      <input_file id="fl-db">
         <path>C:\ti\ccs1271\ccs\tools\compiler\ti-cgt-arm_20.2.7.LTS\lib\</path>
         <kind>archive</kind>
         <file>rtsv7M4_T_le_v4SPD16_eabi.lib</file>
         <name>u_tofd_t2.asm.obj</name>
      </input_file>
      <input_file id="fl-dc">
         <path>C:\ti\ccs1271\ccs\tools\compiler\ti-cgt-arm_20.2.7.LTS\lib\</path>
         <kind>archive</kind>
         <file>rtsv7M4_T_le_v4SPD16_eabi.lib</file>
         <name>memset_t2.asm.obj</name>
      </input_file>
      <input_file id="fl-dd">
         <path>C:\ti\ccs1271\ccs\tools\compiler\ti-cgt-arm_20.2.7.LTS\lib\</path>
         <kind>archive</kind>
         <file>rtsv7M4_T_le_v4SPD16_eabi.lib</file>
         <name>ull_div_t2.asm.obj</name>
      </input_file>
      <input_file id="fl-de">
         <path>C:\ti\ccs1271\ccs\tools\compiler\ti-cgt-arm_20.2.7.LTS\lib\</path>
         <kind>archive</kind>
         <file>rtsv7M4_T_le_v4SPD16_eabi.lib</file>
         <name>copy_zero_init.c.obj</name>
      </input_file>
      <input_file id="fl-df">
         <path>C:\ti\ccs1271\ccs\tools\compiler\ti-cgt-arm_20.2.7.LTS\lib\</path>
         <kind>archive</kind>
         <file>rtsv7M4_T_le_v4SPD16_eabi.lib</file>
         <name>copy_decompress_none.c.obj</name>
      </input_file>
      <input_file id="fl-e0">
         <path>C:\ti\ccs1271\ccs\tools\compiler\ti-cgt-arm_20.2.7.LTS\lib\</path>
         <kind>archive</kind>
         <file>rtsv7M4_T_le_v4SPD16_eabi.lib</file>
         <name>copy_decompress_lzss.c.obj</name>
      </input_file>
      <input_file id="fl-e1">
         <path>C:\ti\ccs1271\ccs\tools\compiler\ti-cgt-arm_20.2.7.LTS\lib\</path>
         <kind>archive</kind>
         <file>rtsv7M4_T_le_v4SPD16_eabi.lib</file>
         <name>exit.c.obj</name>
      </input_file>
      <input_file id="fl-e2">
         <path>C:\ti\ccs1271\ccs\tools\compiler\ti-cgt-arm_20.2.7.LTS\lib\</path>
         <kind>archive</kind>
         <file>rtsv7M4_T_le_v4SPD16_eabi.lib</file>
         <name>_lock.c.obj</name>
      </input_file>
      <input_file id="fl-e3">
         <path>C:\ti\ccs1271\ccs\tools\compiler\ti-cgt-arm_20.2.7.LTS\lib\</path>
         <kind>archive</kind>
         <file>rtsv7M4_T_le_v4SPD16_eabi.lib</file>
         <name>_ltoa.c.obj</name>
      </input_file>
      <input_file id="fl-e4">
         <path>C:\ti\ccs1271\ccs\tools\compiler\ti-cgt-arm_20.2.7.LTS\lib\</path>
         <kind>archive</kind>
         <file>rtsv7M4_T_le_v4SPD16_eabi.lib</file>
         <name>atoi.c.obj</name>
      </input_file>
      <input_file id="fl-e5">
         <path>C:\ti\ccs1271\ccs\tools\compiler\ti-cgt-arm_20.2.7.LTS\lib\</path>
         <kind>archive</kind>
         <file>rtsv7M4_T_le_v4SPD16_eabi.lib</file>
         <name>ctype.c.obj</name>
      </input_file>
      <input_file id="fl-e6">
         <path>C:\ti\ccs1271\ccs\tools\compiler\ti-cgt-arm_20.2.7.LTS\lib\</path>
         <kind>archive</kind>
         <file>rtsv7M4_T_le_v4SPD16_eabi.lib</file>
         <name>defs.c.obj</name>
      </input_file>
      <input_file id="fl-e7">
         <path>C:\ti\ccs1271\ccs\tools\compiler\ti-cgt-arm_20.2.7.LTS\lib\</path>
         <kind>archive</kind>
         <file>rtsv7M4_T_le_v4SPD16_eabi.lib</file>
         <name>memccpy.c.obj</name>
      </input_file>
      <input_file id="fl-e8">
         <path>C:\ti\ccs1271\ccs\tools\compiler\ti-cgt-arm_20.2.7.LTS\lib\</path>
         <kind>archive</kind>
         <file>rtsv7M4_T_le_v4SPD16_eabi.lib</file>
         <name>memchr.c.obj</name>
      </input_file>
      <input_file id="fl-e9">
         <path>C:\ti\ccs1271\ccs\tools\compiler\ti-cgt-arm_20.2.7.LTS\lib\</path>
         <kind>archive</kind>
         <file>rtsv7M4_T_le_v4SPD16_eabi.lib</file>
         <name>memory.c.obj</name>
      </input_file>
      <input_file id="fl-ea">
         <path>C:\ti\ccs1271\ccs\tools\compiler\ti-cgt-arm_20.2.7.LTS\lib\</path>
         <kind>archive</kind>
         <file>rtsv7M4_T_le_v4SPD16_eabi.lib</file>
         <name>strchr.c.obj</name>
      </input_file>
      <input_file id="fl-eb">
         <path>C:\ti\ccs1271\ccs\tools\compiler\ti-cgt-arm_20.2.7.LTS\lib\</path>
         <kind>archive</kind>
         <file>rtsv7M4_T_le_v4SPD16_eabi.lib</file>
         <name>strcmp.c.obj</name>
      </input_file>
      <input_file id="fl-ec">
         <path>C:\ti\ccs1271\ccs\tools\compiler\ti-cgt-arm_20.2.7.LTS\lib\</path>
         <kind>archive</kind>
         <file>rtsv7M4_T_le_v4SPD16_eabi.lib</file>
         <name>strcpy.c.obj</name>
      </input_file>
      <input_file id="fl-ed">
         <path>C:\ti\ccs1271\ccs\tools\compiler\ti-cgt-arm_20.2.7.LTS\lib\</path>
         <kind>archive</kind>
         <file>rtsv7M4_T_le_v4SPD16_eabi.lib</file>
         <name>strlen.c.obj</name>
      </input_file>
      <input_file id="fl-ee">
         <path>C:\ti\ccs1271\ccs\tools\compiler\ti-cgt-arm_20.2.7.LTS\lib\</path>
         <kind>archive</kind>
         <file>rtsv7M4_T_le_v4SPD16_eabi.lib</file>
         <name>boot_cortex_m.c.obj</name>
      </input_file>
      <input_file id="fl-ef">
         <path>C:\ti\ccs1271\ccs\tools\compiler\ti-cgt-arm_20.2.7.LTS\lib\</path>
         <kind>archive</kind>
         <file>rtsv7M4_T_le_v4SPD16_eabi.lib</file>
         <name>write.c.obj</name>
      </input_file>
      <input_file id="fl-f0">
         <path>C:\ti\ccs1271\ccs\tools\compiler\ti-cgt-arm_20.2.7.LTS\lib\</path>
         <kind>archive</kind>
         <file>rtsv7M4_T_le_v4SPD16_eabi.lib</file>
         <name>host_device.c.obj</name>
      </input_file>
      <input_file id="fl-f1">
         <path>C:\ti\ccs1271\ccs\tools\compiler\ti-cgt-arm_20.2.7.LTS\lib\</path>
         <kind>archive</kind>
         <file>rtsv7M4_T_le_v4SPD16_eabi.lib</file>
         <name>errno.c.obj</name>
      </input_file>
      <input_file id="fl-f2">
         <path>C:\ti\ccs1271\ccs\tools\compiler\ti-cgt-arm_20.2.7.LTS\lib\</path>
         <kind>archive</kind>
         <file>rtsv7M4_T_le_v4SPD16_eabi.lib</file>
         <name>wcslen.c.obj</name>
      </input_file>
      <input_file id="fl-f3">
         <path>C:\ti\ccs1271\ccs\tools\compiler\ti-cgt-arm_20.2.7.LTS\lib\</path>
         <kind>archive</kind>
         <file>rtsv7M4_T_le_v4SPD16_eabi.lib</file>
         <name>s_frexp.c.obj</name>
      </input_file>
      <input_file id="fl-f4">
         <path>C:\ti\ccs1271\ccs\tools\compiler\ti-cgt-arm_20.2.7.LTS\lib\</path>
         <kind>archive</kind>
         <file>rtsv7M4_T_le_v4SPD16_eabi.lib</file>
         <name>s_scalbn.c.obj</name>
      </input_file>
      <input_file id="fl-f5">
         <path>C:\ti\ccs1271\ccs\tools\compiler\ti-cgt-arm_20.2.7.LTS\lib\</path>
         <kind>archive</kind>
         <file>rtsv7M4_T_le_v4SPD16_eabi.lib</file>
         <name>fflush.c.obj</name>
      </input_file>
      <input_file id="fl-f6">
         <path>C:\ti\ccs1271\ccs\tools\compiler\ti-cgt-arm_20.2.7.LTS\lib\</path>
         <kind>archive</kind>
         <file>rtsv7M4_T_le_v4SPD16_eabi.lib</file>
         <name>fopen.c.obj</name>
      </input_file>
      <input_file id="fl-f7">
         <path>C:\ti\ccs1271\ccs\tools\compiler\ti-cgt-arm_20.2.7.LTS\lib\</path>
         <kind>archive</kind>
         <file>rtsv7M4_T_le_v4SPD16_eabi.lib</file>
         <name>fseek.c.obj</name>
      </input_file>
      <input_file id="fl-f8">
         <path>C:\ti\ccs1271\ccs\tools\compiler\ti-cgt-arm_20.2.7.LTS\lib\</path>
         <kind>archive</kind>
         <file>rtsv7M4_T_le_v4SPD16_eabi.lib</file>
         <name>div0.asm.obj</name>
      </input_file>
      <input_file id="fl-f9">
         <path>C:\ti\ccs1271\ccs\tools\compiler\ti-cgt-arm_20.2.7.LTS\lib\</path>
         <kind>archive</kind>
         <file>rtsv7M4_T_le_v4SPD16_eabi.lib</file>
         <name>autoinit.c.obj</name>
      </input_file>
      <input_file id="fl-fa">
         <path>C:\ti\ccs1271\ccs\tools\compiler\ti-cgt-arm_20.2.7.LTS\lib\</path>
         <kind>archive</kind>
         <file>rtsv7M4_T_le_v4SPD16_eabi.lib</file>
         <name>pre_init.c.obj</name>
      </input_file>
      <input_file id="fl-fb">
         <path>C:\ti\ccs1271\ccs\tools\compiler\ti-cgt-arm_20.2.7.LTS\lib\</path>
         <kind>archive</kind>
         <file>rtsv7M4_T_le_v4SPD16_eabi.lib</file>
         <name>cpy_tbl.c.obj</name>
      </input_file>
      <input_file id="fl-fc">
         <path>C:\ti\ccs1271\ccs\tools\compiler\ti-cgt-arm_20.2.7.LTS\lib\</path>
         <kind>archive</kind>
         <file>rtsv7M4_T_le_v4SPD16_eabi.lib</file>
         <name>args_main.c.obj</name>
      </input_file>
      <input_file id="fl-fd">
         <path>C:\ti\ccs1271\ccs\tools\compiler\ti-cgt-arm_20.2.7.LTS\lib\</path>
         <kind>archive</kind>
         <file>rtsv7M4_T_le_v4SPD16_eabi.lib</file>
         <name>hostclose.c.obj</name>
      </input_file>
      <input_file id="fl-fe">
         <path>C:\ti\ccs1271\ccs\tools\compiler\ti-cgt-arm_20.2.7.LTS\lib\</path>
         <kind>archive</kind>
         <file>rtsv7M4_T_le_v4SPD16_eabi.lib</file>
         <name>hostlseek.c.obj</name>
      </input_file>
      <input_file id="fl-ff">
         <path>C:\ti\ccs1271\ccs\tools\compiler\ti-cgt-arm_20.2.7.LTS\lib\</path>
         <kind>archive</kind>
         <file>rtsv7M4_T_le_v4SPD16_eabi.lib</file>
         <name>hostopen.c.obj</name>
      </input_file>
      <input_file id="fl-100">
         <path>C:\ti\ccs1271\ccs\tools\compiler\ti-cgt-arm_20.2.7.LTS\lib\</path>
         <kind>archive</kind>
         <file>rtsv7M4_T_le_v4SPD16_eabi.lib</file>
         <name>hostread.c.obj</name>
      </input_file>
      <input_file id="fl-101">
         <path>C:\ti\ccs1271\ccs\tools\compiler\ti-cgt-arm_20.2.7.LTS\lib\</path>
         <kind>archive</kind>
         <file>rtsv7M4_T_le_v4SPD16_eabi.lib</file>
         <name>hostrename.c.obj</name>
      </input_file>
      <input_file id="fl-102">
         <path>C:\ti\ccs1271\ccs\tools\compiler\ti-cgt-arm_20.2.7.LTS\lib\</path>
         <kind>archive</kind>
         <file>rtsv7M4_T_le_v4SPD16_eabi.lib</file>
         <name>hostunlink.c.obj</name>
      </input_file>
      <input_file id="fl-103">
         <path>C:\ti\ccs1271\ccs\tools\compiler\ti-cgt-arm_20.2.7.LTS\lib\</path>
         <kind>archive</kind>
         <file>rtsv7M4_T_le_v4SPD16_eabi.lib</file>
         <name>hostwrite.c.obj</name>
      </input_file>
      <input_file id="fl-104">
         <path>C:\ti\ccs1271\ccs\tools\compiler\ti-cgt-arm_20.2.7.LTS\lib\</path>
         <kind>archive</kind>
         <file>rtsv7M4_T_le_v4SPD16_eabi.lib</file>
         <name>trgmsg.c.obj</name>
      </input_file>
      <input_file id="fl-105">
         <path>C:\ti\ccs1271\ccs\tools\compiler\ti-cgt-arm_20.2.7.LTS\lib\</path>
         <kind>archive</kind>
         <file>rtsv7M4_T_le_v4SPD16_eabi.lib</file>
         <name>open.c.obj</name>
      </input_file>
      <input_file id="fl-106">
         <path>C:\ti\ccs1271\ccs\tools\compiler\ti-cgt-arm_20.2.7.LTS\lib\</path>
         <kind>archive</kind>
         <file>rtsv7M4_T_le_v4SPD16_eabi.lib</file>
         <name>lseek.c.obj</name>
      </input_file>
      <input_file id="fl-107">
         <path>C:\ti\ccs1271\ccs\tools\compiler\ti-cgt-arm_20.2.7.LTS\lib\</path>
         <kind>archive</kind>
         <file>rtsv7M4_T_le_v4SPD16_eabi.lib</file>
         <name>s_copysign.c.obj</name>
      </input_file>
      <input_file id="fl-108">
         <path>C:\ti\ccs1271\ccs\tools\compiler\ti-cgt-arm_20.2.7.LTS\lib\</path>
         <kind>archive</kind>
         <file>rtsv7M4_T_le_v4SPD16_eabi.lib</file>
         <name>fclose.c.obj</name>
      </input_file>
      <input_file id="fl-109">
         <path>C:\ti\ccs1271\ccs\tools\compiler\ti-cgt-arm_20.2.7.LTS\lib\</path>
         <kind>archive</kind>
         <file>rtsv7M4_T_le_v4SPD16_eabi.lib</file>
         <name>getdevice.c.obj</name>
      </input_file>
      <input_file id="fl-10a">
         <path>C:\ti\ccs1271\ccs\tools\compiler\ti-cgt-arm_20.2.7.LTS\lib\</path>
         <kind>archive</kind>
         <file>rtsv7M4_T_le_v4SPD16_eabi.lib</file>
         <name>strncpy.c.obj</name>
      </input_file>
      <input_file id="fl-10b">
         <path>C:\ti\ccs1271\ccs\tools\compiler\ti-cgt-arm_20.2.7.LTS\lib\</path>
         <kind>archive</kind>
         <file>rtsv7M4_T_le_v4SPD16_eabi.lib</file>
         <name>remove.c.obj</name>
      </input_file>
      <input_file id="fl-10c">
         <path>C:\ti\ccs1271\ccs\tools\compiler\ti-cgt-arm_20.2.7.LTS\lib\</path>
         <kind>archive</kind>
         <file>rtsv7M4_T_le_v4SPD16_eabi.lib</file>
         <name>close.c.obj</name>
      </input_file>
      <input_file id="fl-10d">
         <path>C:\ti\ccs1271\ccs\tools\compiler\ti-cgt-arm_20.2.7.LTS\lib\</path>
         <kind>archive</kind>
         <file>rtsv7M4_T_le_v4SPD16_eabi.lib</file>
         <name>unlink.c.obj</name>
      </input_file>
      <input_file id="fl-10e">
         <path>C:\ti\TivaWare_C_Series-2.2.0.295\driverlib\ccs\Debug\</path>
         <kind>archive</kind>
         <file>driverlib.lib</file>
         <name>interrupt.obj</name>
      </input_file>
      <input_file id="fl-10f">
         <path>C:\ti\TivaWare_C_Series-2.2.0.295\driverlib\ccs\Debug\</path>
         <kind>archive</kind>
         <file>driverlib.lib</file>
         <name>cpu.obj</name>
      </input_file>
   </input_file_list>
   <object_component_list>
      <object_component id="oc-12">
         <name>.intvecs</name>
         <load_address>0x0</load_address>
         <run_address>0x0</run_address>
         <size>0x26c</size>
         <input_file_ref idref="fl-7"/>
      </object_component>
      <object_component id="oc-ef">
         <name>.text</name>
         <load_address>0x26c</load_address>
         <run_address>0x26c</run_address>
         <size>0xc20</size>
         <input_file_ref idref="fl-6"/>
      </object_component>
      <object_component id="oc-16e">
         <name>.text:__TI_printfi</name>
         <load_address>0xe8c</load_address>
         <run_address>0xe8c</run_address>
         <size>0xa4e</size>
         <input_file_ref idref="fl-ca"/>
      </object_component>
      <object_component id="oc-2d6">
         <name>.text:_nop</name>
         <load_address>0x18da</load_address>
         <run_address>0x18da</run_address>
         <size>0x2</size>
         <input_file_ref idref="fl-e2"/>
      </object_component>
      <object_component id="oc-a2">
         <name>.text</name>
         <load_address>0x18dc</load_address>
         <run_address>0x18dc</run_address>
         <size>0x720</size>
         <input_file_ref idref="fl-4"/>
      </object_component>
      <object_component id="oc-e3">
         <name>.text</name>
         <load_address>0x1ffc</load_address>
         <run_address>0x1ffc</run_address>
         <size>0x328</size>
         <input_file_ref idref="fl-3"/>
      </object_component>
      <object_component id="oc-f5">
         <name>.text</name>
         <load_address>0x2324</load_address>
         <run_address>0x2324</run_address>
         <size>0x2b4</size>
         <input_file_ref idref="fl-5"/>
      </object_component>
      <object_component id="oc-2b2">
         <name>.text:_pconv_a</name>
         <load_address>0x25d8</load_address>
         <run_address>0x25d8</run_address>
         <size>0x270</size>
         <input_file_ref idref="fl-ca"/>
      </object_component>
      <object_component id="oc-e9">
         <name>.text</name>
         <load_address>0x2848</load_address>
         <run_address>0x2848</run_address>
         <size>0x260</size>
         <input_file_ref idref="fl-f"/>
      </object_component>
      <object_component id="oc-fb">
         <name>.text</name>
         <load_address>0x2aa8</load_address>
         <run_address>0x2aa8</run_address>
         <size>0x248</size>
         <input_file_ref idref="fl-2"/>
      </object_component>
      <object_component id="oc-1b1">
         <name>.text</name>
         <load_address>0x2cf0</load_address>
         <run_address>0x2cf0</run_address>
         <size>0x1ec</size>
         <input_file_ref idref="fl-11"/>
      </object_component>
      <object_component id="oc-2a0">
         <name>.text:_pconv_g</name>
         <load_address>0x2edc</load_address>
         <run_address>0x2edc</run_address>
         <size>0x1d0</size>
         <input_file_ref idref="fl-ca"/>
      </object_component>
      <object_component id="oc-1f1">
         <name>.text</name>
         <load_address>0x30ac</load_address>
         <run_address>0x30ac</run_address>
         <size>0x1b6</size>
         <input_file_ref idref="fl-d1"/>
      </object_component>
      <object_component id="oc-42b">
         <name>.text</name>
         <load_address>0x3262</load_address>
         <run_address>0x3262</run_address>
         <size>0x2</size>
         <input_file_ref idref="fl-f8"/>
      </object_component>
      <object_component id="oc-d7">
         <name>.text</name>
         <load_address>0x3264</load_address>
         <run_address>0x3264</run_address>
         <size>0x15c</size>
         <input_file_ref idref="fl-13"/>
      </object_component>
      <object_component id="oc-1ab">
         <name>.text</name>
         <load_address>0x33c0</load_address>
         <run_address>0x33c0</run_address>
         <size>0x158</size>
         <input_file_ref idref="fl-12"/>
      </object_component>
      <object_component id="oc-2ac">
         <name>.text:_pconv_e</name>
         <load_address>0x3518</load_address>
         <run_address>0x3518</run_address>
         <size>0x13c</size>
         <input_file_ref idref="fl-ca"/>
      </object_component>
      <object_component id="oc-1e7">
         <name>.text</name>
         <load_address>0x3654</load_address>
         <run_address>0x3654</run_address>
         <size>0x136</size>
         <input_file_ref idref="fl-d3"/>
      </object_component>
      <object_component id="oc-39d">
         <name>.text:fcvt</name>
         <load_address>0x378c</load_address>
         <run_address>0x378c</run_address>
         <size>0x124</size>
         <input_file_ref idref="fl-ca"/>
      </object_component>
      <object_component id="oc-1b7">
         <name>.text</name>
         <load_address>0x38b0</load_address>
         <run_address>0x38b0</run_address>
         <size>0x118</size>
         <input_file_ref idref="fl-10"/>
      </object_component>
      <object_component id="oc-2e4">
         <name>.text:fputs</name>
         <load_address>0x39c8</load_address>
         <run_address>0x39c8</run_address>
         <size>0x114</size>
         <input_file_ref idref="fl-ce"/>
      </object_component>
      <object_component id="oc-3b1">
         <name>.text:scalbn</name>
         <load_address>0x3adc</load_address>
         <run_address>0x3adc</run_address>
         <size>0x110</size>
         <input_file_ref idref="fl-f4"/>
      </object_component>
      <object_component id="oc-355">
         <name>.text:aligned_alloc</name>
         <load_address>0x3bec</load_address>
         <run_address>0x3bec</run_address>
         <size>0x100</size>
         <input_file_ref idref="fl-e9"/>
      </object_component>
      <object_component id="oc-1e2">
         <name>.text</name>
         <load_address>0x3cec</load_address>
         <run_address>0x3cec</run_address>
         <size>0xfc</size>
         <input_file_ref idref="fl-d4"/>
      </object_component>
      <object_component id="oc-1c6">
         <name>.text:free</name>
         <load_address>0x3de8</load_address>
         <run_address>0x3de8</run_address>
         <size>0xe4</size>
         <input_file_ref idref="fl-e9"/>
      </object_component>
      <object_component id="oc-11b">
         <name>.text:realloc</name>
         <load_address>0x3ecc</load_address>
         <run_address>0x3ecc</run_address>
         <size>0xe4</size>
         <input_file_ref idref="fl-e9"/>
      </object_component>
      <object_component id="oc-460">
         <name>.text:setvbuf</name>
         <load_address>0x3fb0</load_address>
         <run_address>0x3fb0</run_address>
         <size>0xdc</size>
         <input_file_ref idref="fl-d0"/>
      </object_component>
      <object_component id="oc-29a">
         <name>.text:_ltostr</name>
         <load_address>0x408c</load_address>
         <run_address>0x408c</run_address>
         <size>0xb1</size>
         <input_file_ref idref="fl-ca"/>
      </object_component>
      <object_component id="oc-3e">
         <name>.text</name>
         <load_address>0x413e</load_address>
         <run_address>0x413e</run_address>
         <size>0x9c</size>
         <input_file_ref idref="fl-da"/>
      </object_component>
      <object_component id="oc-384">
         <name>.text</name>
         <load_address>0x41da</load_address>
         <run_address>0x41da</run_address>
         <size>0x96</size>
         <input_file_ref idref="fl-dd"/>
      </object_component>
      <object_component id="oc-2eb">
         <name>.text:fputc</name>
         <load_address>0x4270</load_address>
         <run_address>0x4270</run_address>
         <size>0x8c</size>
         <input_file_ref idref="fl-cd"/>
      </object_component>
      <object_component id="oc-20b">
         <name>.text:__aeabi_cdcmple</name>
         <load_address>0x42fc</load_address>
         <run_address>0x42fc</run_address>
         <size>0x86</size>
         <input_file_ref idref="fl-d2"/>
      </object_component>
      <object_component id="oc-210">
         <name>.text:__aeabi_cdrcmple</name>
         <load_address>0x4382</load_address>
         <run_address>0x4382</run_address>
         <size>0x86</size>
         <input_file_ref idref="fl-d2"/>
      </object_component>
      <object_component id="oc-96">
         <name>.text</name>
         <load_address>0x4408</load_address>
         <run_address>0x4408</run_address>
         <size>0x7a</size>
         <input_file_ref idref="fl-dc"/>
      </object_component>
      <object_component id="oc-4b7">
         <name>.text:__TI_closefile</name>
         <load_address>0x4484</load_address>
         <run_address>0x4484</run_address>
         <size>0x74</size>
         <input_file_ref idref="fl-108"/>
      </object_component>
      <object_component id="oc-25c">
         <name>.text:split</name>
         <load_address>0x44f8</load_address>
         <run_address>0x44f8</run_address>
         <size>0x70</size>
         <input_file_ref idref="fl-e9"/>
      </object_component>
      <object_component id="oc-396">
         <name>.text:_mcpy</name>
         <load_address>0x4568</load_address>
         <run_address>0x4568</run_address>
         <size>0x6e</size>
         <input_file_ref idref="fl-ca"/>
      </object_component>
      <object_component id="oc-1f9">
         <name>.text</name>
         <load_address>0x45d6</load_address>
         <run_address>0x45d6</run_address>
         <size>0x6e</size>
         <input_file_ref idref="fl-d6"/>
      </object_component>
      <object_component id="oc-4e7">
         <name>.text:HOSTrename</name>
         <load_address>0x4644</load_address>
         <run_address>0x4644</run_address>
         <size>0x6c</size>
         <input_file_ref idref="fl-101"/>
      </object_component>
      <object_component id="oc-4db">
         <name>.text:HOSTlseek</name>
         <load_address>0x46b0</load_address>
         <run_address>0x46b0</run_address>
         <size>0x68</size>
         <input_file_ref idref="fl-fe"/>
      </object_component>
      <object_component id="oc-15">
         <name>.text:decompress:lzss:__TI_decompress_lzss</name>
         <load_address>0x4718</load_address>
         <run_address>0x4718</run_address>
         <size>0x68</size>
         <input_file_ref idref="fl-e0"/>
      </object_component>
      <object_component id="oc-dd">
         <name>.text:printf</name>
         <load_address>0x4780</load_address>
         <run_address>0x4780</run_address>
         <size>0x68</size>
         <input_file_ref idref="fl-c9"/>
      </object_component>
      <object_component id="oc-3ab">
         <name>.text:frexp</name>
         <load_address>0x47e8</load_address>
         <run_address>0x47e8</run_address>
         <size>0x64</size>
         <input_file_ref idref="fl-f3"/>
      </object_component>
      <object_component id="oc-45a">
         <name>.text:fseek</name>
         <load_address>0x484c</load_address>
         <run_address>0x484c</run_address>
         <size>0x64</size>
         <input_file_ref idref="fl-f7"/>
      </object_component>
      <object_component id="oc-3dd">
         <name>.text:__TI_wrt_ok</name>
         <load_address>0x48b0</load_address>
         <run_address>0x48b0</run_address>
         <size>0x62</size>
         <input_file_ref idref="fl-cf"/>
      </object_component>
      <object_component id="oc-4c3">
         <name>.text:HOSTopen</name>
         <load_address>0x4914</load_address>
         <run_address>0x4914</run_address>
         <size>0x60</size>
         <input_file_ref idref="fl-ff"/>
      </object_component>
      <object_component id="oc-4f3">
         <name>.text:close</name>
         <load_address>0x4974</load_address>
         <run_address>0x4974</run_address>
         <size>0x5c</size>
         <input_file_ref idref="fl-10c"/>
      </object_component>
      <object_component id="oc-4cf">
         <name>.text:HOSTread</name>
         <load_address>0x49d0</load_address>
         <run_address>0x49d0</run_address>
         <size>0x58</size>
         <input_file_ref idref="fl-100"/>
      </object_component>
      <object_component id="oc-4d5">
         <name>.text:HOSTwrite</name>
         <load_address>0x4a28</load_address>
         <run_address>0x4a28</run_address>
         <size>0x58</size>
         <input_file_ref idref="fl-103"/>
      </object_component>
      <object_component id="oc-2a6">
         <name>.text:_pconv_f</name>
         <load_address>0x4a80</load_address>
         <run_address>0x4a80</run_address>
         <size>0x56</size>
         <input_file_ref idref="fl-ca"/>
      </object_component>
      <object_component id="oc-38a">
         <name>.text:__TI_ltoa</name>
         <load_address>0x4ad6</load_address>
         <run_address>0x4ad6</run_address>
         <size>0x54</size>
         <input_file_ref idref="fl-e3"/>
      </object_component>
      <object_component id="oc-390">
         <name>.text:_ecpy</name>
         <load_address>0x4b2a</load_address>
         <run_address>0x4b2a</run_address>
         <size>0x52</size>
         <input_file_ref idref="fl-ca"/>
      </object_component>
      <object_component id="oc-3e9">
         <name>.text:__TI_doflush</name>
         <load_address>0x4b7c</load_address>
         <run_address>0x4b7c</run_address>
         <size>0x4c</size>
         <input_file_ref idref="fl-f5"/>
      </object_component>
      <object_component id="oc-294">
         <name>.text:atoi</name>
         <load_address>0x4bc8</load_address>
         <run_address>0x4bc8</run_address>
         <size>0x4c</size>
         <input_file_ref idref="fl-e4"/>
      </object_component>
      <object_component id="oc-12d">
         <name>.text:exit</name>
         <load_address>0x4c14</load_address>
         <run_address>0x4c14</run_address>
         <size>0x48</size>
         <input_file_ref idref="fl-e1"/>
      </object_component>
      <object_component id="oc-206">
         <name>.text</name>
         <load_address>0x4c5c</load_address>
         <run_address>0x4c5c</run_address>
         <size>0x48</size>
         <input_file_ref idref="fl-d5"/>
      </object_component>
      <object_component id="oc-4c9">
         <name>.text:HOSTclose</name>
         <load_address>0x4ca4</load_address>
         <run_address>0x4ca4</run_address>
         <size>0x44</size>
         <input_file_ref idref="fl-fd"/>
      </object_component>
      <object_component id="oc-4e1">
         <name>.text:HOSTunlink</name>
         <load_address>0x4ce8</load_address>
         <run_address>0x4ce8</run_address>
         <size>0x44</size>
         <input_file_ref idref="fl-102"/>
      </object_component>
      <object_component id="oc-133">
         <name>.text:__TI_auto_init_nobinit_nopinit:__TI_auto_init_nobinit_nopinit</name>
         <load_address>0x4d2c</load_address>
         <run_address>0x4d2c</run_address>
         <size>0x44</size>
         <input_file_ref idref="fl-f9"/>
      </object_component>
      <object_component id="oc-522">
         <name>.text:getdevice</name>
         <load_address>0x4d70</load_address>
         <run_address>0x4d70</run_address>
         <size>0x44</size>
         <input_file_ref idref="fl-109"/>
      </object_component>
      <object_component id="oc-21a">
         <name>.text</name>
         <load_address>0x4db4</load_address>
         <run_address>0x4db4</run_address>
         <size>0x44</size>
         <input_file_ref idref="fl-d7"/>
      </object_component>
      <object_component id="oc-101">
         <name>.text:sprintf</name>
         <load_address>0x4df8</load_address>
         <run_address>0x4df8</run_address>
         <size>0x40</size>
         <input_file_ref idref="fl-cb"/>
      </object_component>
      <object_component id="oc-194">
         <name>.text:vsnprintf</name>
         <load_address>0x4e38</load_address>
         <run_address>0x4e38</run_address>
         <size>0x40</size>
         <input_file_ref idref="fl-cc"/>
      </object_component>
      <object_component id="oc-3a3">
         <name>.text:_fcpy</name>
         <load_address>0x4e78</load_address>
         <run_address>0x4e78</run_address>
         <size>0x3e</size>
         <input_file_ref idref="fl-ca"/>
      </object_component>
      <object_component id="oc-504">
         <name>.text:__TI_writemsg</name>
         <load_address>0x4eb8</load_address>
         <run_address>0x4eb8</run_address>
         <size>0x38</size>
         <input_file_ref idref="fl-104"/>
      </object_component>
      <object_component id="oc-107">
         <name>.text:calloc</name>
         <load_address>0x4ef0</load_address>
         <run_address>0x4ef0</run_address>
         <size>0x38</size>
         <input_file_ref idref="fl-e9"/>
      </object_component>
      <object_component id="oc-10d">
         <name>.text</name>
         <load_address>0x4f28</load_address>
         <run_address>0x4f28</run_address>
         <size>0x38</size>
         <input_file_ref idref="fl-d8"/>
      </object_component>
      <object_component id="oc-542">
         <name>.text:strncpy</name>
         <load_address>0x4f60</load_address>
         <run_address>0x4f60</run_address>
         <size>0x36</size>
         <input_file_ref idref="fl-10a"/>
      </object_component>
      <object_component id="oc-1d3">
         <name>.text:IntRegister</name>
         <load_address>0x4f98</load_address>
         <run_address>0x4f98</run_address>
         <size>0x34</size>
         <input_file_ref idref="fl-10e"/>
      </object_component>
      <object_component id="oc-48e">
         <name>.text:__TI_cleanup</name>
         <load_address>0x4fcc</load_address>
         <run_address>0x4fcc</run_address>
         <size>0x34</size>
         <input_file_ref idref="fl-f6"/>
      </object_component>
      <object_component id="oc-50a">
         <name>.text:__TI_readmsg</name>
         <load_address>0x5000</load_address>
         <run_address>0x5000</run_address>
         <size>0x34</size>
         <input_file_ref idref="fl-104"/>
      </object_component>
      <object_component id="oc-5c">
         <name>.text:_c_int00_noargs:_c_int00_noargs</name>
         <load_address>0x5034</load_address>
         <run_address>0x5034</run_address>
         <size>0x34</size>
         <input_file_ref idref="fl-ee"/>
      </object_component>
      <object_component id="oc-2f9">
         <name>.text:_outs</name>
         <load_address>0x5068</load_address>
         <run_address>0x5068</run_address>
         <size>0x30</size>
         <input_file_ref idref="fl-cc"/>
      </object_component>
      <object_component id="oc-548">
         <name>.text:finddevice</name>
         <load_address>0x5098</load_address>
         <run_address>0x5098</run_address>
         <size>0x30</size>
         <input_file_ref idref="fl-109"/>
      </object_component>
      <object_component id="oc-1ec">
         <name>.text</name>
         <load_address>0x50c8</load_address>
         <run_address>0x50c8</run_address>
         <size>0x2e</size>
         <input_file_ref idref="fl-d9"/>
      </object_component>
      <object_component id="oc-4f9">
         <name>.text:unlink</name>
         <load_address>0x50f8</load_address>
         <run_address>0x50f8</run_address>
         <size>0x2c</size>
         <input_file_ref idref="fl-10d"/>
      </object_component>
      <object_component id="oc-325">
         <name>.text:free_list_insert</name>
         <load_address>0x5124</load_address>
         <run_address>0x5124</run_address>
         <size>0x28</size>
         <input_file_ref idref="fl-e9"/>
      </object_component>
      <object_component id="oc-486">
         <name>.text:lseek</name>
         <load_address>0x514c</load_address>
         <run_address>0x514c</run_address>
         <size>0x28</size>
         <input_file_ref idref="fl-106"/>
      </object_component>
      <object_component id="oc-3ef">
         <name>.text:write</name>
         <load_address>0x5174</load_address>
         <run_address>0x5174</run_address>
         <size>0x28</size>
         <input_file_ref idref="fl-ef"/>
      </object_component>
      <object_component id="oc-3e3">
         <name>.text:memchr</name>
         <load_address>0x519c</load_address>
         <run_address>0x519c</run_address>
         <size>0x20</size>
         <input_file_ref idref="fl-e8"/>
      </object_component>
      <object_component id="oc-215">
         <name>.text</name>
         <load_address>0x51bc</load_address>
         <run_address>0x51bc</run_address>
         <size>0x20</size>
         <input_file_ref idref="fl-db"/>
      </object_component>
      <object_component id="oc-256">
         <name>.text:free_list_remove</name>
         <load_address>0x51dc</load_address>
         <run_address>0x51dc</run_address>
         <size>0x1c</size>
         <input_file_ref idref="fl-e9"/>
      </object_component>
      <object_component id="oc-2b8">
         <name>.text:memccpy</name>
         <load_address>0x51f8</load_address>
         <run_address>0x51f8</run_address>
         <size>0x1c</size>
         <input_file_ref idref="fl-e7"/>
      </object_component>
      <object_component id="oc-43e">
         <name>.text:copysign</name>
         <load_address>0x5214</load_address>
         <run_address>0x5214</run_address>
         <size>0x1a</size>
         <input_file_ref idref="fl-107"/>
      </object_component>
      <object_component id="oc-2ff">
         <name>.text:_outc</name>
         <load_address>0x522e</load_address>
         <run_address>0x522e</run_address>
         <size>0x18</size>
         <input_file_ref idref="fl-cc"/>
      </object_component>
      <object_component id="oc-226">
         <name>.text:_outs</name>
         <load_address>0x5246</load_address>
         <run_address>0x5246</run_address>
         <size>0x18</size>
         <input_file_ref idref="fl-cb"/>
      </object_component>
      <object_component id="oc-1cc">
         <name>.text:oi_parseInt</name>
         <load_address>0x525e</load_address>
         <run_address>0x525e</run_address>
         <size>0x18</size>
         <input_file_ref idref="fl-6"/>
      </object_component>
      <object_component id="oc-19a">
         <name>.text:strcmp</name>
         <load_address>0x5276</load_address>
         <run_address>0x5276</run_address>
         <size>0x18</size>
         <input_file_ref idref="fl-eb"/>
      </object_component>
      <object_component id="oc-3b7">
         <name>.text:strchr</name>
         <load_address>0x528e</load_address>
         <run_address>0x528e</run_address>
         <size>0x16</size>
         <input_file_ref idref="fl-ea"/>
      </object_component>
      <object_component id="oc-1a0">
         <name>.text:strcpy</name>
         <load_address>0x52a4</load_address>
         <run_address>0x52a4</run_address>
         <size>0x14</size>
         <input_file_ref idref="fl-ec"/>
      </object_component>
      <object_component id="oc-28e">
         <name>.text:strlen</name>
         <load_address>0x52b8</load_address>
         <run_address>0x52b8</run_address>
         <size>0x14</size>
         <input_file_ref idref="fl-ed"/>
      </object_component>
      <object_component id="oc-2be">
         <name>.text:wcslen</name>
         <load_address>0x52cc</load_address>
         <run_address>0x52cc</run_address>
         <size>0x12</size>
         <input_file_ref idref="fl-f2"/>
      </object_component>
      <object_component id="oc-1d9">
         <name>.text:IntMasterEnable</name>
         <load_address>0x52de</load_address>
         <run_address>0x52de</run_address>
         <size>0x10</size>
         <input_file_ref idref="fl-10e"/>
      </object_component>
      <object_component id="oc-18d">
         <name>.text:lcd_clear</name>
         <load_address>0x52ee</load_address>
         <run_address>0x52ee</run_address>
         <size>0x10</size>
         <input_file_ref idref="fl-3"/>
      </object_component>
      <object_component id="oc-1b">
         <name>.text:decompress:none:__TI_decompress_none</name>
         <load_address>0x52fe</load_address>
         <run_address>0x52fe</run_address>
         <size>0xe</size>
         <input_file_ref idref="fl-df"/>
      </object_component>
      <object_component id="oc-336">
         <name>.text:CPUcpsie</name>
         <load_address>0x530c</load_address>
         <run_address>0x530c</run_address>
         <size>0xc</size>
         <input_file_ref idref="fl-10f"/>
      </object_component>
      <object_component id="oc-50">
         <name>.text:decompress:ZI:__TI_zero_init</name>
         <load_address>0x5318</load_address>
         <run_address>0x5318</run_address>
         <size>0xc</size>
         <input_file_ref idref="fl-de"/>
      </object_component>
      <object_component id="oc-2a">
         <name>.text</name>
         <load_address>0x5324</load_address>
         <run_address>0x5324</run_address>
         <size>0xc</size>
         <input_file_ref idref="fl-7"/>
      </object_component>
      <object_component id="oc-22c">
         <name>.text:_outc</name>
         <load_address>0x5330</load_address>
         <run_address>0x5330</run_address>
         <size>0xa</size>
         <input_file_ref idref="fl-cb"/>
      </object_component>
      <object_component id="oc-2c4">
         <name>.text:__aeabi_errno_addr</name>
         <load_address>0x533c</load_address>
         <run_address>0x533c</run_address>
         <size>0x8</size>
         <input_file_ref idref="fl-f1"/>
      </object_component>
      <object_component id="oc-234">
         <name>.text:malloc</name>
         <load_address>0x5344</load_address>
         <run_address>0x5344</run_address>
         <size>0x8</size>
         <input_file_ref idref="fl-e9"/>
      </object_component>
      <object_component id="oc-180">
         <name>.text:_outc</name>
         <load_address>0x534c</load_address>
         <run_address>0x534c</run_address>
         <size>0x4</size>
         <input_file_ref idref="fl-c9"/>
      </object_component>
      <object_component id="oc-17a">
         <name>.text:_outs</name>
         <load_address>0x5350</load_address>
         <run_address>0x5350</run_address>
         <size>0x4</size>
         <input_file_ref idref="fl-c9"/>
      </object_component>
      <object_component id="oc-9c">
         <name>.text:_system_pre_init</name>
         <load_address>0x5354</load_address>
         <run_address>0x5354</run_address>
         <size>0x4</size>
         <input_file_ref idref="fl-fa"/>
      </object_component>
      <object_component id="oc-127">
         <name>.text:abort:abort</name>
         <load_address>0x5358</load_address>
         <run_address>0x5358</run_address>
         <size>0x4</size>
         <input_file_ref idref="fl-e1"/>
      </object_component>
      <object_component id="oc-37f">
         <name>.const:.string:_ctypes_</name>
         <load_address>0x535c</load_address>
         <run_address>0x535c</run_address>
         <size>0x101</size>
         <input_file_ref idref="fl-e5"/>
      </object_component>
      <object_component id="oc-1f6">
         <name>.const:.string:$P$T0$3</name>
         <load_address>0x545d</load_address>
         <run_address>0x545d</run_address>
         <size>0xf</size>
         <input_file_ref idref="fl-6"/>
      </object_component>
      <object_component id="oc-1a6">
         <name>.const:.string:lineAddress$1</name>
         <load_address>0x546c</load_address>
         <run_address>0x546c</run_address>
         <size>0x4</size>
         <input_file_ref idref="fl-3"/>
      </object_component>
      <object_component id="oc-1a7">
         <name>.const:.string:lineAddresses$2</name>
         <load_address>0x5470</load_address>
         <run_address>0x5470</run_address>
         <size>0x4</size>
         <input_file_ref idref="fl-3"/>
      </object_component>
      <object_component id="oc-58e">
         <name>.cinit..data.load</name>
         <load_address>0x5478</load_address>
         <run_address>0x5478</run_address>
         <size>0x1bf</size>
      </object_component>
      <object_component id="oc-58b">
         <name>__TI_handler_table</name>
         <load_address>0x5638</load_address>
         <run_address>0x5638</run_address>
         <size>0xc</size>
      </object_component>
      <object_component id="oc-58f">
         <name>.cinit..bss.load</name>
         <load_address>0x5648</load_address>
         <run_address>0x5648</run_address>
         <size>0x8</size>
      </object_component>
      <object_component id="oc-58d">
         <name>.cinit..vtable.load</name>
         <load_address>0x5650</load_address>
         <run_address>0x5650</run_address>
         <size>0x8</size>
      </object_component>
      <object_component id="oc-58c">
         <name>__TI_cinit_table</name>
         <load_address>0x5658</load_address>
         <run_address>0x5658</run_address>
         <size>0x18</size>
      </object_component>
      <object_component id="oc-32c">
         <name>.vtable</name>
         <uninitialized>true</uninitialized>
         <run_address>0x20000000</run_address>
         <size>0x26c</size>
         <input_file_ref idref="fl-10e"/>
      </object_component>
      <object_component id="oc-221">
         <name>.data</name>
         <load_address>0x200011ec</load_address>
         <run_address>0x200011ec</run_address>
         <size>0x1</size>
         <input_file_ref idref="fl-2"/>
      </object_component>
      <object_component id="oc-118">
         <name>.data:scan</name>
         <load_address>0x20000e70</load_address>
         <run_address>0x20000e70</run_address>
         <size>0x16c</size>
         <input_file_ref idref="fl-4"/>
      </object_component>
      <object_component id="oc-1df">
         <name>.data</name>
         <load_address>0x20001194</load_address>
         <run_address>0x20001194</run_address>
         <size>0x20</size>
         <input_file_ref idref="fl-6"/>
      </object_component>
      <object_component id="oc-1bd">
         <name>.data</name>
         <load_address>0x200011e0</load_address>
         <run_address>0x200011e0</run_address>
         <size>0x4</size>
         <input_file_ref idref="fl-f"/>
      </object_component>
      <object_component id="oc-16a">
         <name>.data</name>
         <load_address>0x200011e4</load_address>
         <run_address>0x200011e4</run_address>
         <size>0x4</size>
         <input_file_ref idref="fl-13"/>
      </object_component>
      <object_component id="oc-264">
         <name>.data:$O1$$</name>
         <load_address>0x200011c4</load_address>
         <run_address>0x200011c4</run_address>
         <size>0xc</size>
         <input_file_ref idref="fl-e1"/>
      </object_component>
      <object_component id="oc-174">
         <name>.data:$O1$$</name>
         <load_address>0x200011d0</load_address>
         <run_address>0x200011d0</run_address>
         <size>0x8</size>
         <input_file_ref idref="fl-e2"/>
      </object_component>
      <object_component id="oc-177">
         <name>.data:_ftable</name>
         <load_address>0x20000fdc</load_address>
         <run_address>0x20000fdc</run_address>
         <size>0xf0</size>
         <input_file_ref idref="fl-e6"/>
      </object_component>
      <object_component id="oc-4bd">
         <name>.data</name>
         <load_address>0x200011b4</load_address>
         <run_address>0x200011b4</run_address>
         <size>0x10</size>
         <input_file_ref idref="fl-e6"/>
      </object_component>
      <object_component id="oc-35c">
         <name>.data:$O1$$</name>
         <load_address>0x200011d8</load_address>
         <run_address>0x200011d8</run_address>
         <size>0x8</size>
         <input_file_ref idref="fl-e9"/>
      </object_component>
      <object_component id="oc-4a1">
         <name>.data:_device</name>
         <load_address>0x200010cc</load_address>
         <run_address>0x200010cc</run_address>
         <size>0x78</size>
         <input_file_ref idref="fl-f0"/>
      </object_component>
      <object_component id="oc-46c">
         <name>.data:_stream</name>
         <load_address>0x20001144</load_address>
         <run_address>0x20001144</run_address>
         <size>0x50</size>
         <input_file_ref idref="fl-f0"/>
      </object_component>
      <object_component id="oc-3c7">
         <name>.data</name>
         <load_address>0x200011e8</load_address>
         <run_address>0x200011e8</run_address>
         <size>0x4</size>
         <input_file_ref idref="fl-f1"/>
      </object_component>
      <object_component id="oc-1a8">
         <name>.bss:lastbuffer$3</name>
         <uninitialized>true</uninitialized>
         <run_address>0x200013b0</run_address>
         <size>0x54</size>
         <input_file_ref idref="fl-3"/>
      </object_component>
      <object_component id="oc-1fe">
         <name>.bss:firmware$2</name>
         <uninitialized>true</uninitialized>
         <run_address>0x20001438</run_address>
         <size>0x18</size>
         <input_file_ref idref="fl-6"/>
      </object_component>
      <object_component id="oc-52c">
         <name>.bss:_CIOBUF_</name>
         <uninitialized>true</uninitialized>
         <run_address>0x200011f0</run_address>
         <size>0x120</size>
         <input_file_ref idref="fl-104"/>
      </object_component>
      <object_component id="oc-224">
         <name>.common:_timeout_ticks</name>
         <uninitialized>true</uninitialized>
         <run_address>0x20001458</run_address>
         <size>0x4</size>
      </object_component>
      <object_component id="oc-112">
         <name>.common:right_calibration_value</name>
         <uninitialized>true</uninitialized>
         <run_address>0x2000146c</run_address>
         <size>0x4</size>
      </object_component>
      <object_component id="oc-117">
         <name>.common:left_calibration_value</name>
         <uninitialized>true</uninitialized>
         <run_address>0x20001464</run_address>
         <size>0x4</size>
      </object_component>
      <object_component id="oc-31f">
         <name>.common:isr_int_value</name>
         <uninitialized>true</uninitialized>
         <run_address>0x20001460</run_address>
         <size>0x4</size>
      </object_component>
      <object_component id="oc-31b">
         <name>.common:risingEdge</name>
         <uninitialized>true</uninitialized>
         <run_address>0x20001470</run_address>
         <size>0x4</size>
      </object_component>
      <object_component id="oc-31c">
         <name>.common:fallingEdge</name>
         <uninitialized>true</uninitialized>
         <run_address>0x2000145c</run_address>
         <size>0x4</size>
      </object_component>
      <object_component id="oc-31d">
         <name>.common:pulseLength</name>
         <uninitialized>true</uninitialized>
         <run_address>0x20001468</run_address>
         <size>0x4</size>
      </object_component>
      <object_component id="oc-318">
         <name>.common:isRisingEdge</name>
         <uninitialized>true</uninitialized>
         <run_address>0x20001474</run_address>
         <size>0x1</size>
      </object_component>
      <object_component id="oc-167">
         <name>.common:isr_char_buffer</name>
         <uninitialized>true</uninitialized>
         <run_address>0x20001404</run_address>
         <size>0x34</size>
      </object_component>
      <object_component id="oc-4ff">
         <name>.common:__TI_tmpnams</name>
         <uninitialized>true</uninitialized>
         <run_address>0x20001310</run_address>
         <size>0xa0</size>
      </object_component>
      <object_component id="oc-510">
         <name>.common:parmbuf</name>
         <uninitialized>true</uninitialized>
         <run_address>0x20001450</run_address>
         <size>0x8</size>
      </object_component>
      <object_component id="oc-24">
         <name>.sysmem</name>
         <uninitialized>true</uninitialized>
         <run_address>0x20000a70</run_address>
         <size>0x10</size>
         <input_file_ref idref="fl-e9"/>
      </object_component>
      <object_component id="oc-592">
         <name>.sysmem</name>
         <uninitialized>true</uninitialized>
         <run_address>0x20000a70</run_address>
         <size>0x0</size>
      </object_component>
      <object_component id="oc-27">
         <name>.stack</name>
         <uninitialized>true</uninitialized>
         <run_address>0x20000270</run_address>
         <size>0x4</size>
         <input_file_ref idref="fl-ee"/>
      </object_component>
      <object_component id="oc-591">
         <name>.stack</name>
         <uninitialized>true</uninitialized>
         <run_address>0x20000270</run_address>
         <size>0x0</size>
      </object_component>
      <object_component id="oc-c5">
         <name>.debug_info</name>
         <load_address>0x0</load_address>
         <run_address>0x0</run_address>
         <size>0x2ad</size>
         <input_file_ref idref="fl-2"/>
      </object_component>
      <object_component id="oc-222">
         <name>.debug_info</name>
         <load_address>0x2ad</load_address>
         <run_address>0x2ad</run_address>
         <size>0xbb</size>
         <input_file_ref idref="fl-2"/>
      </object_component>
      <object_component id="oc-fc">
         <name>.debug_info</name>
         <load_address>0x368</load_address>
         <run_address>0x368</run_address>
         <size>0x503</size>
         <input_file_ref idref="fl-2"/>
      </object_component>
      <object_component id="oc-77">
         <name>.debug_info</name>
         <load_address>0x86b</load_address>
         <run_address>0x86b</run_address>
         <size>0x26b</size>
         <input_file_ref idref="fl-2"/>
      </object_component>
      <object_component id="oc-39">
         <name>.debug_info</name>
         <load_address>0xad6</load_address>
         <run_address>0xad6</run_address>
         <size>0x84</size>
         <input_file_ref idref="fl-2"/>
      </object_component>
      <object_component id="oc-c0">
         <name>.debug_info</name>
         <load_address>0xb5a</load_address>
         <run_address>0xb5a</run_address>
         <size>0x2a4</size>
         <input_file_ref idref="fl-2"/>
      </object_component>
      <object_component id="oc-7c">
         <name>.debug_info</name>
         <load_address>0xdfe</load_address>
         <run_address>0xdfe</run_address>
         <size>0xbb</size>
         <input_file_ref idref="fl-2"/>
      </object_component>
      <object_component id="oc-1aa">
         <name>.debug_info</name>
         <load_address>0xeb9</load_address>
         <run_address>0xeb9</run_address>
         <size>0x37b</size>
         <input_file_ref idref="fl-3"/>
      </object_component>
      <object_component id="oc-18f">
         <name>.debug_info</name>
         <load_address>0x1234</load_address>
         <run_address>0x1234</run_address>
         <size>0x110</size>
         <input_file_ref idref="fl-3"/>
      </object_component>
      <object_component id="oc-e4">
         <name>.debug_info</name>
         <load_address>0x1344</load_address>
         <run_address>0x1344</run_address>
         <size>0x89c</size>
         <input_file_ref idref="fl-3"/>
      </object_component>
      <object_component id="oc-24d">
         <name>.debug_info</name>
         <load_address>0x1be0</load_address>
         <run_address>0x1be0</run_address>
         <size>0xcc</size>
         <input_file_ref idref="fl-3"/>
      </object_component>
      <object_component id="oc-188">
         <name>.debug_info</name>
         <load_address>0x1cac</load_address>
         <run_address>0x1cac</run_address>
         <size>0x2c</size>
         <input_file_ref idref="fl-3"/>
      </object_component>
      <object_component id="oc-243">
         <name>.debug_info</name>
         <load_address>0x1cd8</load_address>
         <run_address>0x1cd8</run_address>
         <size>0x35</size>
         <input_file_ref idref="fl-3"/>
      </object_component>
      <object_component id="oc-113">
         <name>.debug_info</name>
         <load_address>0x1d0d</load_address>
         <run_address>0x1d0d</run_address>
         <size>0x5da</size>
         <input_file_ref idref="fl-4"/>
      </object_component>
      <object_component id="oc-119">
         <name>.debug_info</name>
         <load_address>0x22e7</load_address>
         <run_address>0x22e7</run_address>
         <size>0xb2</size>
         <input_file_ref idref="fl-4"/>
      </object_component>
      <object_component id="oc-a3">
         <name>.debug_info</name>
         <load_address>0x2399</load_address>
         <run_address>0x2399</run_address>
         <size>0xb03</size>
         <input_file_ref idref="fl-4"/>
      </object_component>
      <object_component id="oc-23e">
         <name>.debug_info</name>
         <load_address>0x2e9c</load_address>
         <run_address>0x2e9c</run_address>
         <size>0x5aa</size>
         <input_file_ref idref="fl-4"/>
      </object_component>
      <object_component id="oc-122">
         <name>.debug_info</name>
         <load_address>0x3446</load_address>
         <run_address>0x3446</run_address>
         <size>0x9d</size>
         <input_file_ref idref="fl-4"/>
      </object_component>
      <object_component id="oc-248">
         <name>.debug_info</name>
         <load_address>0x34e3</load_address>
         <run_address>0x34e3</run_address>
         <size>0x76</size>
         <input_file_ref idref="fl-4"/>
      </object_component>
      <object_component id="oc-220">
         <name>.debug_info</name>
         <load_address>0x3559</load_address>
         <run_address>0x3559</run_address>
         <size>0x2e2</size>
         <input_file_ref idref="fl-5"/>
      </object_component>
      <object_component id="oc-f6">
         <name>.debug_info</name>
         <load_address>0x383b</load_address>
         <run_address>0x383b</run_address>
         <size>0x7ca</size>
         <input_file_ref idref="fl-5"/>
      </object_component>
      <object_component id="oc-200">
         <name>.debug_info</name>
         <load_address>0x4005</load_address>
         <run_address>0x4005</run_address>
         <size>0x3f8</size>
         <input_file_ref idref="fl-6"/>
      </object_component>
      <object_component id="oc-1e0">
         <name>.debug_info</name>
         <load_address>0x43fd</load_address>
         <run_address>0x43fd</run_address>
         <size>0x10d</size>
         <input_file_ref idref="fl-6"/>
      </object_component>
      <object_component id="oc-1f7">
         <name>.debug_info</name>
         <load_address>0x450a</load_address>
         <run_address>0x450a</run_address>
         <size>0xc2</size>
         <input_file_ref idref="fl-6"/>
      </object_component>
      <object_component id="oc-1ce">
         <name>.debug_info</name>
         <load_address>0x45cc</load_address>
         <run_address>0x45cc</run_address>
         <size>0x13a</size>
         <input_file_ref idref="fl-6"/>
      </object_component>
      <object_component id="oc-f2">
         <name>.debug_info</name>
         <load_address>0x4706</load_address>
         <run_address>0x4706</run_address>
         <size>0x1984</size>
         <input_file_ref idref="fl-6"/>
      </object_component>
      <object_component id="oc-201">
         <name>.debug_info</name>
         <load_address>0x608a</load_address>
         <run_address>0x608a</run_address>
         <size>0x8b</size>
         <input_file_ref idref="fl-6"/>
      </object_component>
      <object_component id="oc-32">
         <name>.debug_info</name>
         <load_address>0x6115</load_address>
         <run_address>0x6115</run_address>
         <size>0x297</size>
         <input_file_ref idref="fl-7"/>
      </object_component>
      <object_component id="oc-13">
         <name>.debug_info</name>
         <load_address>0x63ac</load_address>
         <run_address>0x63ac</run_address>
         <size>0xd6</size>
         <input_file_ref idref="fl-7"/>
      </object_component>
      <object_component id="oc-2c">
         <name>.debug_info</name>
         <load_address>0x6482</load_address>
         <run_address>0x6482</run_address>
         <size>0x252</size>
         <input_file_ref idref="fl-7"/>
      </object_component>
      <object_component id="oc-115">
         <name>.debug_info</name>
         <load_address>0x66d4</load_address>
         <run_address>0x66d4</run_address>
         <size>0x485</size>
         <input_file_ref idref="fl-f"/>
      </object_component>
      <object_component id="oc-1be">
         <name>.debug_info</name>
         <load_address>0x6b59</load_address>
         <run_address>0x6b59</run_address>
         <size>0x114</size>
         <input_file_ref idref="fl-f"/>
      </object_component>
      <object_component id="oc-eb">
         <name>.debug_info</name>
         <load_address>0x6c6d</load_address>
         <run_address>0x6c6d</run_address>
         <size>0x4ce</size>
         <input_file_ref idref="fl-f"/>
      </object_component>
      <object_component id="oc-1c1">
         <name>.debug_info</name>
         <load_address>0x713b</load_address>
         <run_address>0x713b</run_address>
         <size>0x9d</size>
         <input_file_ref idref="fl-f"/>
      </object_component>
      <object_component id="oc-320">
         <name>.debug_info</name>
         <load_address>0x71d8</load_address>
         <run_address>0x71d8</run_address>
         <size>0x2b7</size>
         <input_file_ref idref="fl-10"/>
      </object_component>
      <object_component id="oc-1b8">
         <name>.debug_info</name>
         <load_address>0x748f</load_address>
         <run_address>0x748f</run_address>
         <size>0x266</size>
         <input_file_ref idref="fl-10"/>
      </object_component>
      <object_component id="oc-319">
         <name>.debug_info</name>
         <load_address>0x76f5</load_address>
         <run_address>0x76f5</run_address>
         <size>0x3ba</size>
         <input_file_ref idref="fl-11"/>
      </object_component>
      <object_component id="oc-1b2">
         <name>.debug_info</name>
         <load_address>0x7aaf</load_address>
         <run_address>0x7aaf</run_address>
         <size>0x270</size>
         <input_file_ref idref="fl-11"/>
      </object_component>
      <object_component id="oc-1ae">
         <name>.debug_info</name>
         <load_address>0x7d1f</load_address>
         <run_address>0x7d1f</run_address>
         <size>0x296</size>
         <input_file_ref idref="fl-12"/>
      </object_component>
      <object_component id="oc-168">
         <name>.debug_info</name>
         <load_address>0x7fb5</load_address>
         <run_address>0x7fb5</run_address>
         <size>0x326</size>
         <input_file_ref idref="fl-13"/>
      </object_component>
      <object_component id="oc-16b">
         <name>.debug_info</name>
         <load_address>0x82db</load_address>
         <run_address>0x82db</run_address>
         <size>0xee</size>
         <input_file_ref idref="fl-13"/>
      </object_component>
      <object_component id="oc-d9">
         <name>.debug_info</name>
         <load_address>0x83c9</load_address>
         <run_address>0x83c9</run_address>
         <size>0x43b</size>
         <input_file_ref idref="fl-13"/>
      </object_component>
      <object_component id="oc-287">
         <name>.debug_info</name>
         <load_address>0x8804</load_address>
         <run_address>0x8804</run_address>
         <size>0x26b</size>
         <input_file_ref idref="fl-13"/>
      </object_component>
      <object_component id="oc-378">
         <name>.debug_info</name>
         <load_address>0x8a6f</load_address>
         <run_address>0x8a6f</run_address>
         <size>0x297</size>
         <input_file_ref idref="fl-13"/>
      </object_component>
      <object_component id="oc-282">
         <name>.debug_info</name>
         <load_address>0x8d06</load_address>
         <run_address>0x8d06</run_address>
         <size>0xbb</size>
         <input_file_ref idref="fl-13"/>
      </object_component>
      <object_component id="oc-187">
         <name>.debug_info</name>
         <load_address>0x8dc1</load_address>
         <run_address>0x8dc1</run_address>
         <size>0x3e5</size>
         <input_file_ref idref="fl-c9"/>
      </object_component>
      <object_component id="oc-182">
         <name>.debug_info</name>
         <load_address>0x91a6</load_address>
         <run_address>0x91a6</run_address>
         <size>0x157</size>
         <input_file_ref idref="fl-c9"/>
      </object_component>
      <object_component id="oc-17e">
         <name>.debug_info</name>
         <load_address>0x92fd</load_address>
         <run_address>0x92fd</run_address>
         <size>0x166</size>
         <input_file_ref idref="fl-c9"/>
      </object_component>
      <object_component id="oc-e1">
         <name>.debug_info</name>
         <load_address>0x9463</load_address>
         <run_address>0x9463</run_address>
         <size>0x1ac</size>
         <input_file_ref idref="fl-c9"/>
      </object_component>
      <object_component id="oc-2f4">
         <name>.debug_info</name>
         <load_address>0x960f</load_address>
         <run_address>0x960f</run_address>
         <size>0xb2</size>
         <input_file_ref idref="fl-c9"/>
      </object_component>
      <object_component id="oc-2cb">
         <name>.debug_info</name>
         <load_address>0x96c1</load_address>
         <run_address>0x96c1</run_address>
         <size>0x590</size>
         <input_file_ref idref="fl-ca"/>
      </object_component>
      <object_component id="oc-29e">
         <name>.debug_info</name>
         <load_address>0x9c51</load_address>
         <run_address>0x9c51</run_address>
         <size>0x21e</size>
         <input_file_ref idref="fl-ca"/>
      </object_component>
      <object_component id="oc-394">
         <name>.debug_info</name>
         <load_address>0x9e6f</load_address>
         <run_address>0x9e6f</run_address>
         <size>0x1b3</size>
         <input_file_ref idref="fl-ca"/>
      </object_component>
      <object_component id="oc-39a">
         <name>.debug_info</name>
         <load_address>0xa022</load_address>
         <run_address>0xa022</run_address>
         <size>0x21b</size>
         <input_file_ref idref="fl-ca"/>
      </object_component>
      <object_component id="oc-2a4">
         <name>.debug_info</name>
         <load_address>0xa23d</load_address>
         <run_address>0xa23d</run_address>
         <size>0x3c0</size>
         <input_file_ref idref="fl-ca"/>
      </object_component>
      <object_component id="oc-3a1">
         <name>.debug_info</name>
         <load_address>0xa5fd</load_address>
         <run_address>0xa5fd</run_address>
         <size>0x30a</size>
         <input_file_ref idref="fl-ca"/>
      </object_component>
      <object_component id="oc-3a7">
         <name>.debug_info</name>
         <load_address>0xa907</load_address>
         <run_address>0xa907</run_address>
         <size>0x215</size>
         <input_file_ref idref="fl-ca"/>
      </object_component>
      <object_component id="oc-2aa">
         <name>.debug_info</name>
         <load_address>0xab1c</load_address>
         <run_address>0xab1c</run_address>
         <size>0x215</size>
         <input_file_ref idref="fl-ca"/>
      </object_component>
      <object_component id="oc-2b0">
         <name>.debug_info</name>
         <load_address>0xad31</load_address>
         <run_address>0xad31</run_address>
         <size>0x304</size>
         <input_file_ref idref="fl-ca"/>
      </object_component>
      <object_component id="oc-2b6">
         <name>.debug_info</name>
         <load_address>0xb035</load_address>
         <run_address>0xb035</run_address>
         <size>0x4b5</size>
         <input_file_ref idref="fl-ca"/>
      </object_component>
      <object_component id="oc-172">
         <name>.debug_info</name>
         <load_address>0xb4ea</load_address>
         <run_address>0xb4ea</run_address>
         <size>0x5f4</size>
         <input_file_ref idref="fl-ca"/>
      </object_component>
      <object_component id="oc-2cc">
         <name>.debug_info</name>
         <load_address>0xbade</load_address>
         <run_address>0xbade</run_address>
         <size>0x86</size>
         <input_file_ref idref="fl-ca"/>
      </object_component>
      <object_component id="oc-3ce">
         <name>.debug_info</name>
         <load_address>0xbb64</load_address>
         <run_address>0xbb64</run_address>
         <size>0x39</size>
         <input_file_ref idref="fl-ca"/>
      </object_component>
      <object_component id="oc-455">
         <name>.debug_info</name>
         <load_address>0xbb9d</load_address>
         <run_address>0xbb9d</run_address>
         <size>0xb6</size>
         <input_file_ref idref="fl-ca"/>
      </object_component>
      <object_component id="oc-3d3">
         <name>.debug_info</name>
         <load_address>0xbc53</load_address>
         <run_address>0xbc53</run_address>
         <size>0x46</size>
         <input_file_ref idref="fl-ca"/>
      </object_component>
      <object_component id="oc-2d1">
         <name>.debug_info</name>
         <load_address>0xbc99</load_address>
         <run_address>0xbc99</run_address>
         <size>0x46</size>
         <input_file_ref idref="fl-ca"/>
      </object_component>
      <object_component id="oc-307">
         <name>.debug_info</name>
         <load_address>0xbcdf</load_address>
         <run_address>0xbcdf</run_address>
         <size>0x2c</size>
         <input_file_ref idref="fl-ca"/>
      </object_component>
      <object_component id="oc-233">
         <name>.debug_info</name>
         <load_address>0xbd0b</load_address>
         <run_address>0xbd0b</run_address>
         <size>0x333</size>
         <input_file_ref idref="fl-cb"/>
      </object_component>
      <object_component id="oc-102">
         <name>.debug_info</name>
         <load_address>0xc03e</load_address>
         <run_address>0xc03e</run_address>
         <size>0x1d1</size>
         <input_file_ref idref="fl-cb"/>
      </object_component>
      <object_component id="oc-228">
         <name>.debug_info</name>
         <load_address>0xc20f</load_address>
         <run_address>0xc20f</run_address>
         <size>0x18d</size>
         <input_file_ref idref="fl-cb"/>
      </object_component>
      <object_component id="oc-22e">
         <name>.debug_info</name>
         <load_address>0xc39c</load_address>
         <run_address>0xc39c</run_address>
         <size>0x16d</size>
         <input_file_ref idref="fl-cb"/>
      </object_component>
      <object_component id="oc-306">
         <name>.debug_info</name>
         <load_address>0xc509</load_address>
         <run_address>0xc509</run_address>
         <size>0x340</size>
         <input_file_ref idref="fl-cc"/>
      </object_component>
      <object_component id="oc-195">
         <name>.debug_info</name>
         <load_address>0xc849</load_address>
         <run_address>0xc849</run_address>
         <size>0x208</size>
         <input_file_ref idref="fl-cc"/>
      </object_component>
      <object_component id="oc-2fc">
         <name>.debug_info</name>
         <load_address>0xca51</load_address>
         <run_address>0xca51</run_address>
         <size>0x1c6</size>
         <input_file_ref idref="fl-cc"/>
      </object_component>
      <object_component id="oc-302">
         <name>.debug_info</name>
         <load_address>0xcc17</load_address>
         <run_address>0xcc17</run_address>
         <size>0x179</size>
         <input_file_ref idref="fl-cc"/>
      </object_component>
      <object_component id="oc-30c">
         <name>.debug_info</name>
         <load_address>0xcd90</load_address>
         <run_address>0xcd90</run_address>
         <size>0x69</size>
         <input_file_ref idref="fl-cc"/>
      </object_component>
      <object_component id="oc-3f8">
         <name>.debug_info</name>
         <load_address>0xcdf9</load_address>
         <run_address>0xcdf9</run_address>
         <size>0x383</size>
         <input_file_ref idref="fl-cd"/>
      </object_component>
      <object_component id="oc-2ef">
         <name>.debug_info</name>
         <load_address>0xd17c</load_address>
         <run_address>0xd17c</run_address>
         <size>0x1ea</size>
         <input_file_ref idref="fl-cd"/>
      </object_component>
      <object_component id="oc-3f6">
         <name>.debug_info</name>
         <load_address>0xd366</load_address>
         <run_address>0xd366</run_address>
         <size>0x3fc</size>
         <input_file_ref idref="fl-ce"/>
      </object_component>
      <object_component id="oc-2e5">
         <name>.debug_info</name>
         <load_address>0xd762</load_address>
         <run_address>0xd762</run_address>
         <size>0x2e2</size>
         <input_file_ref idref="fl-ce"/>
      </object_component>
      <object_component id="oc-ce">
         <name>.debug_info</name>
         <load_address>0xda44</load_address>
         <run_address>0xda44</run_address>
         <size>0x2c</size>
         <input_file_ref idref="fl-ce"/>
      </object_component>
      <object_component id="oc-467">
         <name>.debug_info</name>
         <load_address>0xda70</load_address>
         <run_address>0xda70</run_address>
         <size>0x300</size>
         <input_file_ref idref="fl-cf"/>
      </object_component>
      <object_component id="oc-3df">
[...]
         <value>0x3353</value>
         <object_component_ref idref="oc-d7"/>
      </symbol>
      <symbol id="sm-387">
         <name>cyBot_sendByte</name>
         <value>0x3265</value>
         <object_component_ref idref="oc-d7"/>
      </symbol>
      <symbol id="sm-388">
         <name>cyBot_uart_sendStr</name>
         <value>0x3271</value>
         <object_component_ref idref="oc-d7"/>
      </symbol>
      <symbol id="sm-389">
         <name>isr_counter</name>
         <value>0x200011e4</value>
         <object_component_ref idref="oc-16a"/>
      </symbol>
      <symbol id="sm-38a">
         <name>cyBot_uart_sendBuffer</name>
         <value>0x328b</value>
         <object_component_ref idref="oc-d7"/>
      </symbol>
      <symbol id="sm-38b">
         <name>cyBot_uart_flush</name>
         <value>0x3335</value>
         <object_component_ref idref="oc-d7"/>
      </symbol>
      <symbol id="sm-38c">
         <name>cyBot_UART1_Handler</name>
         <value>0x336d</value>
         <object_component_ref idref="oc-d7"/>
      </symbol>
      <symbol id="sm-38d">
         <name>cyBot_uart_init</name>
         <value>0x32a3</value>
         <object_component_ref idref="oc-d7"/>
      </symbol>
      <symbol id="sm-3b9">
         <name>printf</name>
         <value>0x4781</value>
         <object_component_ref idref="oc-dd"/>
      </symbol>
      <symbol id="sm-523">
         <name>__TI_printfi</name>
         <value>0xe8d</value>
         <object_component_ref idref="oc-16e"/>
      </symbol>
      <symbol id="sm-545">
         <name>sprintf</name>
         <value>0x4df9</value>
         <object_component_ref idref="oc-101"/>
      </symbol>
      <symbol id="sm-56f">
         <name>vsnprintf</name>
         <value>0x4e39</value>
         <object_component_ref idref="oc-194"/>
      </symbol>
      <symbol id="sm-584">
         <name>putc</name>
         <value>0x4271</value>
         <object_component_ref idref="oc-2eb"/>
      </symbol>
      <symbol id="sm-585">
         <name>fputc</name>
         <value>0x4271</value>
         <object_component_ref idref="oc-2eb"/>
      </symbol>
      <symbol id="sm-5a8">
         <name>fputs</name>
         <value>0x39c9</value>
         <object_component_ref idref="oc-2e4"/>
      </symbol>
      <symbol id="sm-5c0">
         <name>__TI_wrt_ok</name>
         <value>0x48b1</value>
         <object_component_ref idref="oc-3dd"/>
      </symbol>
      <symbol id="sm-5dc">
         <name>setvbuf</name>
         <value>0x3fb1</value>
         <object_component_ref idref="oc-460"/>
      </symbol>
      <symbol id="sm-5f3">
         <name>__aeabi_dsub</name>
         <value>0x30ad</value>
         <object_component_ref idref="oc-1f1"/>
      </symbol>
      <symbol id="sm-5f4">
         <name>__aeabi_dadd</name>
         <value>0x30b7</value>
         <object_component_ref idref="oc-1f1"/>
      </symbol>
      <symbol id="sm-616">
         <name>__aeabi_cdcmpeq</name>
         <value>0x42fd</value>
         <object_component_ref idref="oc-20b"/>
      </symbol>
      <symbol id="sm-617">
         <name>__aeabi_cdcmple</name>
         <value>0x42fd</value>
         <object_component_ref idref="oc-20b"/>
      </symbol>
      <symbol id="sm-618">
         <name>__aeabi_cdrcmple</name>
         <value>0x4383</value>
         <object_component_ref idref="oc-210"/>
      </symbol>
      <symbol id="sm-62c">
         <name>__aeabi_ddiv</name>
         <value>0x3655</value>
         <object_component_ref idref="oc-1e7"/>
      </symbol>
      <symbol id="sm-637">
         <name>__aeabi_dmul</name>
         <value>0x3ced</value>
         <object_component_ref idref="oc-1e2"/>
      </symbol>
      <symbol id="sm-641">
         <name>__aeabi_d2iz</name>
         <value>0x4c5d</value>
         <object_component_ref idref="oc-206"/>
      </symbol>
      <symbol id="sm-64d">
         <name>__aeabi_d2f</name>
         <value>0x45d7</value>
         <object_component_ref idref="oc-1f9"/>
      </symbol>
      <symbol id="sm-657">
         <name>__aeabi_d2uiz</name>
         <value>0x4db5</value>
         <object_component_ref idref="oc-21a"/>
      </symbol>
      <symbol id="sm-662">
         <name>__aeabi_f2d</name>
         <value>0x4f29</value>
         <object_component_ref idref="oc-10d"/>
      </symbol>
      <symbol id="sm-66c">
         <name>__aeabi_i2d</name>
         <value>0x50c9</value>
         <object_component_ref idref="oc-1ec"/>
      </symbol>
      <symbol id="sm-687">
         <name>memcpy</name>
         <value>0x413f</value>
         <object_component_ref idref="oc-3e"/>
      </symbol>
      <symbol id="sm-688">
         <name>__aeabi_memcpy</name>
         <value>0x413f</value>
         <object_component_ref idref="oc-3e"/>
      </symbol>
      <symbol id="sm-689">
         <name>__aeabi_memcpy8</name>
         <value>0x413f</value>
         <object_component_ref idref="oc-3e"/>
      </symbol>
      <symbol id="sm-68a">
         <name>__aeabi_memcpy4</name>
         <value>0x413f</value>
         <object_component_ref idref="oc-3e"/>
      </symbol>
      <symbol id="sm-694">
         <name>__aeabi_ui2d</name>
         <value>0x51bd</value>
         <object_component_ref idref="oc-215"/>
      </symbol>
      <symbol id="sm-6a3">
         <name>__aeabi_memset</name>
         <value>0x440b</value>
         <object_component_ref idref="oc-96"/>
      </symbol>
      <symbol id="sm-6a4">
         <name>memset</name>
         <value>0x4411</value>
         <object_component_ref idref="oc-96"/>
      </symbol>
      <symbol id="sm-6a5">
         <name>__aeabi_memset8</name>
         <value>0x440b</value>
         <object_component_ref idref="oc-96"/>
      </symbol>
      <symbol id="sm-6a6">
         <name>__aeabi_memset4</name>
         <value>0x440b</value>
         <object_component_ref idref="oc-96"/>
      </symbol>
      <symbol id="sm-6a7">
         <name>__aeabi_memclr8</name>
         <value>0x4409</value>
         <object_component_ref idref="oc-96"/>
      </symbol>
      <symbol id="sm-6a8">
         <name>__aeabi_memclr4</name>
         <value>0x4409</value>
         <object_component_ref idref="oc-96"/>
      </symbol>
      <symbol id="sm-6a9">
         <name>__aeabi_memclr</name>
         <value>0x4409</value>
         <object_component_ref idref="oc-96"/>
      </symbol>
      <symbol id="sm-6b6">
         <name>__aeabi_uldivmod</name>
         <value>0x41db</value>
         <object_component_ref idref="oc-384"/>
      </symbol>
      <symbol id="sm-6c8">
         <name>__TI_zero_init</name>
         <value>0x5319</value>
         <object_component_ref idref="oc-50"/>
      </symbol>
      <symbol id="sm-6df">
         <name>__TI_decompress_none</name>
         <value>0x52ff</value>
         <object_component_ref idref="oc-1b"/>
      </symbol>
      <symbol id="sm-702">
         <name>__TI_decompress_lzss</name>
         <value>0x4719</value>
         <object_component_ref idref="oc-15"/>
      </symbol>
      <symbol id="sm-728">
         <name>C$$EXIT</name>
         <value>0x5359</value>
         <object_component_ref idref="oc-127"/>
      </symbol>
      <symbol id="sm-729">
         <name>abort</name>
         <value>0x5359</value>
         <object_component_ref idref="oc-127"/>
      </symbol>
      <symbol id="sm-72a">
         <name>__TI_dtors_ptr</name>
         <value>0x200011c8</value>
         <object_component_ref idref="oc-264"/>
      </symbol>
      <symbol id="sm-72b">
         <name>__TI_cleanup_ptr</name>
         <value>0x200011c4</value>
         <object_component_ref idref="oc-264"/>
      </symbol>
      <symbol id="sm-72c">
         <name>__TI_enable_exit_profile_output</name>
         <value>0x200011cc</value>
         <object_component_ref idref="oc-264"/>
      </symbol>
      <symbol id="sm-72d">
         <name>exit</name>
         <value>0x4c15</value>
         <object_component_ref idref="oc-12d"/>
      </symbol>
      <symbol id="sm-742">
         <name>_nop</name>
         <value>0x18db</value>
         <object_component_ref idref="oc-2d6"/>
      </symbol>
      <symbol id="sm-743">
         <name>_lock</name>
         <value>0x200011d0</value>
         <object_component_ref idref="oc-174"/>
      </symbol>
      <symbol id="sm-744">
         <name>_unlock</name>
         <value>0x200011d4</value>
         <object_component_ref idref="oc-174"/>
      </symbol>
      <symbol id="sm-753">
         <name>__TI_ltoa</name>
         <value>0x4ad7</value>
         <object_component_ref idref="oc-38a"/>
      </symbol>
      <symbol id="sm-769">
         <name>atoi</name>
         <value>0x4bc9</value>
         <object_component_ref idref="oc-294"/>
      </symbol>
      <symbol id="sm-774">
         <name>_ctypes_</name>
         <value>0x535c</value>
         <object_component_ref idref="oc-37f"/>
      </symbol>
      <symbol id="sm-789">
         <name>__TI_tmpnams</name>
         <value>0x20001310</value>
      </symbol>
      <symbol id="sm-78a">
         <name>__aeabi_stdout</name>
         <value>0x200011bc</value>
         <object_component_ref idref="oc-4bd"/>
      </symbol>
      <symbol id="sm-78b">
         <name>__aeabi_stderr</name>
         <value>0x200011c0</value>
         <object_component_ref idref="oc-4bd"/>
      </symbol>
      <symbol id="sm-78c">
         <name>__aeabi_stdin</name>
         <value>0x200011b8</value>
         <object_component_ref idref="oc-4bd"/>
      </symbol>
      <symbol id="sm-78d">
         <name>_ftable</name>
         <value>0x20000fdc</value>
         <object_component_ref idref="oc-177"/>
      </symbol>
      <symbol id="sm-78e">
         <name>__TI_ft_end</name>
         <value>0x200011b4</value>
         <object_component_ref idref="oc-4bd"/>
      </symbol>
      <symbol id="sm-79e">
         <name>memccpy</name>
         <value>0x51f9</value>
         <object_component_ref idref="oc-2b8"/>
      </symbol>
      <symbol id="sm-7ae">
         <name>memchr</name>
         <value>0x519d</value>
         <object_component_ref idref="oc-3e3"/>
      </symbol>
      <symbol id="sm-858">
         <name>_sys_memory</name>
         <value>0x20000a70</value>
         <object_component_ref idref="oc-24"/>
      </symbol>
      <symbol id="sm-859">
         <name>free</name>
         <value>0x3de9</value>
         <object_component_ref idref="oc-1c6"/>
      </symbol>
      <symbol id="sm-85a">
         <name>realloc</name>
         <value>0x3ecd</value>
         <object_component_ref idref="oc-11b"/>
      </symbol>
      <symbol id="sm-85b">
         <name>memalign</name>
         <value>0x3bed</value>
         <object_component_ref idref="oc-355"/>
      </symbol>
      <symbol id="sm-85c">
         <name>calloc</name>
         <value>0x4ef1</value>
         <object_component_ref idref="oc-107"/>
      </symbol>
      <symbol id="sm-85d">
         <name>malloc</name>
         <value>0x5345</value>
         <object_component_ref idref="oc-234"/>
      </symbol>
      <symbol id="sm-85e">
         <name>aligned_alloc</name>
         <value>0x3bed</value>
         <object_component_ref idref="oc-355"/>
      </symbol>
      <symbol id="sm-86e">
         <name>strchr</name>
         <value>0x528f</value>
         <object_component_ref idref="oc-3b7"/>
      </symbol>
      <symbol id="sm-87d">
         <name>strcmp</name>
         <value>0x5277</value>
         <object_component_ref idref="oc-19a"/>
      </symbol>
      <symbol id="sm-88b">
         <name>strcpy</name>
         <value>0x52a5</value>
         <object_component_ref idref="oc-1a0"/>
      </symbol>
      <symbol id="sm-899">
         <name>strlen</name>
         <value>0x52b9</value>
         <object_component_ref idref="oc-28e"/>
      </symbol>
      <symbol id="sm-8ac">
         <name>__stack</name>
         <value>0x20000270</value>
         <object_component_ref idref="oc-27"/>
      </symbol>
      <symbol id="sm-8ad">
         <name>_c_int00_noargs</name>
         <value>0x5035</value>
         <object_component_ref idref="oc-5c"/>
      </symbol>
      <symbol id="sm-8c7">
         <name>write</name>
         <value>0x5175</value>
         <object_component_ref idref="oc-3ef"/>
      </symbol>
      <symbol id="sm-8d8">
         <name>_stream</name>
         <value>0x20001144</value>
         <object_component_ref idref="oc-46c"/>
      </symbol>
      <symbol id="sm-8d9">
         <name>_device</name>
         <value>0x200010cc</value>
         <object_component_ref idref="oc-4a1"/>
      </symbol>
      <symbol id="sm-8ef">
         <name>__aeabi_errno_addr</name>
         <value>0x533d</value>
         <object_component_ref idref="oc-2c4"/>
      </symbol>
      <symbol id="sm-8f0">
         <name>errno</name>
         <value>0x200011e8</value>
         <object_component_ref idref="oc-3c7"/>
      </symbol>
      <symbol id="sm-909">
         <name>wcslen</name>
         <value>0x52cd</value>
         <object_component_ref idref="oc-2be"/>
      </symbol>
      <symbol id="sm-929">
         <name>frexpl</name>
         <value>0x47e9</value>
         <object_component_ref idref="oc-3ab"/>
      </symbol>
      <symbol id="sm-92a">
         <name>frexp</name>
         <value>0x47e9</value>
         <object_component_ref idref="oc-3ab"/>
      </symbol>
      <symbol id="sm-947">
         <name>scalbn</name>
         <value>0x3add</value>
         <object_component_ref idref="oc-3b1"/>
      </symbol>
      <symbol id="sm-948">
         <name>scalbnl</name>
         <value>0x3add</value>
         <object_component_ref idref="oc-3b1"/>
      </symbol>
      <symbol id="sm-949">
         <name>ldexpl</name>
         <value>0x3add</value>
         <object_component_ref idref="oc-3b1"/>
      </symbol>
      <symbol id="sm-94a">
         <name>ldexp</name>
         <value>0x3add</value>
         <object_component_ref idref="oc-3b1"/>
      </symbol>
      <symbol id="sm-95a">
         <name>__TI_doflush</name>
         <value>0x4b7d</value>
         <object_component_ref idref="oc-3e9"/>
      </symbol>
      <symbol id="sm-96a">
         <name>__TI_cleanup</name>
         <value>0x4fcd</value>
         <object_component_ref idref="oc-48e"/>
      </symbol>
      <symbol id="sm-97c">
         <name>fseek</name>
         <value>0x484d</value>
         <object_component_ref idref="oc-45a"/>
      </symbol>
      <symbol id="sm-986">
         <name>__aeabi_idiv0</name>
         <value>0x3263</value>
         <object_component_ref idref="oc-42b"/>
      </symbol>
      <symbol id="sm-987">
         <name>__aeabi_ldiv0</name>
         <value>0x3263</value>
         <object_component_ref idref="oc-42b"/>
      </symbol>
      <symbol id="sm-9af">
         <name>__TI_auto_init_nobinit_nopinit</name>
         <value>0x4d2d</value>
         <object_component_ref idref="oc-133"/>
      </symbol>
      <symbol id="sm-9b9">
         <name>_system_pre_init</name>
         <value>0x5355</value>
         <object_component_ref idref="oc-9c"/>
      </symbol>
      <symbol id="sm-9cc">
         <name>HOSTclose</name>
         <value>0x4ca5</value>
         <object_component_ref idref="oc-4c9"/>
      </symbol>
      <symbol id="sm-9dd">
         <name>HOSTlseek</name>
         <value>0x46b1</value>
         <object_component_ref idref="oc-4db"/>
      </symbol>
      <symbol id="sm-9ef">
         <name>parmbuf</name>
         <value>0x20001450</value>
      </symbol>
      <symbol id="sm-9f0">
         <name>HOSTopen</name>
         <value>0x4915</value>
         <object_component_ref idref="oc-4c3"/>
      </symbol>
      <symbol id="sm-a01">
         <name>HOSTread</name>
         <value>0x49d1</value>
         <object_component_ref idref="oc-4cf"/>
      </symbol>
      <symbol id="sm-a12">
         <name>HOSTrename</name>
         <value>0x4645</value>
         <object_component_ref idref="oc-4e7"/>
      </symbol>
      <symbol id="sm-a23">
         <name>HOSTunlink</name>
         <value>0x4ce9</value>
         <object_component_ref idref="oc-4e1"/>
      </symbol>
      <symbol id="sm-a34">
         <name>HOSTwrite</name>
         <value>0x4a29</value>
         <object_component_ref idref="oc-4d5"/>
      </symbol>
      <symbol id="sm-a58">
         <name>__TI_readmsg</name>
         <value>0x5001</value>
         <object_component_ref idref="oc-50a"/>
      </symbol>
      <symbol id="sm-a59">
         <name>C$$IO$$</name>
         <value>0x4ee7</value>
         <object_component_ref idref="oc-504"/>
      </symbol>
      <symbol id="sm-a5a">
         <name>__CIOBUF_</name>
         <value>0x200011f0</value>
         <object_component_ref idref="oc-52c"/>
      </symbol>
      <symbol id="sm-a5b">
         <name>__TI_writemsg</name>
         <value>0x4eb9</value>
         <object_component_ref idref="oc-504"/>
      </symbol>
      <symbol id="sm-a6c">
         <name>lseek</name>
         <value>0x514d</value>
         <object_component_ref idref="oc-486"/>
      </symbol>
      <symbol id="sm-a76">
         <name>copysign</name>
         <value>0x5215</value>
         <object_component_ref idref="oc-43e"/>
      </symbol>
      <symbol id="sm-a77">
         <name>copysignl</name>
         <value>0x5215</value>
         <object_component_ref idref="oc-43e"/>
      </symbol>
      <symbol id="sm-a8c">
         <name>__TI_closefile</name>
         <value>0x4485</value>
         <object_component_ref idref="oc-4b7"/>
      </symbol>
      <symbol id="sm-aaf">
         <name>finddevice</name>
         <value>0x5099</value>
         <object_component_ref idref="oc-548"/>
      </symbol>
      <symbol id="sm-ab0">
         <name>getdevice</name>
         <value>0x4d71</value>
         <object_component_ref idref="oc-522"/>
      </symbol>
      <symbol id="sm-ac0">
         <name>strncpy</name>
         <value>0x4f61</value>
         <object_component_ref idref="oc-542"/>
      </symbol>
      <symbol id="sm-ad5">
         <name>close</name>
         <value>0x4975</value>
         <object_component_ref idref="oc-4f3"/>
      </symbol>
      <symbol id="sm-ae5">
         <name>unlink</name>
         <value>0x50f9</value>
         <object_component_ref idref="oc-4f9"/>
      </symbol>
      <symbol id="sm-b14">
         <name>IntRegister</name>
         <value>0x4f99</value>
         <object_component_ref idref="oc-1d3"/>
      </symbol>
      <symbol id="sm-b15">
         <name>g_pfnRAMVectors</name>
         <value>0x20000000</value>
         <object_component_ref idref="oc-32c"/>
      </symbol>
      <symbol id="sm-b16">
         <name>IntMasterEnable</name>
         <value>0x52df</value>
         <object_component_ref idref="oc-1d9"/>
      </symbol>
      <symbol id="sm-b20">
         <name>CPUcpsie</name>
         <value>0x530d</value>
         <object_component_ref idref="oc-336"/>
      </symbol>
      <symbol id="sm-b21">
         <name>__TI_static_base__</name>
         <value>0x0</value>
      </symbol>
      <symbol id="sm-b24">
         <name>__mpu_init</name>
         <value>0x0</value>
      </symbol>
      <symbol id="sm-b25">
         <name>_system_post_cinit</name>
         <value>0x0</value>
      </symbol>
      <symbol id="sm-b26">
         <name>remove</name>
         <value>0x50f9</value>
      </symbol>
   </symbol_table>
   <title>Link successful</title>
</link_info>
