******************************************************************************
                  TI ARM Linker PC v20.2.7                     
******************************************************************************
>> Linked Tue Sep 24 17:43:46 2024

OUTPUT FILE NAME:   <lab_3.out>
ENTRY POINT SYMBOL: "_c_int00_noargs"  address: 00003e15


MEMORY CONFIGURATION

         name            origin    length      used     unused   attr    fill
----------------------  --------  ---------  --------  --------  ----  --------
  FLASH                 00000000   00040000  000042d9  0003bd27  R  X
  SRAM                  20000000   00008000  000012d2  00006d2e  RW X


SEGMENT ALLOCATION MAP

run origin  load origin   length   init length attrs members
----------  ----------- ---------- ----------- ----- -------
00000000    00000000    000042e0   000042e0    r-x
  00000000    00000000    0000026c   0000026c    r-- .intvecs
  0000026c    0000026c    00003ec4   00003ec4    r-x .text
  00004130    00004130    00000109   00000109    r-- .const
  00004240    00004240    000000a0   000000a0    r-- .cinit
20000000    20000000    000012d9   00000000    rw-
  20000000    20000000    0000026c   00000000    rw- .vtable
  20000270    20000270    00000800   00000000    rw- .stack
  20000a70    20000a70    00000400   00000000    rw- .sysmem
  20000e70    20000e70    0000026d   00000000    rw- .bss
  200010e0    200010e0    000001f9   00000000    rw- .data


SECTION ALLOCATION MAP

 output                                  attributes/
section   page    origin      length       input sections
--------  ----  ----------  ----------   ----------------
.intvecs   0    00000000    0000026c     
                  00000000    0000026c     tm4c123gh6pm_startup_ccs.obj (.intvecs)

.text      0    0000026c    00003ec4     
                  0000026c    00000a4e     rtsv7M4_T_le_v4SPD16_eabi.lib : _printfi.c.obj (.text:__TI_printfi)
                  00000cba    00000002                                   : _lock.c.obj (.text:_nop)
                  00000cbc    00000334     main.obj (.text)
                  00000ff0    00000328     lcd.obj (.text)
                  00001318    00000270     rtsv7M4_T_le_v4SPD16_eabi.lib : _printfi.c.obj (.text:_pconv_a)
                  00001588    00000260     libcybotScan.lib : cyBot_Scan.obj (.text)
                  000017e8    00000248     Timer.obj (.text)
                  00001a30    000001ec     libcybotScan.lib : ping.obj (.text)
                  00001c1c    000001d0     rtsv7M4_T_le_v4SPD16_eabi.lib : _printfi.c.obj (.text:_pconv_g)
                  00001dec    000001b6                                   : fd_add_t2.asm.obj (.text)
                  00001fa2    00000002                                   : div0.asm.obj (.text)
                  00001fa4    0000015c     libcybotUART.lib : uart.obj (.text)
                  00002100    00000158     libcybotScan.lib : servo.obj (.text)
                  00002258    0000013c     rtsv7M4_T_le_v4SPD16_eabi.lib : _printfi.c.obj (.text:_pconv_e)
                  00002394    00000136                                   : fd_div_t2.asm.obj (.text)
                  000024ca    00000002     --HOLE-- [fill = 0]
                  000024cc    00000124                                   : _printfi.c.obj (.text:fcvt)
                  000025f0    00000118     libcybotScan.lib : ir.obj (.text)
                  00002708    00000114     rtsv7M4_T_le_v4SPD16_eabi.lib : fputs.c.obj (.text:fputs)
                  0000281c    00000110                                   : fopen.c.obj (.text:_openfile)
                  0000292c    00000110                                   : s_scalbn.c.obj (.text:scalbn)
                  00002a3c    00000100                                   : memory.c.obj (.text:aligned_alloc)
                  00002b3c    000000fc                                   : fd_mul_t2.asm.obj (.text)
                  00002c38    000000e4                                   : memory.c.obj (.text:free)
                  00002d1c    000000dc                                   : setvbuf.c.obj (.text:setvbuf)
                  00002df8    000000bc                                   : open.c.obj (.text:open)
                  00002eb4    000000b1                                   : _printfi.c.obj (.text:_ltostr)
                  00002f65    00000003     --HOLE-- [fill = 0]
                  00002f68    0000009c                                   : fopen.c.obj (.text:fopen)
                  00003004    0000009c                                   : memcpy_t2.asm.obj (.text)
                  000030a0    00000096                                   : ull_div_t2.asm.obj (.text)
                  00003136    00000002     --HOLE-- [fill = 0]
                  00003138    0000008c                                   : fputc.c.obj (.text:fputc)
                  000031c4    00000086                                   : fd_cmp_t2.asm.obj (.text:__aeabi_cdcmple)
                  0000324a    00000086                                   : fd_cmp_t2.asm.obj (.text:__aeabi_cdrcmple)
                  000032d0    0000007a                                   : memset_t2.asm.obj (.text)
                  0000334a    00000002     --HOLE-- [fill = 0]
                  0000334c    00000074                                   : fclose.c.obj (.text:__TI_closefile)
                  000033c0    00000070                                   : memory.c.obj (.text:split)
                  00003430    0000006e                                   : _printfi.c.obj (.text:_mcpy)
                  0000349e    00000002     --HOLE-- [fill = 0]
                  000034a0    0000006c                                   : hostrename.c.obj (.text:HOSTrename)
                  0000350c    00000068                                   : hostlseek.c.obj (.text:HOSTlseek)
                  00003574    00000068                                   : copy_decompress_lzss.c.obj (.text:decompress:lzss:__TI_decompress_lzss)
                  000035dc    00000068                                   : printf.c.obj (.text:printf)
                  00003644    00000064                                   : s_frexp.c.obj (.text:frexp)
                  000036a8    00000064                                   : fseek.c.obj (.text:fseek)
                  0000370c    00000062                                   : _io_perm.c.obj (.text:__TI_wrt_ok)
                  0000376e    00000002     --HOLE-- [fill = 0]
                  00003770    00000060                                   : hostopen.c.obj (.text:HOSTopen)
                  000037d0    0000005c                                   : close.c.obj (.text:close)
                  0000382c    00000058                                   : hostread.c.obj (.text:HOSTread)
                  00003884    00000058                                   : hostwrite.c.obj (.text:HOSTwrite)
                  000038dc    00000056                                   : _printfi.c.obj (.text:_pconv_f)
                  00003932    00000054                                   : _ltoa.c.obj (.text:__TI_ltoa)
                  00003986    00000052                                   : _printfi.c.obj (.text:_ecpy)
                  000039d8    0000004c                                   : fflush.c.obj (.text:__TI_doflush)
                  00003a24    0000004c                                   : atoi.c.obj (.text:atoi)
                  00003a70    00000048                                   : exit.c.obj (.text:exit)
                  00003ab8    00000048                                   : fd_toi_t2.asm.obj (.text)
                  00003b00    00000044                                   : hostclose.c.obj (.text:HOSTclose)
                  00003b44    00000044                                   : hostunlink.c.obj (.text:HOSTunlink)
                  00003b88    00000044                                   : autoinit.c.obj (.text:__TI_auto_init_nobinit_nopinit:__TI_auto_init_nobinit_nopinit)
                  00003bcc    00000044                                   : getdevice.c.obj (.text:getdevice)
                  00003c10    00000040                                   : sprintf.c.obj (.text:sprintf)
                  00003c50    00000040                                   : vsnprintf.c.obj (.text:vsnprintf)
                  00003c90    0000003e                                   : _printfi.c.obj (.text:_fcpy)
                  00003cce    00000002     --HOLE-- [fill = 0]
                  00003cd0    00000038                                   : trgmsg.c.obj (.text:__TI_writemsg)
                  00003d08    00000038                                   : fs_tod_t2.asm.obj (.text)
                  00003d40    00000036                                   : strncpy.c.obj (.text:strncpy)
                  00003d76    00000002     --HOLE-- [fill = 0]
                  00003d78    00000034     driverlib.lib : interrupt.obj (.text:IntRegister)
                  00003dac    00000034     rtsv7M4_T_le_v4SPD16_eabi.lib : fopen.c.obj (.text:__TI_cleanup)
                  00003de0    00000034                                   : trgmsg.c.obj (.text:__TI_readmsg)
                  00003e14    00000034                                   : boot_cortex_m.c.obj (.text:_c_int00_noargs:_c_int00_noargs)
                  00003e48    00000030                                   : vsnprintf.c.obj (.text:_outs)
                  00003e78    00000030                                   : getdevice.c.obj (.text:finddevice)
                  00003ea8    0000002e                                   : i_tofd_t2.asm.obj (.text)
                  00003ed6    00000002     --HOLE-- [fill = 0]
                  00003ed8    0000002c                                   : fclose.c.obj (.text:fclose)
                  00003f04    0000002c                                   : unlink.c.obj (.text:unlink)
                  00003f30    00000028                                   : memory.c.obj (.text:free_list_insert)
                  00003f58    00000028                                   : lseek.c.obj (.text:lseek)
                  00003f80    00000028                                   : write.c.obj (.text:write)
                  00003fa8    00000020                                   : memchr.c.obj (.text:memchr)
                  00003fc8    0000001c                                   : memory.c.obj (.text:free_list_remove)
                  00003fe4    0000001c                                   : memccpy.c.obj (.text:memccpy)
                  00004000    0000001a                                   : s_copysign.c.obj (.text:copysign)
                  0000401a    00000018                                   : vsnprintf.c.obj (.text:_outc)
                  00004032    00000018                                   : sprintf.c.obj (.text:_outs)
                  0000404a    00000018                                   : strcmp.c.obj (.text:strcmp)
                  00004062    00000016                                   : strchr.c.obj (.text:strchr)
                  00004078    00000014                                   : strcpy.c.obj (.text:strcpy)
                  0000408c    00000014                                   : strlen.c.obj (.text:strlen)
                  000040a0    00000012                                   : wcslen.c.obj (.text:wcslen)
                  000040b2    00000010     driverlib.lib : interrupt.obj (.text:IntMasterEnable)
                  000040c2    00000010     lcd.obj (.text:lcd_clear)
                  000040d2    0000000e     rtsv7M4_T_le_v4SPD16_eabi.lib : copy_decompress_none.c.obj (.text:decompress:none:__TI_decompress_none)
                  000040e0    0000000c     driverlib.lib : cpu.obj (.text:CPUcpsie)
                  000040ec    0000000c     rtsv7M4_T_le_v4SPD16_eabi.lib : copy_zero_init.c.obj (.text:decompress:ZI:__TI_zero_init)
                  000040f8    0000000c     tm4c123gh6pm_startup_ccs.obj (.text)
                  00004104    0000000a     rtsv7M4_T_le_v4SPD16_eabi.lib : sprintf.c.obj (.text:_outc)
                  0000410e    00000002     --HOLE-- [fill = 0]
                  00004110    00000008                                   : errno.c.obj (.text:__aeabi_errno_addr)
                  00004118    00000008                                   : memory.c.obj (.text:malloc)
                  00004120    00000004                                   : printf.c.obj (.text:_outc)
                  00004124    00000004                                   : printf.c.obj (.text:_outs)
                  00004128    00000004                                   : pre_init.c.obj (.text:_system_pre_init)
                  0000412c    00000004                                   : exit.c.obj (.text:abort:abort)

.const     0    00004130    00000109     
                  00004130    00000101     rtsv7M4_T_le_v4SPD16_eabi.lib : ctype.c.obj (.const:.string:_ctypes_)
                  00004231    00000004     lcd.obj (.const:.string:lineAddress$1)
                  00004235    00000004     lcd.obj (.const:.string:lineAddresses$2)

.cinit     0    00004240    000000a0     
                  00004240    00000069     (.cinit..data.load) [load image, compression = lzss]
                  000042a9    00000003     --HOLE-- [fill = 0]
                  000042ac    0000000c     (__TI_handler_table)
                  000042b8    00000008     (.cinit..bss.load) [load image, compression = zero_init]
                  000042c0    00000008     (.cinit..vtable.load) [load image, compression = zero_init]
                  000042c8    00000018     (__TI_cinit_table)

.init_array 
*          0    00000000    00000000     UNINITIALIZED

.vtable    0    20000000    0000026c     UNINITIALIZED
                  20000000    0000026c     driverlib.lib : interrupt.obj (.vtable)

.stack     0    20000270    00000800     UNINITIALIZED
                  20000270    00000004     rtsv7M4_T_le_v4SPD16_eabi.lib : boot_cortex_m.c.obj (.stack)
                  20000274    000007fc     --HOLE--

.sysmem    0    20000a70    00000400     UNINITIALIZED
                  20000a70    00000010     rtsv7M4_T_le_v4SPD16_eabi.lib : memory.c.obj (.sysmem)
                  20000a80    000003f0     --HOLE--

.bss       0    20000e70    0000026d     UNINITIALIZED
                  20000e70    00000120     rtsv7M4_T_le_v4SPD16_eabi.lib : trgmsg.c.obj (.bss:_CIOBUF_)
                  20000f90    000000a0     (.common:__TI_tmpnams)
                  20001030    00000054     lcd.obj (.bss:lastbuffer$3)
                  20001084    00000034     (.common:isr_char_buffer)
                  200010b8    00000008     (.common:parmbuf)
                  200010c0    00000004     (.common:_timeout_ticks)
                  200010c4    00000004     (.common:fallingEdge)
                  200010c8    00000004     (.common:isr_int_value)
                  200010cc    00000004     (.common:left_calibration_value)
                  200010d0    00000004     (.common:pulseLength)
                  200010d4    00000004     (.common:right_calibration_value)
                  200010d8    00000004     (.common:risingEdge)
                  200010dc    00000001     (.common:isRisingEdge)

.data      0    200010e0    000001f9     UNINITIALIZED
                  200010e0    000000f0     rtsv7M4_T_le_v4SPD16_eabi.lib : defs.c.obj (.data:_ftable)
                  200011d0    00000078                                   : host_device.c.obj (.data:_device)
                  20001248    00000050                                   : host_device.c.obj (.data:_stream)
                  20001298    00000010                                   : defs.c.obj (.data)
                  200012a8    0000000c                                   : exit.c.obj (.data:$O1$$)
                  200012b4    00000008                                   : _lock.c.obj (.data:$O1$$)
                  200012bc    00000008                                   : memory.c.obj (.data:$O1$$)
                  200012c4    00000004     libcybotScan.lib : cyBot_Scan.obj (.data)
                  200012c8    00000004     libcybotUART.lib : uart.obj (.data)
                  200012cc    00000004     rtsv7M4_T_le_v4SPD16_eabi.lib : errno.c.obj (.data)
                  200012d0    00000004                                   : fopen.c.obj (.data)
                  200012d4    00000004                                   : open.c.obj (.data)
                  200012d8    00000001     Timer.obj (.data)

__llvm_prf_cnts 
*          0    20000000    00000000     UNINITIALIZED

MODULE SUMMARY

       Module                         code    ro data   rw data
       ------                         ----    -------   -------
    .\
       lcd.obj                        824     8         84     
       main.obj                       820     0         8      
       tm4c123gh6pm_startup_ccs.obj   12      620       0      
       Timer.obj                      584     0         5      
    +--+------------------------------+-------+---------+---------+
       Total:                         2240    628       97     
                                                               
    ../libcybotScan.lib
       cyBot_Scan.obj                 608     0         4      
       ping.obj                       492     0         13     
       servo.obj                      344     0         0      
       ir.obj                         280     0         4      
    +--+------------------------------+-------+---------+---------+
       Total:                         1724    0         21     
                                                               
    ../libcybotUART.lib
       uart.obj                       348     0         56     
    +--+------------------------------+-------+---------+---------+
       Total:                         348     0         56     
                                                               
    C:/ti/TivaWare_C_Series-2.2.0.295/driverlib/ccs/Debug/driverlib.lib
       interrupt.obj                  68      0         620    
       cpu.obj                        12      0         0      
    +--+------------------------------+-------+---------+---------+
       Total:                         80      0         620    
                                                               
    C:\ti\ccs1271\ccs\tools\compiler\ti-cgt-arm_20.2.7.LTS\lib\rtsv7M4_T_le_v4SPD16_eabi.lib
       _printfi.c.obj                 4851    0         0      
       memory.c.obj                   672     0         8      
       fopen.c.obj                    480     0         4      
       fd_add_t2.asm.obj              438     0         0      
       defs.c.obj                     0       0         416    
       trgmsg.c.obj                   108     0         288    
       fd_div_t2.asm.obj              310     0         0      
       fputs.c.obj                    276     0         0      
       s_scalbn.c.obj                 272     0         0      
       fd_cmp_t2.asm.obj              268     0         0      
       ctype.c.obj                    0       257       0      
       fd_mul_t2.asm.obj              252     0         0      
       setvbuf.c.obj                  220     0         0      
       host_device.c.obj              0       0         200    
       open.c.obj                     188     0         4      
       fclose.c.obj                   160     0         0      
       memcpy_t2.asm.obj              156     0         0      
       ull_div_t2.asm.obj             150     0         0      
       fputc.c.obj                    140     0         0      
       vsnprintf.c.obj                136     0         0      
       memset_t2.asm.obj              122     0         0      
       getdevice.c.obj                116     0         0      
       printf.c.obj                   112     0         0      
       hostrename.c.obj               108     0         0      
       copy_decompress_lzss.c.obj     104     0         0      
       hostlseek.c.obj                104     0         0      
       hostopen.c.obj                 96      0         8      
       fseek.c.obj                    100     0         0      
       s_frexp.c.obj                  100     0         0      
       _io_perm.c.obj                 98      0         0      
       sprintf.c.obj                  98      0         0      
       close.c.obj                    92      0         0      
       exit.c.obj                     76      0         12     
       hostread.c.obj                 88      0         0      
       hostwrite.c.obj                88      0         0      
       _ltoa.c.obj                    84      0         0      
       atoi.c.obj                     76      0         0      
       fflush.c.obj                   76      0         0      
       fd_toi_t2.asm.obj              72      0         0      
       autoinit.c.obj                 68      0         0      
       hostclose.c.obj                68      0         0      
       hostunlink.c.obj               68      0         0      
       fs_tod_t2.asm.obj              56      0         0      
       strncpy.c.obj                  54      0         0      
       boot_cortex_m.c.obj            52      0         0      
       i_tofd_t2.asm.obj              46      0         0      
       unlink.c.obj                   44      0         0      
       lseek.c.obj                    40      0         0      
       write.c.obj                    40      0         0      
       memchr.c.obj                   32      0         0      
       memccpy.c.obj                  28      0         0      
       s_copysign.c.obj               26      0         0      
       strcmp.c.obj                   24      0         0      
       strchr.c.obj                   22      0         0      
       strcpy.c.obj                   20      0         0      
       strlen.c.obj                   20      0         0      
       wcslen.c.obj                   18      0         0      
       copy_decompress_none.c.obj     14      0         0      
       copy_zero_init.c.obj           12      0         0      
       errno.c.obj                    8       0         4      
       _lock.c.obj                    2       0         8      
       pre_init.c.obj                 4       0         0      
       div0.asm.obj                   2       0         0      
    +--+------------------------------+-------+---------+---------+
       Total:                         11655   257       952    
                                                               
       Heap:                          0       0         1024   
       Stack:                         0       0         2048   
       Linker Generated:              0       157       0      
    +--+------------------------------+-------+---------+---------+
       Grand Total:                   16047   1042      4818   


LINKER GENERATED COPY TABLES

__TI_cinit_table @ 000042c8 records: 3, size/record: 8, table size: 24
	.data: load addr=00004240, load size=00000069 bytes, run addr=200010e0, run size=000001f9 bytes, compression=lzss
	.bss: load addr=000042b8, load size=00000008 bytes, run addr=20000e70, run size=0000026d bytes, compression=zero_init
	.vtable: load addr=000042c0, load size=00000008 bytes, run addr=20000000, run size=0000026c bytes, compression=zero_init


LINKER GENERATED HANDLER TABLE

__TI_handler_table @ 000042ac records: 3, size/record: 4, table size: 12
	index: 0, handler: __TI_zero_init
	index: 1, handler: __TI_decompress_lzss
	index: 2, handler: __TI_decompress_none


GLOBAL SYMBOLS: SORTED ALPHABETICALLY BY Name 

address   name                           
-------   ----                           
00002689  ADC0SS0_Handler                
0000412d  C$$EXIT                        
00003cff  C$$IO$$                        
000040e1  CPUcpsie                       
00003b01  HOSTclose                      
0000350d  HOSTlseek                      
00003771  HOSTopen                       
0000382d  HOSTread                       
000034a1  HOSTrename                     
00003b45  HOSTunlink                     
00003885  HOSTwrite                      
000040b3  IntMasterEnable                
00003d79  IntRegister                    
000040f9  ResetISR                       
00001b21  TIMER3B_Handler                
20000e70  __CIOBUF_                      
20000a70  __STACK_END                    
00000800  __STACK_SIZE                   
20000470  __STACK_TOP                    
00000400  __SYSMEM_SIZE                  
000042c8  __TI_CINIT_Base                
000042e0  __TI_CINIT_Limit               
000042ac  __TI_Handler_Table_Base        
000042b8  __TI_Handler_Table_Limit       
00003b89  __TI_auto_init_nobinit_nopinit 
00003dad  __TI_cleanup                   
200012a8  __TI_cleanup_ptr               
0000334d  __TI_closefile                 
00003575  __TI_decompress_lzss           
000040d3  __TI_decompress_none           
000039d9  __TI_doflush                   
200012ac  __TI_dtors_ptr                 
200012b0  __TI_enable_exit_profile_output
20001298  __TI_ft_end                    
00003933  __TI_ltoa                      
ffffffff  __TI_pprof_out_hndl            
0000026d  __TI_printfi                   
ffffffff  __TI_prof_data_size            
ffffffff  __TI_prof_data_start           
00003de1  __TI_readmsg                   
00000000  __TI_static_base__             
20000f90  __TI_tmpnams                   
00003cd1  __TI_writemsg                  
0000370d  __TI_wrt_ok                    
000040ed  __TI_zero_init                 
000031c5  __aeabi_cdcmpeq                
000031c5  __aeabi_cdcmple                
0000324b  __aeabi_cdrcmple               
00003ab9  __aeabi_d2iz                   
00001df7  __aeabi_dadd                   
00002395  __aeabi_ddiv                   
00002b3d  __aeabi_dmul                   
00001ded  __aeabi_dsub                   
00004111  __aeabi_errno_addr             
00003d09  __aeabi_f2d                    
00003ea9  __aeabi_i2d                    
00001fa3  __aeabi_idiv0                  
00001fa3  __aeabi_ldiv0                  
000032d1  __aeabi_memclr                 
000032d1  __aeabi_memclr4                
000032d1  __aeabi_memclr8                
00003005  __aeabi_memcpy                 
00003005  __aeabi_memcpy4                
00003005  __aeabi_memcpy8                
000032d3  __aeabi_memset                 
000032d3  __aeabi_memset4                
000032d3  __aeabi_memset8                
200012a4  __aeabi_stderr                 
2000129c  __aeabi_stdin                  
200012a0  __aeabi_stdout                 
000030a1  __aeabi_uldivmod               
ffffffff  __binit__                      
ffffffff  __c_args__                     
UNDEFED   __mpu_init                     
20000270  __stack                        
20000000  __start___llvm_prf_cnts        
20000000  __stop___llvm_prf_cnts         
00003e15  _c_int00_noargs                
00004130  _ctypes_                       
200011d0  _device                        
200010e0  _ftable                        
200012b4  _lock                          
00000cbb  _nop                           
200012d8  _running                       
20001248  _stream                        
20000a70  _sys_memory                    
UNDEFED   _system_post_cinit             
00004129  _system_pre_init               
200010c0  _timeout_ticks                 
200012b8  _unlock                        
0000412d  abort                          
00002a3d  aligned_alloc                  
00003a25  atoi                           
ffffffff  binit                          
00000cdf  calibrate                      
000037d1  close                          
00004001  copysign                       
00004001  copysignl                      
00001661  cyBOT_SERVO_cal                
000015ef  cyBOT_Scan                     
00001597  cyBOT_init_Scan                
200012c4  cyBOT_scan_features            
00001589  cyBOT_scan_version             
000020ad  cyBot_UART1_Handler            
00002093  cyBot_getByte                  
00001fa5  cyBot_sendByte                 
00002075  cyBot_uart_flush               
00001fe3  cyBot_uart_init                
00001fcb  cyBot_uart_sendBuffer          
00001fb1  cyBot_uart_sendStr             
200012cc  errno                          
00003a71  exit                           
200010c4  fallingEdge                    
00003ed9  fclose                         
00003e79  finddevice                     
00002f69  fopen                          
00003139  fputc                          
00002709  fputs                          
00002c39  free                           
00003645  frexp                          
00003645  frexpl                         
000036a9  fseek                          
20000000  g_pfnRAMVectors                
00000000  g_pfnVectors                   
00003bcd  getdevice                      
0000269f  ir_enableInterrupt             
00002681  ir_getDistance                 
00002659  ir_getValue                    
000025f1  ir_init                        
200010dc  isRisingEdge                   
20001084  isr_char_buffer                
200012c8  isr_counter                    
200010c8  isr_int_value                  
000040c3  lcd_clear                      
000011c5  lcd_gotoLine                   
0000102d  lcd_init                       
0000122b  lcd_printf                     
000010ed  lcd_putc                       
00001125  lcd_puts                       
00000ff1  lcd_reverseNibble              
00001143  lcd_sendCommand                
00001181  lcd_sendNibble                 
000011ed  lcd_setCursorPos               
0000292d  ldexp                          
0000292d  ldexpl                         
200010cc  left_calibration_value         
00003f59  lseek                          
00000cbd  main                           
00004119  malloc                         
00002a3d  memalign                       
00003fe5  memccpy                        
00003fa9  memchr                         
00003005  memcpy                         
000032d9  memset                         
00002df9  open                           
200010b8  parmbuf                        
00000cfd  perform_scan                   
00001b73  ping_getDistance               
00001a31  ping_init                      
00001ab7  ping_trigger                   
000035dd  printf                         
200010d0  pulseLength                    
00003139  putc                           
00003f05  remove                         
200010d4  right_calibration_value        
200010d8  risingEdge                     
0000292d  scalbn                         
0000292d  scalbnl                        
00002101  servo_init                     
00002191  servo_move                     
000021f1  servo_setPWM                   
00002185  servo_stop                     
00002d1d  setvbuf                        
00000e3f  smooth_data_inplace            
00003c11  sprintf                        
00004063  strchr                         
0000404b  strcmp                         
00004079  strcpy                         
0000408d  strlen                         
00003d41  strncpy                        
00001907  timer_getMicros                
000018af  timer_getMillis                
000017e9  timer_init                     
0000188b  timer_pause                    
0000189d  timer_resume                   
00001861  timer_stop                     
00001961  timer_waitMicros               
00001993  timer_waitMillis               
00003f05  unlink                         
00003c51  vsnprintf                      
000040a1  wcslen                         
00003f81  write                          


GLOBAL SYMBOLS: SORTED BY Symbol Address 

address   name                           
-------   ----                           
00000000  __TI_static_base__             
00000000  g_pfnVectors                   
0000026d  __TI_printfi                   
00000400  __SYSMEM_SIZE                  
00000800  __STACK_SIZE                   
00000cbb  _nop                           
00000cbd  main                           
00000cdf  calibrate                      
00000cfd  perform_scan                   
00000e3f  smooth_data_inplace            
00000ff1  lcd_reverseNibble              
0000102d  lcd_init                       
000010ed  lcd_putc                       
00001125  lcd_puts                       
00001143  lcd_sendCommand                
00001181  lcd_sendNibble                 
000011c5  lcd_gotoLine                   
000011ed  lcd_setCursorPos               
0000122b  lcd_printf                     
00001589  cyBOT_scan_version             
00001597  cyBOT_init_Scan                
000015ef  cyBOT_Scan                     
00001661  cyBOT_SERVO_cal                
000017e9  timer_init                     
00001861  timer_stop                     
0000188b  timer_pause                    
0000189d  timer_resume                   
000018af  timer_getMillis                
00001907  timer_getMicros                
00001961  timer_waitMicros               
00001993  timer_waitMillis               
00001a31  ping_init                      
00001ab7  ping_trigger                   
00001b21  TIMER3B_Handler                
00001b73  ping_getDistance               
00001ded  __aeabi_dsub                   
00001df7  __aeabi_dadd                   
00001fa3  __aeabi_idiv0                  
00001fa3  __aeabi_ldiv0                  
00001fa5  cyBot_sendByte                 
00001fb1  cyBot_uart_sendStr             
00001fcb  cyBot_uart_sendBuffer          
00001fe3  cyBot_uart_init                
00002075  cyBot_uart_flush               
00002093  cyBot_getByte                  
000020ad  cyBot_UART1_Handler            
00002101  servo_init                     
00002185  servo_stop                     
00002191  servo_move                     
000021f1  servo_setPWM                   
00002395  __aeabi_ddiv                   
000025f1  ir_init                        
00002659  ir_getValue                    
00002681  ir_getDistance                 
00002689  ADC0SS0_Handler                
0000269f  ir_enableInterrupt             
00002709  fputs                          
0000292d  ldexp                          
0000292d  ldexpl                         
0000292d  scalbn                         
0000292d  scalbnl                        
00002a3d  aligned_alloc                  
00002a3d  memalign                       
00002b3d  __aeabi_dmul                   
00002c39  free                           
00002d1d  setvbuf                        
00002df9  open                           
00002f69  fopen                          
00003005  __aeabi_memcpy                 
00003005  __aeabi_memcpy4                
00003005  __aeabi_memcpy8                
00003005  memcpy                         
000030a1  __aeabi_uldivmod               
00003139  fputc                          
00003139  putc                           
000031c5  __aeabi_cdcmpeq                
000031c5  __aeabi_cdcmple                
0000324b  __aeabi_cdrcmple               
000032d1  __aeabi_memclr                 
000032d1  __aeabi_memclr4                
000032d1  __aeabi_memclr8                
000032d3  __aeabi_memset                 
000032d3  __aeabi_memset4                
000032d3  __aeabi_memset8                
000032d9  memset                         
0000334d  __TI_closefile                 
000034a1  HOSTrename                     
0000350d  HOSTlseek                      
00003575  __TI_decompress_lzss           
000035dd  printf                         
00003645  frexp                          
00003645  frexpl                         
000036a9  fseek                          
0000370d  __TI_wrt_ok                    
00003771  HOSTopen                       
000037d1  close                          
0000382d  HOSTread                       
00003885  HOSTwrite                      
00003933  __TI_ltoa                      
000039d9  __TI_doflush                   
00003a25  atoi                           
00003a71  exit                           
00003ab9  __aeabi_d2iz                   
00003b01  HOSTclose                      
00003b45  HOSTunlink                     
00003b89  __TI_auto_init_nobinit_nopinit 
00003bcd  getdevice                      
00003c11  sprintf                        
00003c51  vsnprintf                      
00003cd1  __TI_writemsg                  
00003cff  C$$IO$$                        
00003d09  __aeabi_f2d                    
00003d41  strncpy                        
00003d79  IntRegister                    
00003dad  __TI_cleanup                   
00003de1  __TI_readmsg                   
00003e15  _c_int00_noargs                
00003e79  finddevice                     
00003ea9  __aeabi_i2d                    
00003ed9  fclose                         
00003f05  remove                         
00003f05  unlink                         
00003f59  lseek                          
00003f81  write                          
00003fa9  memchr                         
00003fe5  memccpy                        
00004001  copysign                       
00004001  copysignl                      
0000404b  strcmp                         
00004063  strchr                         
00004079  strcpy                         
0000408d  strlen                         
000040a1  wcslen                         
000040b3  IntMasterEnable                
000040c3  lcd_clear                      
000040d3  __TI_decompress_none           
000040e1  CPUcpsie                       
000040ed  __TI_zero_init                 
000040f9  ResetISR                       
00004111  __aeabi_errno_addr             
00004119  malloc                         
00004129  _system_pre_init               
0000412d  C$$EXIT                        
0000412d  abort                          
00004130  _ctypes_                       
000042ac  __TI_Handler_Table_Base        
000042b8  __TI_Handler_Table_Limit       
000042c8  __TI_CINIT_Base                
000042e0  __TI_CINIT_Limit               
20000000  __start___llvm_prf_cnts        
20000000  __stop___llvm_prf_cnts         
20000000  g_pfnRAMVectors                
20000270  __stack                        
20000470  __STACK_TOP                    
20000a70  __STACK_END                    
20000a70  _sys_memory                    
20000e70  __CIOBUF_                      
20000f90  __TI_tmpnams                   
20001084  isr_char_buffer                
200010b8  parmbuf                        
200010c0  _timeout_ticks                 
200010c4  fallingEdge                    
200010c8  isr_int_value                  
200010cc  left_calibration_value         
200010d0  pulseLength                    
200010d4  right_calibration_value        
200010d8  risingEdge                     
200010dc  isRisingEdge                   
200010e0  _ftable                        
200011d0  _device                        
20001248  _stream                        
20001298  __TI_ft_end                    
2000129c  __aeabi_stdin                  
200012a0  __aeabi_stdout                 
200012a4  __aeabi_stderr                 
200012a8  __TI_cleanup_ptr               
200012ac  __TI_dtors_ptr                 
200012b0  __TI_enable_exit_profile_output
200012b4  _lock                          
200012b8  _unlock                        
200012c4  cyBOT_scan_features            
200012c8  isr_counter                    
200012cc  errno                          
200012d8  _running                       
ffffffff  __TI_pprof_out_hndl            
ffffffff  __TI_prof_data_size            
ffffffff  __TI_prof_data_start           
ffffffff  __binit__                      
ffffffff  __c_args__                     
ffffffff  binit                          
UNDEFED   __mpu_init                     
UNDEFED   _system_post_cinit             

[192 symbols]
