******************************************************************************
                  TI ARM Linker PC v20.2.7                     
******************************************************************************
>> Linked Mon Sep 30 14:35:08 2024

OUTPUT FILE NAME:   <lab_3.out>
ENTRY POINT SYMBOL: "_c_int00_noargs"  address: 00003ffd


MEMORY CONFIGURATION

         name            origin    length      used     unused   attr    fill
----------------------  --------  ---------  --------  --------  ----  --------
  FLASH                 00000000   00040000  00004495  0003bb6b  R  X
  SRAM                  20000000   00008000  000012ca  00006d36  RW X


SEGMENT ALLOCATION MAP

run origin  load origin   length   init length attrs members
----------  ----------- ---------- ----------- ----- -------
00000000    00000000    00004498   00004498    r-x
  00000000    00000000    0000026c   0000026c    r-- .intvecs
  0000026c    0000026c    00004080   00004080    r-x .text
  000042ec    000042ec    00000109   00000109    r-- .const
  000043f8    000043f8    000000a0   000000a0    r-- .cinit
20000000    20000000    000012d1   00000000    rw-
  20000000    20000000    0000026c   00000000    rw- .vtable
  20000270    20000270    00000800   00000000    rw- .stack
  20000a70    20000a70    00000400   00000000    rw- .sysmem
  20000e70    20000e70    0000026d   00000000    rw- .bss
  200010e0    200010e0    000001f1   00000000    rw- .data


SECTION ALLOCATION MAP

 output                                  attributes/
section   page    origin      length       input sections
--------  ----  ----------  ----------   ----------------
.intvecs   0    00000000    0000026c     
                  00000000    0000026c     tm4c123gh6pm_startup_ccs.obj (.intvecs)

.text      0    0000026c    00004080     
                  0000026c    00000a4e     rtsv7M4_T_le_v4SPD16_eabi.lib : _printfi.c.obj (.text:__TI_printfi)
                  00000cba    00000002                                   : _lock.c.obj (.text:_nop)
                  00000cbc    0000066c     main.obj (.text)
                  00001328    00000328     lcd.obj (.text)
                  00001650    00000270     rtsv7M4_T_le_v4SPD16_eabi.lib : _printfi.c.obj (.text:_pconv_a)
                  000018c0    00000260     libcybotScan.lib : cyBot_Scan.obj (.text)
                  00001b20    00000248     Timer.obj (.text)
                  00001d68    000001ec     libcybotScan.lib : ping.obj (.text)
                  00001f54    000001d0     rtsv7M4_T_le_v4SPD16_eabi.lib : _printfi.c.obj (.text:_pconv_g)
                  00002124    000001b6                                   : fd_add_t2.asm.obj (.text)
                  000022da    00000002                                   : div0.asm.obj (.text)
                  000022dc    0000015c     libcybotUART.lib : uart.obj (.text)
                  00002438    00000158     libcybotScan.lib : servo.obj (.text)
                  00002590    0000013c     rtsv7M4_T_le_v4SPD16_eabi.lib : _printfi.c.obj (.text:_pconv_e)
                  000026cc    00000136                                   : fd_div_t2.asm.obj (.text)
                  00002802    00000002     --HOLE-- [fill = 0]
                  00002804    00000124                                   : _printfi.c.obj (.text:fcvt)
                  00002928    00000118     libcybotScan.lib : ir.obj (.text)
                  00002a40    00000114     rtsv7M4_T_le_v4SPD16_eabi.lib : fputs.c.obj (.text:fputs)
                  00002b54    00000110                                   : s_scalbn.c.obj (.text:scalbn)
                  00002c64    00000100                                   : memory.c.obj (.text:aligned_alloc)
                  00002d64    000000fc                                   : fd_mul_t2.asm.obj (.text)
                  00002e60    000000e4                                   : memory.c.obj (.text:free)
                  00002f44    000000e4                                   : memory.c.obj (.text:realloc)
                  00003028    000000dc                                   : setvbuf.c.obj (.text:setvbuf)
                  00003104    000000b1                                   : _printfi.c.obj (.text:_ltostr)
                  000031b5    00000001     --HOLE-- [fill = 0]
                  000031b6    0000009c                                   : memcpy_t2.asm.obj (.text)
                  00003252    00000096                                   : ull_div_t2.asm.obj (.text)
                  000032e8    0000008c                                   : fputc.c.obj (.text:fputc)
                  00003374    00000086                                   : fd_cmp_t2.asm.obj (.text:__aeabi_cdcmple)
                  000033fa    00000086                                   : fd_cmp_t2.asm.obj (.text:__aeabi_cdrcmple)
                  00003480    0000007a                                   : memset_t2.asm.obj (.text)
                  000034fa    00000002     --HOLE-- [fill = 0]
                  000034fc    00000074                                   : fclose.c.obj (.text:__TI_closefile)
                  00003570    00000070                                   : memory.c.obj (.text:split)
                  000035e0    0000006e                                   : _printfi.c.obj (.text:_mcpy)
                  0000364e    00000002     --HOLE-- [fill = 0]
                  00003650    0000006c                                   : hostrename.c.obj (.text:HOSTrename)
                  000036bc    00000068                                   : hostlseek.c.obj (.text:HOSTlseek)
                  00003724    00000068                                   : copy_decompress_lzss.c.obj (.text:decompress:lzss:__TI_decompress_lzss)
                  0000378c    00000068                                   : printf.c.obj (.text:printf)
                  000037f4    00000064                                   : s_frexp.c.obj (.text:frexp)
                  00003858    00000064                                   : fseek.c.obj (.text:fseek)
                  000038bc    00000062                                   : _io_perm.c.obj (.text:__TI_wrt_ok)
                  0000391e    00000002     --HOLE-- [fill = 0]
                  00003920    00000060                                   : hostopen.c.obj (.text:HOSTopen)
                  00003980    0000005c                                   : close.c.obj (.text:close)
                  000039dc    00000058                                   : hostread.c.obj (.text:HOSTread)
                  00003a34    00000058                                   : hostwrite.c.obj (.text:HOSTwrite)
                  00003a8c    00000056                                   : _printfi.c.obj (.text:_pconv_f)
                  00003ae2    00000054                                   : _ltoa.c.obj (.text:__TI_ltoa)
                  00003b36    00000052                                   : _printfi.c.obj (.text:_ecpy)
                  00003b88    0000004c                                   : fflush.c.obj (.text:__TI_doflush)
                  00003bd4    0000004c                                   : atoi.c.obj (.text:atoi)
                  00003c20    00000048                                   : exit.c.obj (.text:exit)
                  00003c68    00000048                                   : fd_toi_t2.asm.obj (.text)
                  00003cb0    00000044                                   : hostclose.c.obj (.text:HOSTclose)
                  00003cf4    00000044                                   : hostunlink.c.obj (.text:HOSTunlink)
                  00003d38    00000044                                   : autoinit.c.obj (.text:__TI_auto_init_nobinit_nopinit:__TI_auto_init_nobinit_nopinit)
                  00003d7c    00000044                                   : getdevice.c.obj (.text:getdevice)
                  00003dc0    00000040                                   : sprintf.c.obj (.text:sprintf)
                  00003e00    00000040                                   : vsnprintf.c.obj (.text:vsnprintf)
                  00003e40    0000003e                                   : _printfi.c.obj (.text:_fcpy)
                  00003e7e    00000002     --HOLE-- [fill = 0]
                  00003e80    00000038                                   : trgmsg.c.obj (.text:__TI_writemsg)
                  00003eb8    00000038                                   : memory.c.obj (.text:calloc)
                  00003ef0    00000038                                   : fs_tod_t2.asm.obj (.text)
                  00003f28    00000036                                   : strncpy.c.obj (.text:strncpy)
                  00003f5e    00000002     --HOLE-- [fill = 0]
                  00003f60    00000034     driverlib.lib : interrupt.obj (.text:IntRegister)
                  00003f94    00000034     rtsv7M4_T_le_v4SPD16_eabi.lib : fopen.c.obj (.text:__TI_cleanup)
                  00003fc8    00000034                                   : trgmsg.c.obj (.text:__TI_readmsg)
                  00003ffc    00000034                                   : boot_cortex_m.c.obj (.text:_c_int00_noargs:_c_int00_noargs)
                  00004030    00000030                                   : vsnprintf.c.obj (.text:_outs)
                  00004060    00000030                                   : getdevice.c.obj (.text:finddevice)
                  00004090    0000002e                                   : i_tofd_t2.asm.obj (.text)
                  000040be    00000002     --HOLE-- [fill = 0]
                  000040c0    0000002c                                   : unlink.c.obj (.text:unlink)
                  000040ec    00000028                                   : memory.c.obj (.text:free_list_insert)
                  00004114    00000028                                   : lseek.c.obj (.text:lseek)
                  0000413c    00000028                                   : write.c.obj (.text:write)
                  00004164    00000020                                   : memchr.c.obj (.text:memchr)
                  00004184    0000001c                                   : memory.c.obj (.text:free_list_remove)
                  000041a0    0000001c                                   : memccpy.c.obj (.text:memccpy)
                  000041bc    0000001a                                   : s_copysign.c.obj (.text:copysign)
                  000041d6    00000018                                   : vsnprintf.c.obj (.text:_outc)
                  000041ee    00000018                                   : sprintf.c.obj (.text:_outs)
                  00004206    00000018                                   : strcmp.c.obj (.text:strcmp)
                  0000421e    00000016                                   : strchr.c.obj (.text:strchr)
                  00004234    00000014                                   : strcpy.c.obj (.text:strcpy)
                  00004248    00000014                                   : strlen.c.obj (.text:strlen)
                  0000425c    00000012                                   : wcslen.c.obj (.text:wcslen)
                  0000426e    00000010     driverlib.lib : interrupt.obj (.text:IntMasterEnable)
                  0000427e    00000010     lcd.obj (.text:lcd_clear)
                  0000428e    0000000e     rtsv7M4_T_le_v4SPD16_eabi.lib : copy_decompress_none.c.obj (.text:decompress:none:__TI_decompress_none)
                  0000429c    0000000c     driverlib.lib : cpu.obj (.text:CPUcpsie)
                  000042a8    0000000c     rtsv7M4_T_le_v4SPD16_eabi.lib : copy_zero_init.c.obj (.text:decompress:ZI:__TI_zero_init)
                  000042b4    0000000c     tm4c123gh6pm_startup_ccs.obj (.text)
                  000042c0    0000000a     rtsv7M4_T_le_v4SPD16_eabi.lib : sprintf.c.obj (.text:_outc)
                  000042ca    00000002     --HOLE-- [fill = 0]
                  000042cc    00000008                                   : errno.c.obj (.text:__aeabi_errno_addr)
                  000042d4    00000008                                   : memory.c.obj (.text:malloc)
                  000042dc    00000004                                   : printf.c.obj (.text:_outc)
                  000042e0    00000004                                   : printf.c.obj (.text:_outs)
                  000042e4    00000004                                   : pre_init.c.obj (.text:_system_pre_init)
                  000042e8    00000004                                   : exit.c.obj (.text:abort:abort)

.const     0    000042ec    00000109     
                  000042ec    00000101     rtsv7M4_T_le_v4SPD16_eabi.lib : ctype.c.obj (.const:.string:_ctypes_)
                  000043ed    00000004     lcd.obj (.const:.string:lineAddress$1)
                  000043f1    00000004     lcd.obj (.const:.string:lineAddresses$2)

.cinit     0    000043f8    000000a0     
                  000043f8    0000006b     (.cinit..data.load) [load image, compression = lzss]
                  00004463    00000001     --HOLE-- [fill = 0]
                  00004464    0000000c     (__TI_handler_table)
                  00004470    00000008     (.cinit..bss.load) [load image, compression = zero_init]
                  00004478    00000008     (.cinit..vtable.load) [load image, compression = zero_init]
                  00004480    00000018     (__TI_cinit_table)

.init_array 
*          0    00000000    00000000     UNINITIALIZED

.vtable    0    20000000    0000026c     UNINITIALIZED
                  20000000    0000026c     driverlib.lib : interrupt.obj (.vtable)

.stack     0    20000270    00000800     UNINITIALIZED
                  20000270    00000004     rtsv7M4_T_le_v4SPD16_eabi.lib : boot_cortex_m.c.obj (.stack)
                  20000274    000007fc     --HOLE--

.sysmem    0    20000a70    00000400     UNINITIALIZED
                  20000a70    00000010     rtsv7M4_T_le_v4SPD16_eabi.lib : memory.c.obj (.sysmem)
                  20000a80    000003f0     --HOLE--

.bss       0    20000e70    0000026d     UNINITIALIZED
                  20000e70    00000120     rtsv7M4_T_le_v4SPD16_eabi.lib : trgmsg.c.obj (.bss:_CIOBUF_)
                  20000f90    000000a0     (.common:__TI_tmpnams)
                  20001030    00000054     lcd.obj (.bss:lastbuffer$3)
                  20001084    00000034     (.common:isr_char_buffer)
                  200010b8    00000008     (.common:parmbuf)
                  200010c0    00000004     (.common:_timeout_ticks)
                  200010c4    00000004     (.common:fallingEdge)
                  200010c8    00000004     (.common:isr_int_value)
                  200010cc    00000004     (.common:left_calibration_value)
                  200010d0    00000004     (.common:pulseLength)
                  200010d4    00000004     (.common:right_calibration_value)
                  200010d8    00000004     (.common:risingEdge)
                  200010dc    00000001     (.common:isRisingEdge)

.data      0    200010e0    000001f1     UNINITIALIZED
                  200010e0    000000f0     rtsv7M4_T_le_v4SPD16_eabi.lib : defs.c.obj (.data:_ftable)
                  200011d0    00000078                                   : host_device.c.obj (.data:_device)
                  20001248    00000050                                   : host_device.c.obj (.data:_stream)
                  20001298    00000010                                   : defs.c.obj (.data)
                  200012a8    0000000c                                   : exit.c.obj (.data:$O1$$)
                  200012b4    00000008                                   : _lock.c.obj (.data:$O1$$)
                  200012bc    00000008                                   : memory.c.obj (.data:$O1$$)
                  200012c4    00000004     libcybotScan.lib : cyBot_Scan.obj (.data)
                  200012c8    00000004     libcybotUART.lib : uart.obj (.data)
                  200012cc    00000004     rtsv7M4_T_le_v4SPD16_eabi.lib : errno.c.obj (.data)
                  200012d0    00000001     Timer.obj (.data)

__llvm_prf_cnts 
*          0    20000000    00000000     UNINITIALIZED

MODULE SUMMARY

       Module                         code    ro data   rw data
       ------                         ----    -------   -------
    .\
       main.obj                       1644    0         8      
       lcd.obj                        824     8         84     
       tm4c123gh6pm_startup_ccs.obj   12      620       0      
       Timer.obj                      584     0         5      
    +--+------------------------------+-------+---------+---------+
       Total:                         3064    628       97     
                                                               
    ../libcybotScan.lib
       cyBot_Scan.obj                 608     0         4      
       ping.obj                       492     0         13     
       servo.obj                      344     0         0      
       ir.obj                         280     0         4      
    +--+------------------------------+-------+---------+---------+
       Total:                         1724    0         21     
                                                               
    ../libcybotUART.lib
       uart.obj                       348     0         56     
    +--+------------------------------+-------+---------+---------+
       Total:                         348     0         56     
                                                               
    C:/ti/TivaWare_C_Series-2.2.0.295/driverlib/ccs/Debug/driverlib.lib
       interrupt.obj                  68      0         620    
       cpu.obj                        12      0         0      
    +--+------------------------------+-------+---------+---------+
       Total:                         80      0         620    
                                                               
    C:\ti\ccs1271\ccs\tools\compiler\ti-cgt-arm_20.2.7.LTS\lib\rtsv7M4_T_le_v4SPD16_eabi.lib
       _printfi.c.obj                 4851    0         0      
       memory.c.obj                   956     0         8      
       fd_add_t2.asm.obj              438     0         0      
       defs.c.obj                     0       0         416    
       trgmsg.c.obj                   108     0         288    
       fd_div_t2.asm.obj              310     0         0      
       fputs.c.obj                    276     0         0      
       s_scalbn.c.obj                 272     0         0      
       fd_cmp_t2.asm.obj              268     0         0      
       ctype.c.obj                    0       257       0      
       fd_mul_t2.asm.obj              252     0         0      
       setvbuf.c.obj                  220     0         0      
       host_device.c.obj              0       0         200    
       memcpy_t2.asm.obj              156     0         0      
       ull_div_t2.asm.obj             150     0         0      
       fputc.c.obj                    140     0         0      
       vsnprintf.c.obj                136     0         0      
       memset_t2.asm.obj              122     0         0      
       fclose.c.obj                   116     0         0      
       getdevice.c.obj                116     0         0      
       printf.c.obj                   112     0         0      
       hostrename.c.obj               108     0         0      
       copy_decompress_lzss.c.obj     104     0         0      
       hostlseek.c.obj                104     0         0      
       hostopen.c.obj                 96      0         8      
       fseek.c.obj                    100     0         0      
       s_frexp.c.obj                  100     0         0      
       _io_perm.c.obj                 98      0         0      
       sprintf.c.obj                  98      0         0      
       close.c.obj                    92      0         0      
       exit.c.obj                     76      0         12     
       hostread.c.obj                 88      0         0      
       hostwrite.c.obj                88      0         0      
       _ltoa.c.obj                    84      0         0      
       atoi.c.obj                     76      0         0      
       fflush.c.obj                   76      0         0      
       fd_toi_t2.asm.obj              72      0         0      
       autoinit.c.obj                 68      0         0      
       hostclose.c.obj                68      0         0      
       hostunlink.c.obj               68      0         0      
       fs_tod_t2.asm.obj              56      0         0      
       strncpy.c.obj                  54      0         0      
       boot_cortex_m.c.obj            52      0         0      
       fopen.c.obj                    52      0         0      
       i_tofd_t2.asm.obj              46      0         0      
       unlink.c.obj                   44      0         0      
       lseek.c.obj                    40      0         0      
       write.c.obj                    40      0         0      
       memchr.c.obj                   32      0         0      
       memccpy.c.obj                  28      0         0      
       s_copysign.c.obj               26      0         0      
       strcmp.c.obj                   24      0         0      
       strchr.c.obj                   22      0         0      
       strcpy.c.obj                   20      0         0      
       strlen.c.obj                   20      0         0      
       wcslen.c.obj                   18      0         0      
       copy_decompress_none.c.obj     14      0         0      
       copy_zero_init.c.obj           12      0         0      
       errno.c.obj                    8       0         4      
       _lock.c.obj                    2       0         8      
       pre_init.c.obj                 4       0         0      
       div0.asm.obj                   2       0         0      
    +--+------------------------------+-------+---------+---------+
       Total:                         11279   257       944    
                                                               
       Heap:                          0       0         1024   
       Stack:                         0       0         2048   
       Linker Generated:              0       159       0      
    +--+------------------------------+-------+---------+---------+
       Grand Total:                   16495   1044      4810   


LINKER GENERATED COPY TABLES

__TI_cinit_table @ 00004480 records: 3, size/record: 8, table size: 24
	.data: load addr=000043f8, load size=0000006b bytes, run addr=200010e0, run size=000001f1 bytes, compression=lzss
	.bss: load addr=00004470, load size=00000008 bytes, run addr=20000e70, run size=0000026d bytes, compression=zero_init
	.vtable: load addr=00004478, load size=00000008 bytes, run addr=20000000, run size=0000026c bytes, compression=zero_init


LINKER GENERATED HANDLER TABLE

__TI_handler_table @ 00004464 records: 3, size/record: 4, table size: 12
	index: 0, handler: __TI_zero_init
	index: 1, handler: __TI_decompress_lzss
	index: 2, handler: __TI_decompress_none


GLOBAL SYMBOLS: SORTED ALPHABETICALLY BY Name 

address   name                           
-------   ----                           
000029c1  ADC0SS0_Handler                
000042e9  C$$EXIT                        
00003eaf  C$$IO$$                        
0000429d  CPUcpsie                       
00003cb1  HOSTclose                      
000036bd  HOSTlseek                      
00003921  HOSTopen                       
000039dd  HOSTread                       
00003651  HOSTrename                     
00003cf5  HOSTunlink                     
00003a35  HOSTwrite                      
0000426f  IntMasterEnable                
00003f61  IntRegister                    
000042b5  ResetISR                       
00001e59  TIMER3B_Handler                
20000e70  __CIOBUF_                      
20000a70  __STACK_END                    
00000800  __STACK_SIZE                   
20000470  __STACK_TOP                    
00000400  __SYSMEM_SIZE                  
00004480  __TI_CINIT_Base                
00004498  __TI_CINIT_Limit               
00004464  __TI_Handler_Table_Base        
00004470  __TI_Handler_Table_Limit       
00003d39  __TI_auto_init_nobinit_nopinit 
00003f95  __TI_cleanup                   
200012a8  __TI_cleanup_ptr               
000034fd  __TI_closefile                 
00003725  __TI_decompress_lzss           
0000428f  __TI_decompress_none           
00003b89  __TI_doflush                   
200012ac  __TI_dtors_ptr                 
200012b0  __TI_enable_exit_profile_output
20001298  __TI_ft_end                    
00003ae3  __TI_ltoa                      
ffffffff  __TI_pprof_out_hndl            
0000026d  __TI_printfi                   
ffffffff  __TI_prof_data_size            
ffffffff  __TI_prof_data_start           
00003fc9  __TI_readmsg                   
00000000  __TI_static_base__             
20000f90  __TI_tmpnams                   
00003e81  __TI_writemsg                  
000038bd  __TI_wrt_ok                    
000042a9  __TI_zero_init                 
00003375  __aeabi_cdcmpeq                
00003375  __aeabi_cdcmple                
000033fb  __aeabi_cdrcmple               
00003c69  __aeabi_d2iz                   
0000212f  __aeabi_dadd                   
000026cd  __aeabi_ddiv                   
00002d65  __aeabi_dmul                   
00002125  __aeabi_dsub                   
000042cd  __aeabi_errno_addr             
00003ef1  __aeabi_f2d                    
00004091  __aeabi_i2d                    
000022db  __aeabi_idiv0                  
000022db  __aeabi_ldiv0                  
00003481  __aeabi_memclr                 
00003481  __aeabi_memclr4                
00003481  __aeabi_memclr8                
000031b7  __aeabi_memcpy                 
000031b7  __aeabi_memcpy4                
000031b7  __aeabi_memcpy8                
00003483  __aeabi_memset                 
00003483  __aeabi_memset4                
00003483  __aeabi_memset8                
200012a4  __aeabi_stderr                 
2000129c  __aeabi_stdin                  
200012a0  __aeabi_stdout                 
00003253  __aeabi_uldivmod               
ffffffff  __binit__                      
ffffffff  __c_args__                     
UNDEFED   __mpu_init                     
20000270  __stack                        
20000000  __start___llvm_prf_cnts        
20000000  __stop___llvm_prf_cnts         
00003ffd  _c_int00_noargs                
000042ec  _ctypes_                       
200011d0  _device                        
200010e0  _ftable                        
200012b4  _lock                          
00000cbb  _nop                           
200012d0  _running                       
20001248  _stream                        
20000a70  _sys_memory                    
UNDEFED   _system_post_cinit             
000042e5  _system_pre_init               
200010c0  _timeout_ticks                 
200012b8  _unlock                        
000042e9  abort                          
00002c65  aligned_alloc                  
00003bd5  atoi                           
ffffffff  binit                          
00000d17  calibrate                      
00003eb9  calloc                         
00003981  close                          
000041bd  copysign                       
000041bd  copysignl                      
00000fdf  count                          
00001175  countObjects                   
00001999  cyBOT_SERVO_cal                
00001927  cyBOT_Scan                     
000018cf  cyBOT_init_Scan                
200012c4  cyBOT_scan_features            
000018c1  cyBOT_scan_version             
000023e5  cyBot_UART1_Handler            
000023cb  cyBot_getByte                  
000022dd  cyBot_sendByte                 
000023ad  cyBot_uart_flush               
0000231b  cyBot_uart_init                
00002303  cyBot_uart_sendBuffer          
000022e9  cyBot_uart_sendStr             
200012cc  errno                          
00003c21  exit                           
00000f21  face_smallest_object           
200010c4  fallingEdge                    
00004061  finddevice                     
000032e9  fputc                          
00002a41  fputs                          
00002e61  free                           
000037f5  frexp                          
000037f5  frexpl                         
00003859  fseek                          
20000000  g_pfnRAMVectors                
00000000  g_pfnVectors                   
00003d7d  getdevice                      
000029d7  ir_enableInterrupt             
000029b9  ir_getDistance                 
00002991  ir_getValue                    
00002929  ir_init                        
200010dc  isRisingEdge                   
20001084  isr_char_buffer                
200012c8  isr_counter                    
200010c8  isr_int_value                  
0000427f  lcd_clear                      
000014fd  lcd_gotoLine                   
00001365  lcd_init                       
00001563  lcd_printf                     
00001425  lcd_putc                       
0000145d  lcd_puts                       
00001329  lcd_reverseNibble              
0000147b  lcd_sendCommand                
000014b9  lcd_sendNibble                 
00001525  lcd_setCursorPos               
00002b55  ldexp                          
00002b55  ldexpl                         
200010cc  left_calibration_value         
00004115  lseek                          
00000cf5  main                           
000042d5  malloc                         
00002c65  memalign                       
000041a1  memccpy                        
00004165  memchr                         
000031b7  memcpy                         
00003489  memset                         
200010b8  parmbuf                        
00000d35  perform_scan                   
00001eab  ping_getDistance               
00001d69  ping_init                      
00001def  ping_trigger                   
00000cbd  printString                    
0000378d  printf                         
200010d0  pulseLength                    
000032e9  putc                           
00002f45  realloc                        
000040c1  remove                         
200010d4  right_calibration_value        
200010d8  risingEdge                     
00002b55  scalbn                         
00002b55  scalbnl                        
00002439  servo_init                     
000024c9  servo_move                     
00002529  servo_setPWM                   
000024bd  servo_stop                     
00003029  setvbuf                        
00003dc1  sprintf                        
0000421f  strchr                         
00004207  strcmp                         
00004235  strcpy                         
00004249  strlen                         
00003f29  strncpy                        
00001c3f  timer_getMicros                
00001be7  timer_getMillis                
00001b21  timer_init                     
00001bc3  timer_pause                    
00001bd5  timer_resume                   
00001b99  timer_stop                     
00001c99  timer_waitMicros               
00001ccb  timer_waitMillis               
000040c1  unlink                         
00003e01  vsnprintf                      
0000425d  wcslen                         
0000413d  write                          


GLOBAL SYMBOLS: SORTED BY Symbol Address 

address   name                           
-------   ----                           
00000000  __TI_static_base__             
00000000  g_pfnVectors                   
0000026d  __TI_printfi                   
00000400  __SYSMEM_SIZE                  
00000800  __STACK_SIZE                   
00000cbb  _nop                           
00000cbd  printString                    
00000cf5  main                           
00000d17  calibrate                      
00000d35  perform_scan                   
00000f21  face_smallest_object           
00000fdf  count                          
00001175  countObjects                   
00001329  lcd_reverseNibble              
00001365  lcd_init                       
00001425  lcd_putc                       
0000145d  lcd_puts                       
0000147b  lcd_sendCommand                
000014b9  lcd_sendNibble                 
000014fd  lcd_gotoLine                   
00001525  lcd_setCursorPos               
00001563  lcd_printf                     
000018c1  cyBOT_scan_version             
000018cf  cyBOT_init_Scan                
00001927  cyBOT_Scan                     
00001999  cyBOT_SERVO_cal                
00001b21  timer_init                     
00001b99  timer_stop                     
00001bc3  timer_pause                    
00001bd5  timer_resume                   
00001be7  timer_getMillis                
00001c3f  timer_getMicros                
00001c99  timer_waitMicros               
00001ccb  timer_waitMillis               
00001d69  ping_init                      
00001def  ping_trigger                   
00001e59  TIMER3B_Handler                
00001eab  ping_getDistance               
00002125  __aeabi_dsub                   
0000212f  __aeabi_dadd                   
000022db  __aeabi_idiv0                  
000022db  __aeabi_ldiv0                  
000022dd  cyBot_sendByte                 
000022e9  cyBot_uart_sendStr             
00002303  cyBot_uart_sendBuffer          
0000231b  cyBot_uart_init                
000023ad  cyBot_uart_flush               
000023cb  cyBot_getByte                  
000023e5  cyBot_UART1_Handler            
00002439  servo_init                     
000024bd  servo_stop                     
000024c9  servo_move                     
00002529  servo_setPWM                   
000026cd  __aeabi_ddiv                   
00002929  ir_init                        
00002991  ir_getValue                    
000029b9  ir_getDistance                 
000029c1  ADC0SS0_Handler                
000029d7  ir_enableInterrupt             
00002a41  fputs                          
00002b55  ldexp                          
00002b55  ldexpl                         
00002b55  scalbn                         
00002b55  scalbnl                        
00002c65  aligned_alloc                  
00002c65  memalign                       
00002d65  __aeabi_dmul                   
00002e61  free                           
00002f45  realloc                        
00003029  setvbuf                        
000031b7  __aeabi_memcpy                 
000031b7  __aeabi_memcpy4                
000031b7  __aeabi_memcpy8                
000031b7  memcpy                         
00003253  __aeabi_uldivmod               
000032e9  fputc                          
000032e9  putc                           
00003375  __aeabi_cdcmpeq                
00003375  __aeabi_cdcmple                
000033fb  __aeabi_cdrcmple               
00003481  __aeabi_memclr                 
00003481  __aeabi_memclr4                
00003481  __aeabi_memclr8                
00003483  __aeabi_memset                 
00003483  __aeabi_memset4                
00003483  __aeabi_memset8                
00003489  memset                         
000034fd  __TI_closefile                 
00003651  HOSTrename                     
000036bd  HOSTlseek                      
00003725  __TI_decompress_lzss           
0000378d  printf                         
000037f5  frexp                          
000037f5  frexpl                         
00003859  fseek                          
000038bd  __TI_wrt_ok                    
00003921  HOSTopen                       
00003981  close                          
000039dd  HOSTread                       
00003a35  HOSTwrite                      
00003ae3  __TI_ltoa                      
00003b89  __TI_doflush                   
00003bd5  atoi                           
00003c21  exit                           
00003c69  __aeabi_d2iz                   
00003cb1  HOSTclose                      
00003cf5  HOSTunlink                     
00003d39  __TI_auto_init_nobinit_nopinit 
00003d7d  getdevice                      
00003dc1  sprintf                        
00003e01  vsnprintf                      
00003e81  __TI_writemsg                  
00003eaf  C$$IO$$                        
00003eb9  calloc                         
00003ef1  __aeabi_f2d                    
00003f29  strncpy                        
00003f61  IntRegister                    
00003f95  __TI_cleanup                   
00003fc9  __TI_readmsg                   
00003ffd  _c_int00_noargs                
00004061  finddevice                     
00004091  __aeabi_i2d                    
000040c1  remove                         
000040c1  unlink                         
00004115  lseek                          
0000413d  write                          
00004165  memchr                         
000041a1  memccpy                        
000041bd  copysign                       
000041bd  copysignl                      
00004207  strcmp                         
0000421f  strchr                         
00004235  strcpy                         
00004249  strlen                         
0000425d  wcslen                         
0000426f  IntMasterEnable                
0000427f  lcd_clear                      
0000428f  __TI_decompress_none           
0000429d  CPUcpsie                       
000042a9  __TI_zero_init                 
000042b5  ResetISR                       
000042cd  __aeabi_errno_addr             
000042d5  malloc                         
000042e5  _system_pre_init               
000042e9  C$$EXIT                        
000042e9  abort                          
000042ec  _ctypes_                       
00004464  __TI_Handler_Table_Base        
00004470  __TI_Handler_Table_Limit       
00004480  __TI_CINIT_Base                
00004498  __TI_CINIT_Limit               
20000000  __start___llvm_prf_cnts        
20000000  __stop___llvm_prf_cnts         
20000000  g_pfnRAMVectors                
20000270  __stack                        
20000470  __STACK_TOP                    
20000a70  __STACK_END                    
20000a70  _sys_memory                    
20000e70  __CIOBUF_                      
20000f90  __TI_tmpnams                   
20001084  isr_char_buffer                
200010b8  parmbuf                        
200010c0  _timeout_ticks                 
200010c4  fallingEdge                    
200010c8  isr_int_value                  
200010cc  left_calibration_value         
200010d0  pulseLength                    
200010d4  right_calibration_value        
200010d8  risingEdge                     
200010dc  isRisingEdge                   
200010e0  _ftable                        
200011d0  _device                        
20001248  _stream                        
20001298  __TI_ft_end                    
2000129c  __aeabi_stdin                  
200012a0  __aeabi_stdout                 
200012a4  __aeabi_stderr                 
200012a8  __TI_cleanup_ptr               
200012ac  __TI_dtors_ptr                 
200012b0  __TI_enable_exit_profile_output
200012b4  _lock                          
200012b8  _unlock                        
200012c4  cyBOT_scan_features            
200012c8  isr_counter                    
200012cc  errno                          
200012d0  _running                       
ffffffff  __TI_pprof_out_hndl            
ffffffff  __TI_prof_data_size            
ffffffff  __TI_prof_data_start           
ffffffff  __binit__                      
ffffffff  __c_args__                     
ffffffff  binit                          
UNDEFED   __mpu_init                     
UNDEFED   _system_post_cinit             

[194 symbols]
