******************************************************************************
                  TI ARM Linker PC v20.2.7                     
******************************************************************************
>> Linked Mon Sep 30 15:32:50 2024

OUTPUT FILE NAME:   <lab_3.out>
ENTRY POINT SYMBOL: "_c_int00_noargs"  address: 00005035


MEMORY CONFIGURATION

         name            origin    length      used     unused   attr    fill
----------------------  --------  ---------  --------  --------  ----  --------
  FLASH                 00000000   00040000  0000566c  0003a994  R  X
  SRAM                  20000000   00008000  0000146e  00006b92  RW X


SEGMENT ALLOCATION MAP

run origin  load origin   length   init length attrs members
----------  ----------- ---------- ----------- ----- -------
00000000    00000000    00005670   00005670    r-x
  00000000    00000000    0000026c   0000026c    r-- .intvecs
  0000026c    0000026c    000050f0   000050f0    r-x .text
  0000535c    0000535c    00000118   00000118    r-- .const
  00005478    00005478    000001f8   000001f8    r-- .cinit
20000000    20000000    00001475   00000000    rw-
  20000000    20000000    0000026c   00000000    rw- .vtable
  20000270    20000270    00000800   00000000    rw- .stack
  20000a70    20000a70    00000400   00000000    rw- .sysmem
  20000e70    20000e70    0000037d   00000000    rw- .data
  200011f0    200011f0    00000285   00000000    rw- .bss


SECTION ALLOCATION MAP

 output                                  attributes/
section   page    origin      length       input sections
--------  ----  ----------  ----------   ----------------
.intvecs   0    00000000    0000026c     
                  00000000    0000026c     tm4c123gh6pm_startup_ccs.obj (.intvecs)

.text      0    0000026c    000050f0     
                  0000026c    00000c20     open_interface.obj (.text)
                  00000e8c    00000a4e     rtsv7M4_T_le_v4SPD16_eabi.lib : _printfi.c.obj (.text:__TI_printfi)
                  000018da    00000002                                   : _lock.c.obj (.text:_nop)
                  000018dc    00000720     main.obj (.text)
                  00001ffc    00000328     lcd.obj (.text)
                  00002324    000002b4     movement.obj (.text)
                  000025d8    00000270     rtsv7M4_T_le_v4SPD16_eabi.lib : _printfi.c.obj (.text:_pconv_a)
                  00002848    00000260     libcybotScan.lib : cyBot_Scan.obj (.text)
                  00002aa8    00000248     Timer.obj (.text)
                  00002cf0    000001ec     libcybotScan.lib : ping.obj (.text)
                  00002edc    000001d0     rtsv7M4_T_le_v4SPD16_eabi.lib : _printfi.c.obj (.text:_pconv_g)
                  000030ac    000001b6                                   : fd_add_t2.asm.obj (.text)
                  00003262    00000002                                   : div0.asm.obj (.text)
                  00003264    0000015c     libcybotUART.lib : uart.obj (.text)
                  000033c0    00000158     libcybotScan.lib : servo.obj (.text)
                  00003518    0000013c     rtsv7M4_T_le_v4SPD16_eabi.lib : _printfi.c.obj (.text:_pconv_e)
                  00003654    00000136                                   : fd_div_t2.asm.obj (.text)
                  0000378a    00000002     --HOLE-- [fill = 0]
                  0000378c    00000124                                   : _printfi.c.obj (.text:fcvt)
                  000038b0    00000118     libcybotScan.lib : ir.obj (.text)
                  000039c8    00000114     rtsv7M4_T_le_v4SPD16_eabi.lib : fputs.c.obj (.text:fputs)
                  00003adc    00000110                                   : s_scalbn.c.obj (.text:scalbn)
                  00003bec    00000100                                   : memory.c.obj (.text:aligned_alloc)
                  00003cec    000000fc                                   : fd_mul_t2.asm.obj (.text)
                  00003de8    000000e4                                   : memory.c.obj (.text:free)
                  00003ecc    000000e4                                   : memory.c.obj (.text:realloc)
                  00003fb0    000000dc                                   : setvbuf.c.obj (.text:setvbuf)
                  0000408c    000000b1                                   : _printfi.c.obj (.text:_ltostr)
                  0000413d    00000001     --HOLE-- [fill = 0]
                  0000413e    0000009c                                   : memcpy_t2.asm.obj (.text)
                  000041da    00000096                                   : ull_div_t2.asm.obj (.text)
                  00004270    0000008c                                   : fputc.c.obj (.text:fputc)
                  000042fc    00000086                                   : fd_cmp_t2.asm.obj (.text:__aeabi_cdcmple)
                  00004382    00000086                                   : fd_cmp_t2.asm.obj (.text:__aeabi_cdrcmple)
                  00004408    0000007a                                   : memset_t2.asm.obj (.text)
                  00004482    00000002     --HOLE-- [fill = 0]
                  00004484    00000074                                   : fclose.c.obj (.text:__TI_closefile)
                  000044f8    00000070                                   : memory.c.obj (.text:split)
                  00004568    0000006e                                   : _printfi.c.obj (.text:_mcpy)
                  000045d6    0000006e                                   : fd_tos_t2.asm.obj (.text)
                  00004644    0000006c                                   : hostrename.c.obj (.text:HOSTrename)
                  000046b0    00000068                                   : hostlseek.c.obj (.text:HOSTlseek)
                  00004718    00000068                                   : copy_decompress_lzss.c.obj (.text:decompress:lzss:__TI_decompress_lzss)
                  00004780    00000068                                   : printf.c.obj (.text:printf)
                  000047e8    00000064                                   : s_frexp.c.obj (.text:frexp)
                  0000484c    00000064                                   : fseek.c.obj (.text:fseek)
                  000048b0    00000062                                   : _io_perm.c.obj (.text:__TI_wrt_ok)
                  00004912    00000002     --HOLE-- [fill = 0]
                  00004914    00000060                                   : hostopen.c.obj (.text:HOSTopen)
                  00004974    0000005c                                   : close.c.obj (.text:close)
                  000049d0    00000058                                   : hostread.c.obj (.text:HOSTread)
                  00004a28    00000058                                   : hostwrite.c.obj (.text:HOSTwrite)
                  00004a80    00000056                                   : _printfi.c.obj (.text:_pconv_f)
                  00004ad6    00000054                                   : _ltoa.c.obj (.text:__TI_ltoa)
                  00004b2a    00000052                                   : _printfi.c.obj (.text:_ecpy)
                  00004b7c    0000004c                                   : fflush.c.obj (.text:__TI_doflush)
                  00004bc8    0000004c                                   : atoi.c.obj (.text:atoi)
                  00004c14    00000048                                   : exit.c.obj (.text:exit)
                  00004c5c    00000048                                   : fd_toi_t2.asm.obj (.text)
                  00004ca4    00000044                                   : hostclose.c.obj (.text:HOSTclose)
                  00004ce8    00000044                                   : hostunlink.c.obj (.text:HOSTunlink)
                  00004d2c    00000044                                   : autoinit.c.obj (.text:__TI_auto_init_nobinit_nopinit:__TI_auto_init_nobinit_nopinit)
                  00004d70    00000044                                   : getdevice.c.obj (.text:getdevice)
                  00004db4    00000044                                   : fd_tou_t2.asm.obj (.text)
                  00004df8    00000040                                   : sprintf.c.obj (.text:sprintf)
                  00004e38    00000040                                   : vsnprintf.c.obj (.text:vsnprintf)
                  00004e78    0000003e                                   : _printfi.c.obj (.text:_fcpy)
                  00004eb6    00000002     --HOLE-- [fill = 0]
                  00004eb8    00000038                                   : trgmsg.c.obj (.text:__TI_writemsg)
                  00004ef0    00000038                                   : memory.c.obj (.text:calloc)
                  00004f28    00000038                                   : fs_tod_t2.asm.obj (.text)
                  00004f60    00000036                                   : strncpy.c.obj (.text:strncpy)
                  00004f96    00000002     --HOLE-- [fill = 0]
                  00004f98    00000034     driverlib.lib : interrupt.obj (.text:IntRegister)
                  00004fcc    00000034     rtsv7M4_T_le_v4SPD16_eabi.lib : fopen.c.obj (.text:__TI_cleanup)
                  00005000    00000034                                   : trgmsg.c.obj (.text:__TI_readmsg)
                  00005034    00000034                                   : boot_cortex_m.c.obj (.text:_c_int00_noargs:_c_int00_noargs)
                  00005068    00000030                                   : vsnprintf.c.obj (.text:_outs)
                  00005098    00000030                                   : getdevice.c.obj (.text:finddevice)
                  000050c8    0000002e                                   : i_tofd_t2.asm.obj (.text)
                  000050f6    00000002     --HOLE-- [fill = 0]
                  000050f8    0000002c                                   : unlink.c.obj (.text:unlink)
                  00005124    00000028                                   : memory.c.obj (.text:free_list_insert)
                  0000514c    00000028                                   : lseek.c.obj (.text:lseek)
                  00005174    00000028                                   : write.c.obj (.text:write)
                  0000519c    00000020                                   : memchr.c.obj (.text:memchr)
                  000051bc    00000020                                   : u_tofd_t2.asm.obj (.text)
                  000051dc    0000001c                                   : memory.c.obj (.text:free_list_remove)
                  000051f8    0000001c                                   : memccpy.c.obj (.text:memccpy)
                  00005214    0000001a                                   : s_copysign.c.obj (.text:copysign)
                  0000522e    00000018                                   : vsnprintf.c.obj (.text:_outc)
                  00005246    00000018                                   : sprintf.c.obj (.text:_outs)
                  0000525e    00000018     open_interface.obj (.text:oi_parseInt)
                  00005276    00000018     rtsv7M4_T_le_v4SPD16_eabi.lib : strcmp.c.obj (.text:strcmp)
                  0000528e    00000016                                   : strchr.c.obj (.text:strchr)
                  000052a4    00000014                                   : strcpy.c.obj (.text:strcpy)
                  000052b8    00000014                                   : strlen.c.obj (.text:strlen)
                  000052cc    00000012                                   : wcslen.c.obj (.text:wcslen)
                  000052de    00000010     driverlib.lib : interrupt.obj (.text:IntMasterEnable)
                  000052ee    00000010     lcd.obj (.text:lcd_clear)
                  000052fe    0000000e     rtsv7M4_T_le_v4SPD16_eabi.lib : copy_decompress_none.c.obj (.text:decompress:none:__TI_decompress_none)
                  0000530c    0000000c     driverlib.lib : cpu.obj (.text:CPUcpsie)
                  00005318    0000000c     rtsv7M4_T_le_v4SPD16_eabi.lib : copy_zero_init.c.obj (.text:decompress:ZI:__TI_zero_init)
                  00005324    0000000c     tm4c123gh6pm_startup_ccs.obj (.text)
                  00005330    0000000a     rtsv7M4_T_le_v4SPD16_eabi.lib : sprintf.c.obj (.text:_outc)
                  0000533a    00000002     --HOLE-- [fill = 0]
                  0000533c    00000008                                   : errno.c.obj (.text:__aeabi_errno_addr)
                  00005344    00000008                                   : memory.c.obj (.text:malloc)
                  0000534c    00000004                                   : printf.c.obj (.text:_outc)
                  00005350    00000004                                   : printf.c.obj (.text:_outs)
                  00005354    00000004                                   : pre_init.c.obj (.text:_system_pre_init)
                  00005358    00000004                                   : exit.c.obj (.text:abort:abort)

.const     0    0000535c    00000118     
                  0000535c    00000101     rtsv7M4_T_le_v4SPD16_eabi.lib : ctype.c.obj (.const:.string:_ctypes_)
                  0000545d    0000000f     open_interface.obj (.const:.string:$P$T0$3)
                  0000546c    00000004     lcd.obj (.const:.string:lineAddress$1)
                  00005470    00000004     lcd.obj (.const:.string:lineAddresses$2)

.cinit     0    00005478    000001f8     
                  00005478    000001bf     (.cinit..data.load) [load image, compression = lzss]
                  00005637    00000001     --HOLE-- [fill = 0]
                  00005638    0000000c     (__TI_handler_table)
                  00005644    00000004     --HOLE-- [fill = 0]
                  00005648    00000008     (.cinit..bss.load) [load image, compression = zero_init]
                  00005650    00000008     (.cinit..vtable.load) [load image, compression = zero_init]
                  00005658    00000018     (__TI_cinit_table)

.init_array 
*          0    00000000    00000000     UNINITIALIZED

.vtable    0    20000000    0000026c     UNINITIALIZED
                  20000000    0000026c     driverlib.lib : interrupt.obj (.vtable)

.stack     0    20000270    00000800     UNINITIALIZED
                  20000270    00000004     rtsv7M4_T_le_v4SPD16_eabi.lib : boot_cortex_m.c.obj (.stack)
                  20000274    000007fc     --HOLE--

.sysmem    0    20000a70    00000400     UNINITIALIZED
                  20000a70    00000010     rtsv7M4_T_le_v4SPD16_eabi.lib : memory.c.obj (.sysmem)
                  20000a80    000003f0     --HOLE--

.data      0    20000e70    0000037d     UNINITIALIZED
                  20000e70    0000016c     main.obj (.data:scan)
                  20000fdc    000000f0     rtsv7M4_T_le_v4SPD16_eabi.lib : defs.c.obj (.data:_ftable)
                  200010cc    00000078                                   : host_device.c.obj (.data:_device)
                  20001144    00000050                                   : host_device.c.obj (.data:_stream)
                  20001194    00000020     open_interface.obj (.data)
                  200011b4    00000010     rtsv7M4_T_le_v4SPD16_eabi.lib : defs.c.obj (.data)
                  200011c4    0000000c                                   : exit.c.obj (.data:$O1$$)
                  200011d0    00000008                                   : _lock.c.obj (.data:$O1$$)
                  200011d8    00000008                                   : memory.c.obj (.data:$O1$$)
                  200011e0    00000004     libcybotScan.lib : cyBot_Scan.obj (.data)
                  200011e4    00000004     libcybotUART.lib : uart.obj (.data)
                  200011e8    00000004     rtsv7M4_T_le_v4SPD16_eabi.lib : errno.c.obj (.data)
                  200011ec    00000001     Timer.obj (.data)

.bss       0    200011f0    00000285     UNINITIALIZED
                  200011f0    00000120     rtsv7M4_T_le_v4SPD16_eabi.lib : trgmsg.c.obj (.bss:_CIOBUF_)
                  20001310    000000a0     (.common:__TI_tmpnams)
                  200013b0    00000054     lcd.obj (.bss:lastbuffer$3)
                  20001404    00000034     (.common:isr_char_buffer)
                  20001438    00000018     open_interface.obj (.bss:firmware$2)
                  20001450    00000008     (.common:parmbuf)
                  20001458    00000004     (.common:_timeout_ticks)
                  2000145c    00000004     (.common:fallingEdge)
                  20001460    00000004     (.common:isr_int_value)
                  20001464    00000004     (.common:left_calibration_value)
                  20001468    00000004     (.common:pulseLength)
                  2000146c    00000004     (.common:right_calibration_value)
                  20001470    00000004     (.common:risingEdge)
                  20001474    00000001     (.common:isRisingEdge)

__llvm_prf_cnts 
*          0    20000000    00000000     UNINITIALIZED

MODULE SUMMARY

       Module                         code    ro data   rw data
       ------                         ----    -------   -------
    .\
       open_interface.obj             3128    15        56     
       main.obj                       1824    0         372    
       lcd.obj                        824     8         84     
       movement.obj                   692     0         0      
       tm4c123gh6pm_startup_ccs.obj   12      620       0      
       Timer.obj                      584     0         5      
    +--+------------------------------+-------+---------+---------+
       Total:                         7064    643       517    
                                                               
    ../libcybotScan.lib
       cyBot_Scan.obj                 608     0         4      
       ping.obj                       492     0         13     
       servo.obj                      344     0         0      
       ir.obj                         280     0         4      
    +--+------------------------------+-------+---------+---------+
       Total:                         1724    0         21     
                                                               
    ../libcybotUART.lib
       uart.obj                       348     0         56     
    +--+------------------------------+-------+---------+---------+
       Total:                         348     0         56     
                                                               
    C:/ti/TivaWare_C_Series-2.2.0.295/driverlib/ccs/Debug/driverlib.lib
       interrupt.obj                  68      0         620    
       cpu.obj                        12      0         0      
    +--+------------------------------+-------+---------+---------+
       Total:                         80      0         620    
                                                               
    C:\ti\ccs1271\ccs\tools\compiler\ti-cgt-arm_20.2.7.LTS\lib\rtsv7M4_T_le_v4SPD16_eabi.lib
       _printfi.c.obj                 4851    0         0      
       memory.c.obj                   956     0         8      
       fd_add_t2.asm.obj              438     0         0      
       defs.c.obj                     0       0         416    
       trgmsg.c.obj                   108     0         288    
       fd_div_t2.asm.obj              310     0         0      
       fputs.c.obj                    276     0         0      
       s_scalbn.c.obj                 272     0         0      
       fd_cmp_t2.asm.obj              268     0         0      
       ctype.c.obj                    0       257       0      
       fd_mul_t2.asm.obj              252     0         0      
       setvbuf.c.obj                  220     0         0      
       host_device.c.obj              0       0         200    
       memcpy_t2.asm.obj              156     0         0      
       ull_div_t2.asm.obj             150     0         0      
       fputc.c.obj                    140     0         0      
       vsnprintf.c.obj                136     0         0      
       memset_t2.asm.obj              122     0         0      
       fclose.c.obj                   116     0         0      
       getdevice.c.obj                116     0         0      
       printf.c.obj                   112     0         0      
       fd_tos_t2.asm.obj              110     0         0      
       hostrename.c.obj               108     0         0      
       copy_decompress_lzss.c.obj     104     0         0      
       hostlseek.c.obj                104     0         0      
       hostopen.c.obj                 96      0         8      
       fseek.c.obj                    100     0         0      
       s_frexp.c.obj                  100     0         0      
       _io_perm.c.obj                 98      0         0      
       sprintf.c.obj                  98      0         0      
       close.c.obj                    92      0         0      
       exit.c.obj                     76      0         12     
       hostread.c.obj                 88      0         0      
       hostwrite.c.obj                88      0         0      
       _ltoa.c.obj                    84      0         0      
       atoi.c.obj                     76      0         0      
       fflush.c.obj                   76      0         0      
       fd_toi_t2.asm.obj              72      0         0      
       autoinit.c.obj                 68      0         0      
       fd_tou_t2.asm.obj              68      0         0      
       hostclose.c.obj                68      0         0      
       hostunlink.c.obj               68      0         0      
       fs_tod_t2.asm.obj              56      0         0      
       strncpy.c.obj                  54      0         0      
       boot_cortex_m.c.obj            52      0         0      
       fopen.c.obj                    52      0         0      
       i_tofd_t2.asm.obj              46      0         0      
       unlink.c.obj                   44      0         0      
       lseek.c.obj                    40      0         0      
       write.c.obj                    40      0         0      
       memchr.c.obj                   32      0         0      
       u_tofd_t2.asm.obj              32      0         0      
       memccpy.c.obj                  28      0         0      
       s_copysign.c.obj               26      0         0      
       strcmp.c.obj                   24      0         0      
       strchr.c.obj                   22      0         0      
       strcpy.c.obj                   20      0         0      
       strlen.c.obj                   20      0         0      
       wcslen.c.obj                   18      0         0      
       copy_decompress_none.c.obj     14      0         0      
       copy_zero_init.c.obj           12      0         0      
       errno.c.obj                    8       0         4      
       _lock.c.obj                    2       0         8      
       pre_init.c.obj                 4       0         0      
       div0.asm.obj                   2       0         0      
    +--+------------------------------+-------+---------+---------+
       Total:                         11489   257       944    
                                                               
       Heap:                          0       0         1024   
       Stack:                         0       0         2048   
       Linker Generated:              0       499       0      
    +--+------------------------------+-------+---------+---------+
       Grand Total:                   20705   1399      5230   


LINKER GENERATED COPY TABLES

__TI_cinit_table @ 00005658 records: 3, size/record: 8, table size: 24
	.data: load addr=00005478, load size=000001bf bytes, run addr=20000e70, run size=0000037d bytes, compression=lzss
	.bss: load addr=00005648, load size=00000008 bytes, run addr=200011f0, run size=00000285 bytes, compression=zero_init
	.vtable: load addr=00005650, load size=00000008 bytes, run addr=20000000, run size=0000026c bytes, compression=zero_init


LINKER GENERATED HANDLER TABLE

__TI_handler_table @ 00005638 records: 3, size/record: 4, table size: 12
	index: 0, handler: __TI_zero_init
	index: 1, handler: __TI_decompress_lzss
	index: 2, handler: __TI_decompress_none


GLOBAL SYMBOLS: SORTED ALPHABETICALLY BY Name 

address   name                           
-------   ----                           
00003949  ADC0SS0_Handler                
00005359  C$$EXIT                        
00004ee7  C$$IO$$                        
0000530d  CPUcpsie                       
00000bc3  GPIOF_Handler                  
00004ca5  HOSTclose                      
000046b1  HOSTlseek                      
00004915  HOSTopen                       
000049d1  HOSTread                       
00004645  HOSTrename                     
00004ce9  HOSTunlink                     
00004a29  HOSTwrite                      
000052df  IntMasterEnable                
00004f99  IntRegister                    
00005325  ResetISR                       
00002de1  TIMER3B_Handler                
200011f0  __CIOBUF_                      
20000a70  __STACK_END                    
00000800  __STACK_SIZE                   
20000470  __STACK_TOP                    
00000400  __SYSMEM_SIZE                  
00005658  __TI_CINIT_Base                
00005670  __TI_CINIT_Limit               
00005638  __TI_Handler_Table_Base        
00005644  __TI_Handler_Table_Limit       
00004d2d  __TI_auto_init_nobinit_nopinit 
00004fcd  __TI_cleanup                   
200011c4  __TI_cleanup_ptr               
00004485  __TI_closefile                 
00004719  __TI_decompress_lzss           
000052ff  __TI_decompress_none           
00004b7d  __TI_doflush                   
200011c8  __TI_dtors_ptr                 
200011cc  __TI_enable_exit_profile_output
200011b4  __TI_ft_end                    
00004ad7  __TI_ltoa                      
ffffffff  __TI_pprof_out_hndl            
00000e8d  __TI_printfi                   
ffffffff  __TI_prof_data_size            
ffffffff  __TI_prof_data_start           
00005001  __TI_readmsg                   
00000000  __TI_static_base__             
20001310  __TI_tmpnams                   
00004eb9  __TI_writemsg                  
000048b1  __TI_wrt_ok                    
00005319  __TI_zero_init                 
000042fd  __aeabi_cdcmpeq                
000042fd  __aeabi_cdcmple                
00004383  __aeabi_cdrcmple               
000045d7  __aeabi_d2f                    
00004c5d  __aeabi_d2iz                   
00004db5  __aeabi_d2uiz                  
000030b7  __aeabi_dadd                   
00003655  __aeabi_ddiv                   
00003ced  __aeabi_dmul                   
000030ad  __aeabi_dsub                   
0000533d  __aeabi_errno_addr             
00004f29  __aeabi_f2d                    
000050c9  __aeabi_i2d                    
00003263  __aeabi_idiv0                  
00003263  __aeabi_ldiv0                  
00004409  __aeabi_memclr                 
00004409  __aeabi_memclr4                
00004409  __aeabi_memclr8                
0000413f  __aeabi_memcpy                 
0000413f  __aeabi_memcpy4                
0000413f  __aeabi_memcpy8                
0000440b  __aeabi_memset                 
0000440b  __aeabi_memset4                
0000440b  __aeabi_memset8                
200011c0  __aeabi_stderr                 
200011b8  __aeabi_stdin                  
200011bc  __aeabi_stdout                 
000051bd  __aeabi_ui2d                   
000041db  __aeabi_uldivmod               
ffffffff  __binit__                      
ffffffff  __c_args__                     
UNDEFED   __mpu_init                     
20000270  __stack                        
20000000  __start___llvm_prf_cnts        
20000000  __stop___llvm_prf_cnts         
00005035  _c_int00_noargs                
0000535c  _ctypes_                       
200010cc  _device                        
20000fdc  _ftable                        
200011d0  _lock                          
000018db  _nop                           
200011ec  _running                       
20001144  _stream                        
20000a70  _sys_memory                    
UNDEFED   _system_post_cinit             
00005355  _system_pre_init               
20001458  _timeout_ticks                 
200011d4  _unlock                        
00005359  abort                          
00003bed  aligned_alloc                  
00004bc9  atoi                           
ffffffff  binit                          
000019b9  calibrate                      
00004ef1  calloc                         
00004975  close                          
00005215  copysign                       
00005215  copysignl                      
00001cc5  count                          
00001e49  countObjects                   
00002921  cyBOT_SERVO_cal                
000028af  cyBOT_Scan                     
00002857  cyBOT_init_Scan                
200011e0  cyBOT_scan_features            
00002849  cyBOT_scan_version             
0000336d  cyBot_UART1_Handler            
00003353  cyBot_getByte                  
00003265  cyBot_sendByte                 
00003335  cyBot_uart_flush               
000032a3  cyBot_uart_init                
0000328b  cyBot_uart_sendBuffer          
00003271  cyBot_uart_sendStr             
200011e8  errno                          
00004c15  exit                           
00001bf1  face_smallest_object           
2000145c  fallingEdge                    
00005099  finddevice                     
00004271  fputc                          
000039c9  fputs                          
00003de9  free                           
000047e9  frexp                          
000047e9  frexpl                         
0000484d  fseek                          
20000000  g_pfnRAMVectors                
00000000  g_pfnVectors                   
00004d71  getdevice                      
0000097f  go_charge                      
0000395f  ir_enableInterrupt             
00003941  ir_getDistance                 
00003919  ir_getValue                    
000038b1  ir_init                        
20001474  isRisingEdge                   
20001404  isr_char_buffer                
200011e4  isr_counter                    
20001460  isr_int_value                  
000052ef  lcd_clear                      
000021d1  lcd_gotoLine                   
00002039  lcd_init                       
00002237  lcd_printf                     
000020f9  lcd_putc                       
00002131  lcd_puts                       
00001ffd  lcd_reverseNibble              
0000214f  lcd_sendCommand                
0000218d  lcd_sendNibble                 
000021f9  lcd_setCursorPos               
00003add  ldexp                          
00003add  ldexpl                         
20001464  left_calibration_value         
0000514d  lseek                          
00001915  main                           
00005345  malloc                         
00003bed  memalign                       
000051f9  memccpy                        
0000519d  memchr                         
0000413f  memcpy                         
00004411  memset                         
20001194  motor_cal_factor_L             
20001198  motor_cal_factor_R             
00002325  move_forward_with_bump         
00002401  move_straight_forward          
0000026d  oi_alloc                       
00000aa9  oi_checkFirmware               
000002c7  oi_close                       
00000279  oi_free                        
00000ded  oi_getMotorCalibrationLeft     
00000e01  oi_getMotorCalibrationRight    
000002b1  oi_init                        
00000289  oi_init_noupdate               
00000915  oi_loadSong                    
0000525f  oi_parseInt                    
0000032b  oi_parsePacket                 
0000096b  oi_play_song                   
0000084b  oi_setLeds                     
00000db1  oi_setMotorCalibration         
0000088f  oi_setWheels                   
00000b51  oi_shutoff_init                
0000098d  oi_uartInit                    
00000a31  oi_uartReceive                 
00000a77  oi_uartSendBuff                
00000a15  oi_uartSendChar                
00000a59  oi_uartSendStr                 
000002d9  oi_update                      
20001450  parmbuf                        
000019d7  perform_scan                   
00002e33  ping_getDistance               
00002cf1  ping_init                      
00002d77  ping_trigger                   
000018dd  printString                    
00004781  printf                         
20001468  pulseLength                    
00004271  putc                           
00003ecd  realloc                        
000050f9  remove                         
2000146c  right_calibration_value        
20001470  risingEdge                     
00003add  scalbn                         
00003add  scalbnl                        
20000e70  scan                           
000033c1  servo_init                     
00003451  servo_move                     
000034b1  servo_setPWM                   
00003445  servo_stop                     
00003fb1  setvbuf                        
00004df9  sprintf                        
0000528f  strchr                         
00005277  strcmp                         
000052a5  strcpy                         
000052b9  strlen                         
00004f61  strncpy                        
00002bc7  timer_getMicros                
00002b6f  timer_getMillis                
00002aa9  timer_init                     
00002b4b  timer_pause                    
00002b5d  timer_resume                   
00002b21  timer_stop                     
00002c21  timer_waitMicros               
00002c53  timer_waitMillis               
0000251d  traverse                       
00002491  turn_clockwise                 
000050f9  unlink                         
00004e39  vsnprintf                      
000052cd  wcslen                         
00005175  write                          


GLOBAL SYMBOLS: SORTED BY Symbol Address 

address   name                           
-------   ----                           
00000000  __TI_static_base__             
00000000  g_pfnVectors                   
0000026d  oi_alloc                       
00000279  oi_free                        
00000289  oi_init_noupdate               
000002b1  oi_init                        
000002c7  oi_close                       
000002d9  oi_update                      
0000032b  oi_parsePacket                 
00000400  __SYSMEM_SIZE                  
00000800  __STACK_SIZE                   
0000084b  oi_setLeds                     
0000088f  oi_setWheels                   
00000915  oi_loadSong                    
0000096b  oi_play_song                   
0000097f  go_charge                      
0000098d  oi_uartInit                    
00000a15  oi_uartSendChar                
00000a31  oi_uartReceive                 
00000a59  oi_uartSendStr                 
00000a77  oi_uartSendBuff                
00000aa9  oi_checkFirmware               
00000b51  oi_shutoff_init                
00000bc3  GPIOF_Handler                  
00000db1  oi_setMotorCalibration         
00000ded  oi_getMotorCalibrationLeft     
00000e01  oi_getMotorCalibrationRight    
00000e8d  __TI_printfi                   
000018db  _nop                           
000018dd  printString                    
00001915  main                           
000019b9  calibrate                      
000019d7  perform_scan                   
00001bf1  face_smallest_object           
00001cc5  count                          
00001e49  countObjects                   
00001ffd  lcd_reverseNibble              
00002039  lcd_init                       
000020f9  lcd_putc                       
00002131  lcd_puts                       
0000214f  lcd_sendCommand                
0000218d  lcd_sendNibble                 
000021d1  lcd_gotoLine                   
000021f9  lcd_setCursorPos               
00002237  lcd_printf                     
00002325  move_forward_with_bump         
00002401  move_straight_forward          
00002491  turn_clockwise                 
0000251d  traverse                       
00002849  cyBOT_scan_version             
00002857  cyBOT_init_Scan                
000028af  cyBOT_Scan                     
00002921  cyBOT_SERVO_cal                
00002aa9  timer_init                     
00002b21  timer_stop                     
00002b4b  timer_pause                    
00002b5d  timer_resume                   
00002b6f  timer_getMillis                
00002bc7  timer_getMicros                
00002c21  timer_waitMicros               
00002c53  timer_waitMillis               
00002cf1  ping_init                      
00002d77  ping_trigger                   
00002de1  TIMER3B_Handler                
00002e33  ping_getDistance               
000030ad  __aeabi_dsub                   
000030b7  __aeabi_dadd                   
00003263  __aeabi_idiv0                  
00003263  __aeabi_ldiv0                  
00003265  cyBot_sendByte                 
00003271  cyBot_uart_sendStr             
0000328b  cyBot_uart_sendBuffer          
000032a3  cyBot_uart_init                
00003335  cyBot_uart_flush               
00003353  cyBot_getByte                  
0000336d  cyBot_UART1_Handler            
000033c1  servo_init                     
00003445  servo_stop                     
00003451  servo_move                     
000034b1  servo_setPWM                   
00003655  __aeabi_ddiv                   
000038b1  ir_init                        
00003919  ir_getValue                    
00003941  ir_getDistance                 
00003949  ADC0SS0_Handler                
0000395f  ir_enableInterrupt             
000039c9  fputs                          
00003add  ldexp                          
00003add  ldexpl                         
00003add  scalbn                         
00003add  scalbnl                        
00003bed  aligned_alloc                  
00003bed  memalign                       
00003ced  __aeabi_dmul                   
00003de9  free                           
00003ecd  realloc                        
00003fb1  setvbuf                        
0000413f  __aeabi_memcpy                 
0000413f  __aeabi_memcpy4                
0000413f  __aeabi_memcpy8                
0000413f  memcpy                         
000041db  __aeabi_uldivmod               
00004271  fputc                          
00004271  putc                           
000042fd  __aeabi_cdcmpeq                
000042fd  __aeabi_cdcmple                
00004383  __aeabi_cdrcmple               
00004409  __aeabi_memclr                 
00004409  __aeabi_memclr4                
00004409  __aeabi_memclr8                
0000440b  __aeabi_memset                 
0000440b  __aeabi_memset4                
0000440b  __aeabi_memset8                
00004411  memset                         
00004485  __TI_closefile                 
000045d7  __aeabi_d2f                    
00004645  HOSTrename                     
000046b1  HOSTlseek                      
00004719  __TI_decompress_lzss           
00004781  printf                         
000047e9  frexp                          
000047e9  frexpl                         
0000484d  fseek                          
000048b1  __TI_wrt_ok                    
00004915  HOSTopen                       
00004975  close                          
000049d1  HOSTread                       
00004a29  HOSTwrite                      
00004ad7  __TI_ltoa                      
00004b7d  __TI_doflush                   
00004bc9  atoi                           
00004c15  exit                           
00004c5d  __aeabi_d2iz                   
00004ca5  HOSTclose                      
00004ce9  HOSTunlink                     
00004d2d  __TI_auto_init_nobinit_nopinit 
00004d71  getdevice                      
00004db5  __aeabi_d2uiz                  
00004df9  sprintf                        
00004e39  vsnprintf                      
00004eb9  __TI_writemsg                  
00004ee7  C$$IO$$                        
00004ef1  calloc                         
00004f29  __aeabi_f2d                    
00004f61  strncpy                        
00004f99  IntRegister                    
00004fcd  __TI_cleanup                   
00005001  __TI_readmsg                   
00005035  _c_int00_noargs                
00005099  finddevice                     
000050c9  __aeabi_i2d                    
000050f9  remove                         
000050f9  unlink                         
0000514d  lseek                          
00005175  write                          
0000519d  memchr                         
000051bd  __aeabi_ui2d                   
000051f9  memccpy                        
00005215  copysign                       
00005215  copysignl                      
0000525f  oi_parseInt                    
00005277  strcmp                         
0000528f  strchr                         
000052a5  strcpy                         
000052b9  strlen                         
000052cd  wcslen                         
000052df  IntMasterEnable                
000052ef  lcd_clear                      
000052ff  __TI_decompress_none           
0000530d  CPUcpsie                       
00005319  __TI_zero_init                 
00005325  ResetISR                       
0000533d  __aeabi_errno_addr             
00005345  malloc                         
00005355  _system_pre_init               
00005359  C$$EXIT                        
00005359  abort                          
0000535c  _ctypes_                       
00005638  __TI_Handler_Table_Base        
00005644  __TI_Handler_Table_Limit       
00005658  __TI_CINIT_Base                
00005670  __TI_CINIT_Limit               
20000000  __start___llvm_prf_cnts        
20000000  __stop___llvm_prf_cnts         
20000000  g_pfnRAMVectors                
20000270  __stack                        
20000470  __STACK_TOP                    
20000a70  __STACK_END                    
20000a70  _sys_memory                    
20000e70  scan                           
20000fdc  _ftable                        
200010cc  _device                        
20001144  _stream                        
20001194  motor_cal_factor_L             
20001198  motor_cal_factor_R             
200011b4  __TI_ft_end                    
200011b8  __aeabi_stdin                  
200011bc  __aeabi_stdout                 
200011c0  __aeabi_stderr                 
200011c4  __TI_cleanup_ptr               
200011c8  __TI_dtors_ptr                 
200011cc  __TI_enable_exit_profile_output
200011d0  _lock                          
200011d4  _unlock                        
200011e0  cyBOT_scan_features            
200011e4  isr_counter                    
200011e8  errno                          
200011ec  _running                       
200011f0  __CIOBUF_                      
20001310  __TI_tmpnams                   
20001404  isr_char_buffer                
20001450  parmbuf                        
20001458  _timeout_ticks                 
2000145c  fallingEdge                    
20001460  isr_int_value                  
20001464  left_calibration_value         
20001468  pulseLength                    
2000146c  right_calibration_value        
20001470  risingEdge                     
20001474  isRisingEdge                   
ffffffff  __TI_pprof_out_hndl            
ffffffff  __TI_prof_data_size            
ffffffff  __TI_prof_data_start           
ffffffff  __binit__                      
ffffffff  __c_args__                     
ffffffff  binit                          
UNDEFED   __mpu_init                     
UNDEFED   _system_post_cinit             

[228 symbols]
